2025-12-18T19:32:36.0642494Z Current runner version: '2.330.0'
2025-12-18T19:32:36.0667557Z ##[group]Runner Image Provisioner
2025-12-18T19:32:36.0668382Z Hosted Compute Agent
2025-12-18T19:32:36.0668882Z Version: 20251211.462
2025-12-18T19:32:36.0669600Z Commit: 6cbad8c2bb55d58165063d031ccabf57e2d2db61
2025-12-18T19:32:36.0670245Z Build Date: 2025-12-11T16:28:49Z
2025-12-18T19:32:36.0670895Z Worker ID: {957a6ca2-a5ec-4144-92cf-aadbb7f097b6}
2025-12-18T19:32:36.0671654Z ##[endgroup]
2025-12-18T19:32:36.0672185Z ##[group]Operating System
2025-12-18T19:32:36.0672702Z Ubuntu
2025-12-18T19:32:36.0673224Z 24.04.3
2025-12-18T19:32:36.0673680Z LTS
2025-12-18T19:32:36.0674094Z ##[endgroup]
2025-12-18T19:32:36.0674665Z ##[group]Runner Image
2025-12-18T19:32:36.0675167Z Image: ubuntu-24.04
2025-12-18T19:32:36.0675672Z Version: 20251215.174.1
2025-12-18T19:32:36.0676671Z Included Software: https://github.com/actions/runner-images/blob/ubuntu24/20251215.174/images/ubuntu/Ubuntu2404-Readme.md
2025-12-18T19:32:36.0678513Z Image Release: https://github.com/actions/runner-images/releases/tag/ubuntu24%2F20251215.174
2025-12-18T19:32:36.0679569Z ##[endgroup]
2025-12-18T19:32:36.0680619Z ##[group]GITHUB_TOKEN Permissions
2025-12-18T19:32:36.0682729Z Contents: read
2025-12-18T19:32:36.0683289Z Metadata: read
2025-12-18T19:32:36.0683797Z Packages: read
2025-12-18T19:32:36.0684364Z ##[endgroup]
2025-12-18T19:32:36.0686356Z Secret source: Actions
2025-12-18T19:32:36.0687335Z Prepare workflow directory
2025-12-18T19:32:36.1124001Z Prepare all required actions
2025-12-18T19:32:36.1179745Z Getting action download info
2025-12-18T19:32:36.4732976Z Download action repository 'actions/checkout@v4' (SHA:34e114876b0b11c390a56381ad16ebd13914f8d5)
2025-12-18T19:32:36.5662045Z Download action repository 'actions/setup-java@v4' (SHA:c1e323688fd81a25caa38c78aa6df2d33d3e20d9)
2025-12-18T19:32:37.5079252Z Download action repository 'actions/upload-artifact@v4' (SHA:ea165f8d65b6e75b540449e92b4886f43607fa02)
2025-12-18T19:32:38.5148764Z Complete job name: build
2025-12-18T19:32:38.6010855Z ##[group]Run actions/checkout@v4
2025-12-18T19:32:38.6012159Z with:
2025-12-18T19:32:38.6012933Z   repository: Vishalsnw/BP_Tracker
2025-12-18T19:32:38.6014211Z   token: ***
2025-12-18T19:32:38.6014947Z   ssh-strict: true
2025-12-18T19:32:38.6015717Z   ssh-user: git
2025-12-18T19:32:38.6016514Z   persist-credentials: true
2025-12-18T19:32:38.6017675Z   clean: true
2025-12-18T19:32:38.6018489Z   sparse-checkout-cone-mode: true
2025-12-18T19:32:38.6019469Z   fetch-depth: 1
2025-12-18T19:32:38.6020238Z   fetch-tags: false
2025-12-18T19:32:38.6021046Z   show-progress: true
2025-12-18T19:32:38.6021855Z   lfs: false
2025-12-18T19:32:38.6022576Z   submodules: false
2025-12-18T19:32:38.6023368Z   set-safe-directory: true
2025-12-18T19:32:38.6024631Z ##[endgroup]
2025-12-18T19:32:38.7170000Z Syncing repository: Vishalsnw/BP_Tracker
2025-12-18T19:32:38.7172777Z ##[group]Getting Git version info
2025-12-18T19:32:38.7174124Z Working directory is '/home/runner/work/BP_Tracker/BP_Tracker'
2025-12-18T19:32:38.7176179Z [command]/usr/bin/git version
2025-12-18T19:32:38.7228135Z git version 2.52.0
2025-12-18T19:32:38.7256442Z ##[endgroup]
2025-12-18T19:32:38.7274001Z Temporarily overriding HOME='/home/runner/work/_temp/efd1f71c-bf5b-4cda-bc57-4f7c2e356154' before making global git config changes
2025-12-18T19:32:38.7278754Z Adding repository directory to the temporary git global config as a safe directory
2025-12-18T19:32:38.7288919Z [command]/usr/bin/git config --global --add safe.directory /home/runner/work/BP_Tracker/BP_Tracker
2025-12-18T19:32:38.7335493Z Deleting the contents of '/home/runner/work/BP_Tracker/BP_Tracker'
2025-12-18T19:32:38.7339797Z ##[group]Initializing the repository
2025-12-18T19:32:38.7345067Z [command]/usr/bin/git init /home/runner/work/BP_Tracker/BP_Tracker
2025-12-18T19:32:38.7458938Z hint: Using 'master' as the name for the initial branch. This default branch name
2025-12-18T19:32:38.7461446Z hint: will change to "main" in Git 3.0. To configure the initial branch name
2025-12-18T19:32:38.7464326Z hint: to use in all of your new repositories, which will suppress this warning,
2025-12-18T19:32:38.7466648Z hint: call:
2025-12-18T19:32:38.7468039Z hint:
2025-12-18T19:32:38.7469817Z hint: 	git config --global init.defaultBranch <name>
2025-12-18T19:32:38.7471666Z hint:
2025-12-18T19:32:38.7473374Z hint: Names commonly chosen instead of 'master' are 'main', 'trunk' and
2025-12-18T19:32:38.7476408Z hint: 'development'. The just-created branch can be renamed via this command:
2025-12-18T19:32:38.7478944Z hint:
2025-12-18T19:32:38.7480076Z hint: 	git branch -m <name>
2025-12-18T19:32:38.7481420Z hint:
2025-12-18T19:32:38.7483224Z hint: Disable this message with "git config set advice.defaultBranchName false"
2025-12-18T19:32:38.7485546Z Initialized empty Git repository in /home/runner/work/BP_Tracker/BP_Tracker/.git/
2025-12-18T19:32:38.7488945Z [command]/usr/bin/git remote add origin https://github.com/Vishalsnw/BP_Tracker
2025-12-18T19:32:38.7519094Z ##[endgroup]
2025-12-18T19:32:38.7521407Z ##[group]Disabling automatic garbage collection
2025-12-18T19:32:38.7523533Z [command]/usr/bin/git config --local gc.auto 0
2025-12-18T19:32:38.7554712Z ##[endgroup]
2025-12-18T19:32:38.7556838Z ##[group]Setting up auth
2025-12-18T19:32:38.7562884Z [command]/usr/bin/git config --local --name-only --get-regexp core\.sshCommand
2025-12-18T19:32:38.7596370Z [command]/usr/bin/git submodule foreach --recursive sh -c "git config --local --name-only --get-regexp 'core\.sshCommand' && git config --local --unset-all 'core.sshCommand' || :"
2025-12-18T19:32:38.7977703Z [command]/usr/bin/git config --local --name-only --get-regexp http\.https\:\/\/github\.com\/\.extraheader
2025-12-18T19:32:38.8013221Z [command]/usr/bin/git submodule foreach --recursive sh -c "git config --local --name-only --get-regexp 'http\.https\:\/\/github\.com\/\.extraheader' && git config --local --unset-all 'http.https://github.com/.extraheader' || :"
2025-12-18T19:32:38.8238599Z [command]/usr/bin/git config --local --name-only --get-regexp ^includeIf\.gitdir:
2025-12-18T19:32:38.8271132Z [command]/usr/bin/git submodule foreach --recursive git config --local --show-origin --name-only --get-regexp remote.origin.url
2025-12-18T19:32:38.8505106Z [command]/usr/bin/git config --local http.https://github.com/.extraheader AUTHORIZATION: basic ***
2025-12-18T19:32:38.8541570Z ##[endgroup]
2025-12-18T19:32:38.8543897Z ##[group]Fetching the repository
2025-12-18T19:32:38.8552779Z [command]/usr/bin/git -c protocol.version=2 fetch --no-tags --prune --no-recurse-submodules --depth=1 origin +7c5fe1f1cfa989221460efa954dddba6b8abbffd:refs/remotes/origin/main
2025-12-18T19:32:39.3442793Z From https://github.com/Vishalsnw/BP_Tracker
2025-12-18T19:32:39.3443455Z  * [new ref]         7c5fe1f1cfa989221460efa954dddba6b8abbffd -> origin/main
2025-12-18T19:32:39.3474716Z ##[endgroup]
2025-12-18T19:32:39.3475537Z ##[group]Determining the checkout info
2025-12-18T19:32:39.3477764Z ##[endgroup]
2025-12-18T19:32:39.3483117Z [command]/usr/bin/git sparse-checkout disable
2025-12-18T19:32:39.3525240Z [command]/usr/bin/git config --local --unset-all extensions.worktreeConfig
2025-12-18T19:32:39.3549820Z ##[group]Checking out the ref
2025-12-18T19:32:39.3555168Z [command]/usr/bin/git checkout --progress --force -B main refs/remotes/origin/main
2025-12-18T19:32:39.3755357Z Switched to a new branch 'main'
2025-12-18T19:32:39.3756035Z branch 'main' set up to track 'origin/main'.
2025-12-18T19:32:39.3764573Z ##[endgroup]
2025-12-18T19:32:39.3802756Z [command]/usr/bin/git log -1 --format=%H
2025-12-18T19:32:39.3825199Z 7c5fe1f1cfa989221460efa954dddba6b8abbffd
2025-12-18T19:32:39.4078845Z ##[group]Run actions/setup-java@v4
2025-12-18T19:32:39.4079166Z with:
2025-12-18T19:32:39.4079382Z   java-version: 17
2025-12-18T19:32:39.4079616Z   distribution: temurin
2025-12-18T19:32:39.4079851Z   cache: gradle
2025-12-18T19:32:39.4080064Z   java-package: jdk
2025-12-18T19:32:39.4080294Z   check-latest: false
2025-12-18T19:32:39.4080517Z   server-id: github
2025-12-18T19:32:39.4080745Z   server-username: GITHUB_ACTOR
2025-12-18T19:32:39.4081230Z   server-password: GITHUB_TOKEN
2025-12-18T19:32:39.4081493Z   overwrite-settings: true
2025-12-18T19:32:39.4081739Z   job-status: success
2025-12-18T19:32:39.4082115Z   token: ***
2025-12-18T19:32:39.4082337Z ##[endgroup]
2025-12-18T19:32:39.6168312Z ##[group]Installed distributions
2025-12-18T19:32:39.6244251Z Resolved Java 17.0.17+10 from tool-cache
2025-12-18T19:32:39.6245162Z Setting Java 17.0.17+10 as the default
2025-12-18T19:32:39.6258643Z Creating toolchains.xml for JDK version 17 from temurin
2025-12-18T19:32:39.6336245Z Writing to /home/runner/.m2/toolchains.xml
2025-12-18T19:32:39.6336678Z 
2025-12-18T19:32:39.6336855Z Java configuration:
2025-12-18T19:32:39.6338489Z   Distribution: temurin
2025-12-18T19:32:39.6338978Z   Version: 17.0.17+10
2025-12-18T19:32:39.6339678Z   Path: /opt/hostedtoolcache/Java_Temurin-Hotspot_jdk/17.0.17-10/x64
2025-12-18T19:32:39.6340228Z 
2025-12-18T19:32:39.6341050Z ##[endgroup]
2025-12-18T19:32:39.6358523Z Creating settings.xml with server-id: github
2025-12-18T19:32:39.6362689Z Writing to /home/runner/.m2/settings.xml
2025-12-18T19:32:39.8794227Z gradle cache is not found
2025-12-18T19:32:39.8868266Z ##[group]Run chmod +x gradlew
2025-12-18T19:32:39.8868596Z [36;1mchmod +x gradlew[0m
2025-12-18T19:32:39.8905187Z shell: /usr/bin/bash -e {0}
2025-12-18T19:32:39.8905433Z env:
2025-12-18T19:32:39.8905737Z   JAVA_HOME: /opt/hostedtoolcache/Java_Temurin-Hotspot_jdk/17.0.17-10/x64
2025-12-18T19:32:39.8906229Z   JAVA_HOME_17_X64: /opt/hostedtoolcache/Java_Temurin-Hotspot_jdk/17.0.17-10/x64
2025-12-18T19:32:39.8906569Z ##[endgroup]
2025-12-18T19:32:39.9035056Z ##[group]Run echo "MIIKugIBAzCCCmQGCSqGSIb3DQEHAaCCClUEggpRMIIKTTCCBbQGCSqGSIb3DQEHAaCCBaUEggWhMIIFnTCCBZkGCyqGSIb3DQEMCgECoIIFQDCCBTwwZgYJKoZIhvcNAQUNMFkwOAYJKoZIhvcNAQUMMCsEFFkDvVyOy7KmtzbLZZqd0OguEWy+AgInEAIBIDAMBggqhkiG9w0CCQUAMB0GCWCGSAFlAwQBKgQQDzOVgSdu7y1sRUqymEmCuwSCBNBT1NGLZuJgLSKDkk+gtoU5iOUXyKDH3f1/4LgMrRh9eVM4gp5QS7+74tRu0VXQrOu6xIyoFIlw5x8GjtPpuYqYsvmg1GFT3/myUXTVGoIW05LXnn+eZvHVYPsbpp6VQ4mq+fJK5h39k9JtZIhwlfafnmue2DuSiAdlD9ywiRXQXeBrimHD5j6M0PPfIAw3k7Q6YfaOXupV/bx7Nji9a4jZHjDkiU1TaRmx2oVFojFeir69lTjvLYPtrVfFvhK90qZfLU5hGgm2zJozbqWlc++P47vbri5FJjIzwglTT/AIjgzqixHTQdg6x7oib1gBhrVzstDqpArpzAlheg4yA7g3CC2mijZkLBzyvyGqgRZMKxxSpNiV7tybtC3nEDDMAMjvTNke8c1TbqbXHUUS9pfznThjmL/qmXJou7y8Vjpfe7sjlpUAbuBIfOIPdg8/Yemzj2aXudrIYy4cCuZWRKYXSDmHYowKFFzJmFmRTI1uXX7btsFAQG9MsRXmpRln+tKhadnDo4uIbT2VonhaVYAmRlucx4I0NgCQWPwyAU8AP64KyaOocZpqVy6Lpbjdw2Wj/pd3BJyc1UexpFIs/gdtxD1tNE5gwd0fLzLtoNMkfho+y0S4/o4/j7/JcExCgMY85ax4HOjKRXJP/Xm6LGwuxveQRoNC30M+1HPL5q7uhTJhhTbPcDqyhYxmGLQ+nCKu8M3/UV5P5QLYDiXZ7JK63ujnQ5ZmxcDnTWBcJ0OtFrVbKbo77DL3aWJEjHSepqhcxJWg4ctP0NQ7Ufeqh4/PPVU/weVlN5Drza61GfMwZxg9ILdbRStUFkZ3TLOArhwkNBJVMiteqTnttx/5YXjKFkXAa7kjoOXnslg01li8XOAMJ0XTlJol+Tua6b4CdfOsZAeKU/NJUQx29RAE2JwjvNVT6whX3bFRuBr1lPHohT+cH56gAPT2tP5M8+JQE7hvXSdJKbJ9zNNjU1vNdQ3C9sD1HgFegTHWPlK8+23furyOlzqNhM/nh/NgFHPADZoZJVD7Xiil+OvBnhXWDMc9Hl5MfGXAyTqX85Ho/evMwnM5O0lt9o/uu8FH/U57whxVC23B3xMCzTRvFfqkYmv0qeKA5dtDo5wMFFffKT1aFLk4aqX4HQ+Rhwn3GLWdhr0JDvJDrkVTNeO9zrsO4VuQZVSUzF4bQwbpm/2z2q7K+2HS5EUhxdHYbS7CJFlMg+HKHens3v7ZIwXZGE6Oz2qZW5AIXrFw+M7fQxdTC2vWoPM3W7XFQjYYHG6MuIAujDRfhrHeB6TbSW9Ruz5Bz19yaQH6HaCjtxBesb+DMwAz9W6E5nD4acYJljKtVGd+AZK2/JXq6/e3N6JiUVsVh7h/3SjH6aOfb/rkHwmTjboIP3sfNs8N/mCl3GW8L5mnjWSgGcn2A4hrBo5ZcB5X3hZSvm2qzkze7t4acVGne81xTkrIFffpuj9ijmAzZPILGIhfMGAAl/Z2Q4CpXl+s0QLvQ/pJ5eJkjByusExBbh6hoKWxKZ7Kr0n2KsFANb3yOV5g1eZPO+xP+q89pRvu7jrPgCybvWJGnJglVI80+f5LoTdnLQu2oaTxav0ClAHbETcv6CPPcR10bU3MM3g/GsxH+Cin4F0fwDkdgtYcineljTFGMCEGCSqGSIb3DQEJFDEUHhIAYgBwAHQAcgBhAGMAawBlAHIwIQYJKoZIhvcNAQkVMRQEElRpbWUgMTc2NTkwNjExMDk0ODCCBJEGCSqGSIb3DQEHBqCCBIIwggR+AgEAMIIEdwYJKoZIhvcNAQcBMGYGCSqGSIb3DQEFDTBZMDgGCSqGSIb3DQEFDDArBBQ/M4g9elOi3WM8mi3Deg+B5Lr1lAICJxACASAwDAYIKoZIhvcNAgkFADAdBglghkgBZQMEASoEENklWtKBChyNY5cwTZd32k6AggQA96LcQDuXrt9hsgYiLVaVtkNaG+rg1hn52Fn0NnO/7O8hH0HEyr2WHkyo84haoVeLjbsJOAJBwzFOdR58lWVDUcpRigVNvIn9HstUJnPEK944khLANiopx+qc/zeyg30tvtJFUsF+w7dH4FSFKo7yDfDFp6ma+6Q+Av05nuDFUFVjau+di1OLV0ooO2rNSTtjDkm3camDUFIWiv2VMPliwFZZzHvQMrhsztJ/ES4B/y0yMA6NIVssJbTmlaag05LO1kzCGSFPLeRyOGi63MeY+EQkr6RhndoQNCy7C3WiPIUqgGk21GQi5130iuCkW+p0mIQ4rPzYzK+wiJbZP9e2iVp1fXVX6Ikn/CGfMOxyXjVhRbkUcMF4VHUhLFX0O6Myg9cpLxswKBCPj6/ZKOs84wZ1RtrOH7vquYIwM8Wb3BeU9WTzfNuF+APS4YDt2ZeCwM38CLSQivji6r9/jGW63ggKuoJ39GBlIUvrFEbmKJhYpgnX1g71KmjeifJoMCcVvcm8iCCuBennHm4Gn8je5Fyrny9mNz7fGG4sD37j7NQ/zjKqQreX4d+Vcg+QSsL35rSRqGguZmUqFak09YyvSI44MLj6euZF2MrTCYZmcjahcSuM7awZ+UmiCUT6IrDOviQJKsuLkQHYlQ4scb2U+JwvZJk8Fd2aqNgeNgw6of6cRwR4Rb88MAkQd0fHJKtYb2B5D8SxRgXfMDuJiKLdPQzXmeifY5KtaGrohJOqffizwGVVLwNpvgXZTh2WWNMu4L4KmenxB0ymDjsbT9IFSuwNHkX4dQE94p7l5eQGGKJD/UXgTx3gEgdeqvLSRAdqnZlVZDBVFpAvFk1FF/sZ4ZmMLJcwkUIonh9InC/qkRnPTgxtbWulcdGPQ3d6e52rYjcSlq66zF7xuvL2FqeL454BT7KdN+7CIQ+iEBeQ1eHR652tjatYvs/yxx5amB/+QuxrFo27TfcTp+tPejmM3qq7nYqXuFNkbfo1L5K3xFHMJS9H/8OOQKYvnL8EPA0QcuvlV8u4rIXMCYKbFtg7h3O98Z3F0RXL5o2+A1l04R+6HrbbiZF8x9GQ3W1IIwJgApOYBUlDqjADH5MNLPU6R2yL7G7RN7e1OOyKi97FEZjwxRYIlZ1TDN8OIdZ3GJFZfrwwpZvjeJv6qVLc6AbHPt7+wKwak/AfZQDp53FuWRdtxaSsY1HhEt2JhOqN9gI0OLQcSD6XxY7jp59irAO9XAFSFgUjqNBBHXpNCAhnmXDeMNfGOYqk30Kt3f+yhG+Eyc+PME+3YfGes+auRo+3yNSkEQeG78yPn1gHwaOWPBARiqlND1KsyXBBajEUpwTDIjOMEAoVlZxQTrGhKdiT2TBNMDEwDQYJYIZIAWUDBAIBBQAEIHJJx0a64e4OsPxy/HYrvXKYRYn1jtUCfz7kUzqUj3opBBSk6aL2431VuvKF9Qkl2Yugn+WGOwICJxA=" | base64 -d > app/release-keystore.jks
2025-12-18T19:32:39.9071237Z [36;1mecho "MIIKugIBAzCCCmQGCSqGSIb3DQEHAaCCClUEggpRMIIKTTCCBbQGCSqGSIb3DQEHAaCCBaUEggWhMIIFnTCCBZkGCyqGSIb3DQEMCgECoIIFQDCCBTwwZgYJKoZIhvcNAQUNMFkwOAYJKoZIhvcNAQUMMCsEFFkDvVyOy7KmtzbLZZqd0OguEWy+AgInEAIBIDAMBggqhkiG9w0CCQUAMB0GCWCGSAFlAwQBKgQQDzOVgSdu7y1sRUqymEmCuwSCBNBT1NGLZuJgLSKDkk+gtoU5iOUXyKDH3f1/4LgMrRh9eVM4gp5QS7+74tRu0VXQrOu6xIyoFIlw5x8GjtPpuYqYsvmg1GFT3/myUXTVGoIW05LXnn+eZvHVYPsbpp6VQ4mq+fJK5h39k9JtZIhwlfafnmue2DuSiAdlD9ywiRXQXeBrimHD5j6M0PPfIAw3k7Q6YfaOXupV/bx7Nji9a4jZHjDkiU1TaRmx2oVFojFeir69lTjvLYPtrVfFvhK90qZfLU5hGgm2zJozbqWlc++P47vbri5FJjIzwglTT/AIjgzqixHTQdg6x7oib1gBhrVzstDqpArpzAlheg4yA7g3CC2mijZkLBzyvyGqgRZMKxxSpNiV7tybtC3nEDDMAMjvTNke8c1TbqbXHUUS9pfznThjmL/qmXJou7y8Vjpfe7sjlpUAbuBIfOIPdg8/Yemzj2aXudrIYy4cCuZWRKYXSDmHYowKFFzJmFmRTI1uXX7btsFAQG9MsRXmpRln+tKhadnDo4uIbT2VonhaVYAmRlucx4I0NgCQWPwyAU8AP64KyaOocZpqVy6Lpbjdw2Wj/pd3BJyc1UexpFIs/gdtxD1tNE5gwd0fLzLtoNMkfho+y0S4/o4/j7/JcExCgMY85ax4HOjKRXJP/Xm6LGwuxveQRoNC30M+1HPL5q7uhTJhhTbPcDqyhYxmGLQ+nCKu8M3/UV5P5QLYDiXZ7JK63ujnQ5ZmxcDnTWBcJ0OtFrVbKbo77DL3aWJEjHSepqhcxJWg4ctP0NQ7Ufeqh4/PPVU/weVlN5Drza61GfMwZxg9ILdbRStUFkZ3TLOArhwkNBJVMiteqTnttx/5YXjKFkXAa7kjoOXnslg01li8XOAMJ0XTlJol+Tua6b4CdfOsZAeKU/NJUQx29RAE2JwjvNVT6whX3bFRuBr1lPHohT+cH56gAPT2tP5M8+JQE7hvXSdJKbJ9zNNjU1vNdQ3C9sD1HgFegTHWPlK8+23furyOlzqNhM/nh/NgFHPADZoZJVD7Xiil+OvBnhXWDMc9Hl5MfGXAyTqX85Ho/evMwnM5O0lt9o/uu8FH/U57whxVC23B3xMCzTRvFfqkYmv0qeKA5dtDo5wMFFffKT1aFLk4aqX4HQ+Rhwn3GLWdhr0JDvJDrkVTNeO9zrsO4VuQZVSUzF4bQwbpm/2z2q7K+2HS5EUhxdHYbS7CJFlMg+HKHens3v7ZIwXZGE6Oz2qZW5AIXrFw+M7fQxdTC2vWoPM3W7XFQjYYHG6MuIAujDRfhrHeB6TbSW9Ruz5Bz19yaQH6HaCjtxBesb+DMwAz9W6E5nD4acYJljKtVGd+AZK2/JXq6/e3N6JiUVsVh7h/3SjH6aOfb/rkHwmTjboIP3sfNs8N/mCl3GW8L5mnjWSgGcn2A4hrBo5ZcB5X3hZSvm2qzkze7t4acVGne81xTkrIFffpuj9ijmAzZPILGIhfMGAAl/Z2Q4CpXl+s0QLvQ/pJ5eJkjByusExBbh6hoKWxKZ7Kr0n2KsFANb3yOV5g1eZPO+xP+q89pRvu7jrPgCybvWJGnJglVI80+f5LoTdnLQu2oaTxav0ClAHbETcv6CPPcR10bU3MM3g/GsxH+Cin4F0fwDkdgtYcineljTFGMCEGCSqGSIb3DQEJFDEUHhIAYgBwAHQAcgBhAGMAawBlAHIwIQYJKoZIhvcNAQkVMRQEElRpbWUgMTc2NTkwNjExMDk0ODCCBJEGCSqGSIb3DQEHBqCCBIIwggR+AgEAMIIEdwYJKoZIhvcNAQcBMGYGCSqGSIb3DQEFDTBZMDgGCSqGSIb3DQEFDDArBBQ/M4g9elOi3WM8mi3Deg+B5Lr1lAICJxACASAwDAYIKoZIhvcNAgkFADAdBglghkgBZQMEASoEENklWtKBChyNY5cwTZd32k6AggQA96LcQDuXrt9hsgYiLVaVtkNaG+rg1hn52Fn0NnO/7O8hH0HEyr2WHkyo84haoVeLjbsJOAJBwzFOdR58lWVDUcpRigVNvIn9HstUJnPEK944khLANiopx+qc/zeyg30tvtJFUsF+w7dH4FSFKo7yDfDFp6ma+6Q+Av05nuDFUFVjau+di1OLV0ooO2rNSTtjDkm3camDUFIWiv2VMPliwFZZzHvQMrhsztJ/ES4B/y0yMA6NIVssJbTmlaag05LO1kzCGSFPLeRyOGi63MeY+EQkr6RhndoQNCy7C3WiPIUqgGk21GQi5130iuCkW+p0mIQ4rPzYzK+wiJbZP9e2iVp1fXVX6Ikn/CGfMOxyXjVhRbkUcMF4VHUhLFX0O6Myg9cpLxswKBCPj6/ZKOs84wZ1RtrOH7vquYIwM8Wb3BeU9WTzfNuF+APS4YDt2ZeCwM38CLSQivji6r9/jGW63ggKuoJ39GBlIUvrFEbmKJhYpgnX1g71KmjeifJoMCcVvcm8iCCuBennHm4Gn8je5Fyrny9mNz7fGG4sD37j7NQ/zjKqQreX4d+Vcg+QSsL35rSRqGguZmUqFak09YyvSI44MLj6euZF2MrTCYZmcjahcSuM7awZ+UmiCUT6IrDOviQJKsuLkQHYlQ4scb2U+JwvZJk8Fd2aqNgeNgw6of6cRwR4Rb88MAkQd0fHJKtYb2B5D8SxRgXfMDuJiKLdPQzXmeifY5KtaGrohJOqffizwGVVLwNpvgXZTh2WWNMu4L4KmenxB0ymDjsbT9IFSuwNHkX4dQE94p7l5eQGGKJD/UXgTx3gEgdeqvLSRAdqnZlVZDBVFpAvFk1FF/sZ4ZmMLJcwkUIonh9InC/qkRnPTgxtbWulcdGPQ3d6e52rYjcSlq66zF7xuvL2FqeL454BT7KdN+7CIQ+iEBeQ1eHR652tjatYvs/yxx5amB/+QuxrFo27TfcTp+tPejmM3qq7nYqXuFNkbfo1L5K3xFHMJS9H/8OOQKYvnL8EPA0QcuvlV8u4rIXMCYKbFtg7h3O98Z3F0RXL5o2+A1l04R+6HrbbiZF8x9GQ3W1IIwJgApOYBUlDqjADH5MNLPU6R2yL7G7RN7e1OOyKi97FEZjwxRYIlZ1TDN8OIdZ3GJFZfrwwpZvjeJv6qVLc6AbHPt7+wKwak/AfZQDp53FuWRdtxaSsY1HhEt2JhOqN9gI0OLQcSD6XxY7jp59irAO9XAFSFgUjqNBBHXpNCAhnmXDeMNfGOYqk30Kt3f+yhG+Eyc+PME+3YfGes+auRo+3yNSkEQeG78yPn1gHwaOWPBARiqlND1KsyXBBajEUpwTDIjOMEAoVlZxQTrGhKdiT2TBNMDEwDQYJYIZIAWUDBAIBBQAEIHJJx0a64e4OsPxy/HYrvXKYRYn1jtUCfz7kUzqUj3opBBSk6aL2431VuvKF9Qkl2Yugn+WGOwICJxA=" | base64 -d > app/release-keystore.jks[0m
2025-12-18T19:32:39.9118386Z shell: /usr/bin/bash -e {0}
2025-12-18T19:32:39.9118636Z env:
2025-12-18T19:32:39.9118921Z   JAVA_HOME: /opt/hostedtoolcache/Java_Temurin-Hotspot_jdk/17.0.17-10/x64
2025-12-18T19:32:39.9119398Z   JAVA_HOME_17_X64: /opt/hostedtoolcache/Java_Temurin-Hotspot_jdk/17.0.17-10/x64
2025-12-18T19:32:39.9119739Z ##[endgroup]
2025-12-18T19:32:39.9211816Z ##[group]Run ./gradlew assembleRelease
2025-12-18T19:32:39.9212128Z [36;1m./gradlew assembleRelease[0m
2025-12-18T19:32:39.9240779Z shell: /usr/bin/bash -e {0}
2025-12-18T19:32:39.9241011Z env:
2025-12-18T19:32:39.9241295Z   JAVA_HOME: /opt/hostedtoolcache/Java_Temurin-Hotspot_jdk/17.0.17-10/x64
2025-12-18T19:32:39.9241768Z   JAVA_HOME_17_X64: /opt/hostedtoolcache/Java_Temurin-Hotspot_jdk/17.0.17-10/x64
2025-12-18T19:32:39.9242097Z ##[endgroup]
2025-12-18T19:32:41.3584914Z Downloading https://services.gradle.org/distributions/gradle-8.2-bin.zip
2025-12-18T19:32:43.9046497Z ............10%............20%............30%.............40%............50%............60%............70%.............80%............90%............100%
2025-12-18T19:32:45.0996467Z 
2025-12-18T19:32:45.1003596Z Welcome to Gradle 8.2!
2025-12-18T19:32:45.1004052Z 
2025-12-18T19:32:45.1004279Z Here are the highlights of this release:
2025-12-18T19:32:45.1008693Z  - Kotlin DSL: new reference documentation, assignment syntax by default
2025-12-18T19:32:45.1013784Z  - Kotlin DSL is now the default with Gradle init
2025-12-18T19:32:45.1014453Z  - Improved suggestions to resolve errors in console output
2025-12-18T19:32:45.1014863Z 
2025-12-18T19:32:45.1015208Z For more details see https://docs.gradle.org/8.2/release-notes.html
2025-12-18T19:32:45.1015645Z 
2025-12-18T19:32:45.2952171Z Starting a Gradle Daemon (subsequent builds will be faster)
2025-12-18T19:34:44.8980963Z 
2025-12-18T19:34:44.9036538Z > Configure project :app
2025-12-18T19:34:44.9037836Z w: file:///home/runner/work/BP_Tracker/BP_Tracker/app/build.gradle.kts:67:9: Variable 'composeVersion' is never used
2025-12-18T19:34:47.3950999Z 
2025-12-18T19:34:47.3957265Z > Task :app:buildKotlinToolingMetadata
2025-12-18T19:34:47.3963720Z > Task :app:checkKotlinGradlePluginConfigurationErrors
2025-12-18T19:34:47.3971963Z > Task :app:preBuild UP-TO-DATE
2025-12-18T19:34:47.3977354Z > Task :app:preReleaseBuild UP-TO-DATE
2025-12-18T19:35:17.3951753Z > Task :app:checkReleaseAarMetadata
2025-12-18T19:36:22.3963356Z > Task :app:generateReleaseResValues
2025-12-18T19:36:22.4957721Z > Task :app:mapReleaseSourceSetPaths
2025-12-18T19:36:22.4959512Z > Task :app:generateReleaseResources
2025-12-18T19:36:25.9981436Z > Task :app:packageReleaseResources
2025-12-18T19:36:26.4951114Z > Task :app:mergeReleaseResources
2025-12-18T19:36:27.0964561Z > Task :app:createReleaseCompatibleScreenManifests
2025-12-18T19:36:27.1959781Z > Task :app:extractDeepLinksRelease
2025-12-18T19:36:27.3951530Z > Task :app:parseReleaseLocalResources
2025-12-18T19:36:27.5950812Z > Task :app:processReleaseMainManifest
2025-12-18T19:36:27.6951515Z > Task :app:processReleaseManifest
2025-12-18T19:36:40.0950607Z > Task :app:extractProguardFiles
2025-12-18T19:36:40.0951857Z > Task :app:javaPreCompileRelease
2025-12-18T19:36:40.0956385Z > Task :app:mergeReleaseJniLibFolders
2025-12-18T19:36:41.9019041Z > Task :app:mergeReleaseNativeLibs NO-SOURCE
2025-12-18T19:36:41.9093486Z > Task :app:stripReleaseDebugSymbols NO-SOURCE
2025-12-18T19:36:41.9119649Z > Task :app:extractReleaseNativeSymbolTables NO-SOURCE
2025-12-18T19:36:41.9120333Z > Task :app:mergeReleaseNativeDebugMetadata NO-SOURCE
2025-12-18T19:36:43.4952388Z > Task :app:checkReleaseDuplicateClasses
2025-12-18T19:36:43.5952329Z > Task :app:mergeReleaseArtProfile
2025-12-18T19:36:43.5984685Z > Task :app:mergeReleaseShaders
2025-12-18T19:36:43.5990429Z > Task :app:compileReleaseShaders NO-SOURCE
2025-12-18T19:36:43.5995592Z > Task :app:generateReleaseAssets UP-TO-DATE
2025-12-18T19:36:43.6960142Z > Task :app:mergeReleaseAssets
2025-12-18T19:36:43.6963757Z > Task :app:compressReleaseAssets
2025-12-18T19:36:43.8959473Z > Task :app:collectReleaseDependencies
2025-12-18T19:36:43.9972082Z > Task :app:sdkReleaseDependencyData
2025-12-18T19:36:43.9973174Z > Task :app:processReleaseManifestForPackage
2025-12-18T19:36:44.4980455Z > Task :app:validateSigningRelease
2025-12-18T19:36:44.5952410Z > Task :app:writeReleaseAppMetadata
2025-12-18T19:36:44.5954693Z > Task :app:writeReleaseSigningConfigVersions
2025-12-18T19:36:44.8958504Z > Task :app:processReleaseResources
2025-12-18T19:36:55.5951448Z > Task :app:optimizeReleaseResources
2025-12-18T19:37:06.3955046Z > Task :app:kspReleaseKotlin
2025-12-18T19:37:35.2961543Z 
2025-12-18T19:37:35.2965542Z > Task :app:compileReleaseKotlin
2025-12-18T19:37:35.2973855Z e: file:///home/runner/work/BP_Tracker/BP_Tracker/app/src/main/java/com/bptracker/ui/screens/settings/SettingsScreen.kt:362:13 Unresolved reference: HorizontalDivider
2025-12-18T19:37:35.3950152Z 
2025-12-18T19:37:35.3950491Z 
2025-12-18T19:37:35.3955481Z FAILURE: Build failed with an exception.
2025-12-18T19:37:35.3956052Z > Task :app:compileReleaseKotlin FAILED
2025-12-18T19:37:35.3956391Z 
2025-12-18T19:37:35.3956552Z * What went wrong:
2025-12-18T19:37:35.3957115Z Execution failed for task ':app:compileReleaseKotlin'.
2025-12-18T19:37:35.3958262Z > A failure occurred while executing org.jetbrains.kotlin.compilerRunner.GradleCompilerRunnerWithWorkers$GradleKotlinCompilerWorkAction
2025-12-18T19:37:35.3959330Z    > Compilation error. See log for more details
2025-12-18T19:37:35.3959654Z 
2025-12-18T19:37:35.3959758Z * Try:
2025-12-18T19:37:35.3960110Z > Run with --stacktrace option to get the stack trace.
2025-12-18T19:37:35.3960685Z > Run with --info or --debug option to get more log output.
2025-12-18T19:37:35.3961214Z > Run with --scan to get full insights.
2025-12-18T19:37:35.3961696Z > Get more help at https://help.gradle.org.
2025-12-18T19:37:35.3962019Z 
2025-12-18T19:37:35.3962157Z BUILD FAILED in 4m 54s
2025-12-18T19:37:35.3963103Z 30 actionable tasks: 30 executed
2025-12-18T19:37:35.8350781Z ##[error]Process completed with exit code 1.
2025-12-18T19:37:35.8436717Z ##[group]Run rm -f app/release-keystore.jks
2025-12-18T19:37:35.8437581Z [36;1mrm -f app/release-keystore.jks[0m
2025-12-18T19:37:35.8480200Z shell: /usr/bin/bash -e {0}
2025-12-18T19:37:35.8480475Z env:
2025-12-18T19:37:35.8480821Z   JAVA_HOME: /opt/hostedtoolcache/Java_Temurin-Hotspot_jdk/17.0.17-10/x64
2025-12-18T19:37:35.8481391Z   JAVA_HOME_17_X64: /opt/hostedtoolcache/Java_Temurin-Hotspot_jdk/17.0.17-10/x64
2025-12-18T19:37:35.8481820Z ##[endgroup]
2025-12-18T19:37:35.8628288Z Post job cleanup.
2025-12-18T19:37:36.0418428Z Post job cleanup.
2025-12-18T19:37:36.1382745Z [command]/usr/bin/git version
2025-12-18T19:37:36.1435484Z git version 2.52.0
2025-12-18T19:37:36.1501665Z Temporarily overriding HOME='/home/runner/work/_temp/baca3f7d-b4b0-4296-8ca4-497919085b65' before making global git config changes
2025-12-18T19:37:36.1502918Z Adding repository directory to the temporary git global config as a safe directory
2025-12-18T19:37:36.1510152Z [command]/usr/bin/git config --global --add safe.directory /home/runner/work/BP_Tracker/BP_Tracker
2025-12-18T19:37:36.1557169Z [command]/usr/bin/git config --local --name-only --get-regexp core\.sshCommand
2025-12-18T19:37:36.1591437Z [command]/usr/bin/git submodule foreach --recursive sh -c "git config --local --name-only --get-regexp 'core\.sshCommand' && git config --local --unset-all 'core.sshCommand' || :"
2025-12-18T19:37:36.1818132Z [command]/usr/bin/git config --local --name-only --get-regexp http\.https\:\/\/github\.com\/\.extraheader
2025-12-18T19:37:36.1838290Z http.https://github.com/.extraheader
2025-12-18T19:37:36.1851192Z [command]/usr/bin/git config --local --unset-all http.https://github.com/.extraheader
2025-12-18T19:37:36.1882314Z [command]/usr/bin/git submodule foreach --recursive sh -c "git config --local --name-only --get-regexp 'http\.https\:\/\/github\.com\/\.extraheader' && git config --local --unset-all 'http.https://github.com/.extraheader' || :"
2025-12-18T19:37:36.2100021Z [command]/usr/bin/git config --local --name-only --get-regexp ^includeIf\.gitdir:
2025-12-18T19:37:36.2130741Z [command]/usr/bin/git submodule foreach --recursive git config --local --show-origin --name-only --get-regexp remote.origin.url
2025-12-18T19:37:36.2510557Z Cleaning up orphan processes
2025-12-18T19:37:36.2800015Z Terminate orphan process: pid (2176) (java)
2025-12-18T19:37:36.2820051Z Terminate orphan process: pid (2385) (java)
