2025-12-16T17:48:11.3081516Z Current runner version: '2.329.0'
2025-12-16T17:48:11.3105556Z ##[group]Runner Image Provisioner
2025-12-16T17:48:11.3106281Z Hosted Compute Agent
2025-12-16T17:48:11.3106771Z Version: 20251202.455
2025-12-16T17:48:11.3107357Z Commit: 6c10caca4910e198df60de23adf20ad317c474e3
2025-12-16T17:48:11.3108139Z Build Date: 2025-12-02T15:56:59Z
2025-12-16T17:48:11.3108707Z Worker ID: {50c5a5ca-1b9d-48ea-816c-1db6e1bcd914}
2025-12-16T17:48:11.3109405Z ##[endgroup]
2025-12-16T17:48:11.3109852Z ##[group]Operating System
2025-12-16T17:48:11.3110355Z Ubuntu
2025-12-16T17:48:11.3110802Z 24.04.3
2025-12-16T17:48:11.3111189Z LTS
2025-12-16T17:48:11.3111610Z ##[endgroup]
2025-12-16T17:48:11.3112042Z ##[group]Runner Image
2025-12-16T17:48:11.3112524Z Image: ubuntu-24.04
2025-12-16T17:48:11.3112947Z Version: 20251208.163.1
2025-12-16T17:48:11.3113872Z Included Software: https://github.com/actions/runner-images/blob/ubuntu24/20251208.163/images/ubuntu/Ubuntu2404-Readme.md
2025-12-16T17:48:11.3115272Z Image Release: https://github.com/actions/runner-images/releases/tag/ubuntu24%2F20251208.163
2025-12-16T17:48:11.3116189Z ##[endgroup]
2025-12-16T17:48:11.3117109Z ##[group]GITHUB_TOKEN Permissions
2025-12-16T17:48:11.3119209Z Contents: read
2025-12-16T17:48:11.3119765Z Metadata: read
2025-12-16T17:48:11.3120183Z Packages: read
2025-12-16T17:48:11.3120638Z ##[endgroup]
2025-12-16T17:48:11.3122728Z Secret source: Actions
2025-12-16T17:48:11.3123311Z Prepare workflow directory
2025-12-16T17:48:11.3442353Z Prepare all required actions
2025-12-16T17:48:11.3481811Z Getting action download info
2025-12-16T17:48:11.7443009Z Download action repository 'actions/checkout@v4' (SHA:34e114876b0b11c390a56381ad16ebd13914f8d5)
2025-12-16T17:48:11.8201550Z Download action repository 'actions/setup-java@v4' (SHA:c1e323688fd81a25caa38c78aa6df2d33d3e20d9)
2025-12-16T17:48:12.5456925Z Download action repository 'actions/upload-artifact@v4' (SHA:ea165f8d65b6e75b540449e92b4886f43607fa02)
2025-12-16T17:48:12.7167446Z Complete job name: build
2025-12-16T17:48:12.7814604Z ##[group]Run actions/checkout@v4
2025-12-16T17:48:12.7815568Z with:
2025-12-16T17:48:12.7816175Z   repository: Vishalsnw/BP_Tracker
2025-12-16T17:48:12.7817019Z   token: ***
2025-12-16T17:48:12.7817500Z   ssh-strict: true
2025-12-16T17:48:12.7818245Z   ssh-user: git
2025-12-16T17:48:12.7818722Z   persist-credentials: true
2025-12-16T17:48:12.7819271Z   clean: true
2025-12-16T17:48:12.7819797Z   sparse-checkout-cone-mode: true
2025-12-16T17:48:12.7820406Z   fetch-depth: 1
2025-12-16T17:48:12.7820892Z   fetch-tags: false
2025-12-16T17:48:12.7926064Z   show-progress: true
2025-12-16T17:48:12.7926859Z   lfs: false
2025-12-16T17:48:12.7927278Z   submodules: false
2025-12-16T17:48:12.7927706Z   set-safe-directory: true
2025-12-16T17:48:12.7929381Z ##[endgroup]
2025-12-16T17:48:12.8927747Z Syncing repository: Vishalsnw/BP_Tracker
2025-12-16T17:48:12.8930238Z ##[group]Getting Git version info
2025-12-16T17:48:12.8931002Z Working directory is '/home/runner/work/BP_Tracker/BP_Tracker'
2025-12-16T17:48:12.8932307Z [command]/usr/bin/git version
2025-12-16T17:48:12.8972000Z git version 2.52.0
2025-12-16T17:48:12.8994773Z ##[endgroup]
2025-12-16T17:48:12.9017468Z Temporarily overriding HOME='/home/runner/work/_temp/0e60fcfa-34b9-4d16-bd57-af9ff0245f1a' before making global git config changes
2025-12-16T17:48:12.9020291Z Adding repository directory to the temporary git global config as a safe directory
2025-12-16T17:48:12.9024350Z [command]/usr/bin/git config --global --add safe.directory /home/runner/work/BP_Tracker/BP_Tracker
2025-12-16T17:48:12.9062619Z Deleting the contents of '/home/runner/work/BP_Tracker/BP_Tracker'
2025-12-16T17:48:12.9066255Z ##[group]Initializing the repository
2025-12-16T17:48:12.9071356Z [command]/usr/bin/git init /home/runner/work/BP_Tracker/BP_Tracker
2025-12-16T17:48:12.9163593Z hint: Using 'master' as the name for the initial branch. This default branch name
2025-12-16T17:48:12.9165152Z hint: will change to "main" in Git 3.0. To configure the initial branch name
2025-12-16T17:48:12.9167205Z hint: to use in all of your new repositories, which will suppress this warning,
2025-12-16T17:48:12.9168587Z hint: call:
2025-12-16T17:48:12.9169291Z hint:
2025-12-16T17:48:12.9170155Z hint: 	git config --global init.defaultBranch <name>
2025-12-16T17:48:12.9171177Z hint:
2025-12-16T17:48:12.9172148Z hint: Names commonly chosen instead of 'master' are 'main', 'trunk' and
2025-12-16T17:48:12.9173762Z hint: 'development'. The just-created branch can be renamed via this command:
2025-12-16T17:48:12.9174979Z hint:
2025-12-16T17:48:12.9175646Z hint: 	git branch -m <name>
2025-12-16T17:48:12.9176416Z hint:
2025-12-16T17:48:12.9177513Z hint: Disable this message with "git config set advice.defaultBranchName false"
2025-12-16T17:48:12.9179698Z Initialized empty Git repository in /home/runner/work/BP_Tracker/BP_Tracker/.git/
2025-12-16T17:48:12.9182565Z [command]/usr/bin/git remote add origin https://github.com/Vishalsnw/BP_Tracker
2025-12-16T17:48:12.9210086Z ##[endgroup]
2025-12-16T17:48:12.9210885Z ##[group]Disabling automatic garbage collection
2025-12-16T17:48:12.9213842Z [command]/usr/bin/git config --local gc.auto 0
2025-12-16T17:48:12.9237849Z ##[endgroup]
2025-12-16T17:48:12.9238801Z ##[group]Setting up auth
2025-12-16T17:48:12.9244085Z [command]/usr/bin/git config --local --name-only --get-regexp core\.sshCommand
2025-12-16T17:48:12.9272373Z [command]/usr/bin/git submodule foreach --recursive sh -c "git config --local --name-only --get-regexp 'core\.sshCommand' && git config --local --unset-all 'core.sshCommand' || :"
2025-12-16T17:48:12.9542468Z [command]/usr/bin/git config --local --name-only --get-regexp http\.https\:\/\/github\.com\/\.extraheader
2025-12-16T17:48:12.9569674Z [command]/usr/bin/git submodule foreach --recursive sh -c "git config --local --name-only --get-regexp 'http\.https\:\/\/github\.com\/\.extraheader' && git config --local --unset-all 'http.https://github.com/.extraheader' || :"
2025-12-16T17:48:12.9747454Z [command]/usr/bin/git config --local --name-only --get-regexp ^includeIf\.gitdir:
2025-12-16T17:48:12.9775597Z [command]/usr/bin/git submodule foreach --recursive git config --local --show-origin --name-only --get-regexp remote.origin.url
2025-12-16T17:48:12.9961866Z [command]/usr/bin/git config --local http.https://github.com/.extraheader AUTHORIZATION: basic ***
2025-12-16T17:48:12.9991687Z ##[endgroup]
2025-12-16T17:48:12.9992499Z ##[group]Fetching the repository
2025-12-16T17:48:12.9999209Z [command]/usr/bin/git -c protocol.version=2 fetch --no-tags --prune --no-recurse-submodules --depth=1 origin +31acda50fa8379fbe2c06cf4104a8d327b103e19:refs/remotes/origin/main
2025-12-16T17:48:13.5543615Z From https://github.com/Vishalsnw/BP_Tracker
2025-12-16T17:48:13.5568321Z  * [new ref]         31acda50fa8379fbe2c06cf4104a8d327b103e19 -> origin/main
2025-12-16T17:48:13.5570221Z ##[endgroup]
2025-12-16T17:48:13.5571117Z ##[group]Determining the checkout info
2025-12-16T17:48:13.5571970Z ##[endgroup]
2025-12-16T17:48:13.5575803Z [command]/usr/bin/git sparse-checkout disable
2025-12-16T17:48:13.5607908Z [command]/usr/bin/git config --local --unset-all extensions.worktreeConfig
2025-12-16T17:48:13.5628821Z ##[group]Checking out the ref
2025-12-16T17:48:13.5632303Z [command]/usr/bin/git checkout --progress --force -B main refs/remotes/origin/main
2025-12-16T17:48:13.5715104Z Switched to a new branch 'main'
2025-12-16T17:48:13.5716153Z branch 'main' set up to track 'origin/main'.
2025-12-16T17:48:13.5722057Z ##[endgroup]
2025-12-16T17:48:13.5753863Z [command]/usr/bin/git log -1 --format=%H
2025-12-16T17:48:13.5773044Z 31acda50fa8379fbe2c06cf4104a8d327b103e19
2025-12-16T17:48:13.6025061Z ##[group]Run actions/setup-java@v4
2025-12-16T17:48:13.6025618Z with:
2025-12-16T17:48:13.6025953Z   java-version: 17
2025-12-16T17:48:13.6026336Z   distribution: temurin
2025-12-16T17:48:13.6026749Z   cache: gradle
2025-12-16T17:48:13.6027120Z   java-package: jdk
2025-12-16T17:48:13.6027572Z   check-latest: false
2025-12-16T17:48:13.6028096Z   server-id: github
2025-12-16T17:48:13.6028508Z   server-username: GITHUB_ACTOR
2025-12-16T17:48:13.6029179Z   server-password: GITHUB_TOKEN
2025-12-16T17:48:13.6029663Z   overwrite-settings: true
2025-12-16T17:48:13.6030108Z   job-status: success
2025-12-16T17:48:13.6030685Z   token: ***
2025-12-16T17:48:13.6031046Z ##[endgroup]
2025-12-16T17:48:13.7926258Z ##[group]Installed distributions
2025-12-16T17:48:13.7984773Z Resolved Java 17.0.17+10 from tool-cache
2025-12-16T17:48:13.7985848Z Setting Java 17.0.17+10 as the default
2025-12-16T17:48:13.7997637Z Creating toolchains.xml for JDK version 17 from temurin
2025-12-16T17:48:13.8066624Z Writing to /home/runner/.m2/toolchains.xml
2025-12-16T17:48:13.8067422Z 
2025-12-16T17:48:13.8067693Z Java configuration:
2025-12-16T17:48:13.8068618Z   Distribution: temurin
2025-12-16T17:48:13.8069317Z   Version: 17.0.17+10
2025-12-16T17:48:13.8070409Z   Path: /opt/hostedtoolcache/Java_Temurin-Hotspot_jdk/17.0.17-10/x64
2025-12-16T17:48:13.8071416Z 
2025-12-16T17:48:13.8072334Z ##[endgroup]
2025-12-16T17:48:13.8089330Z Creating settings.xml with server-id: github
2025-12-16T17:48:13.8091767Z Writing to /home/runner/.m2/settings.xml
2025-12-16T17:48:14.1080513Z gradle cache is not found
2025-12-16T17:48:14.1212019Z ##[group]Run chmod +x gradlew
2025-12-16T17:48:14.1213406Z [36;1mchmod +x gradlew[0m
2025-12-16T17:48:14.1242505Z shell: /usr/bin/bash -e {0}
2025-12-16T17:48:14.1243671Z env:
2025-12-16T17:48:14.1245066Z   JAVA_HOME: /opt/hostedtoolcache/Java_Temurin-Hotspot_jdk/17.0.17-10/x64
2025-12-16T17:48:14.1247367Z   JAVA_HOME_17_X64: /opt/hostedtoolcache/Java_Temurin-Hotspot_jdk/17.0.17-10/x64
2025-12-16T17:48:14.1249343Z ##[endgroup]
2025-12-16T17:48:14.1471169Z ##[group]Run echo "MIIKugIBAzCCCmQGCSqGSIb3DQEHAaCCClUEggpRMIIKTTCCBbQGCSqGSIb3DQEHAaCCBaUEggWhMIIFnTCCBZkGCyqGSIb3DQEMCgECoIIFQDCCBTwwZgYJKoZIhvcNAQUNMFkwOAYJKoZIhvcNAQUMMCsEFFkDvVyOy7KmtzbLZZqd0OguEWy+AgInEAIBIDAMBggqhkiG9w0CCQUAMB0GCWCGSAFlAwQBKgQQDzOVgSdu7y1sRUqymEmCuwSCBNBT1NGLZuJgLSKDkk+gtoU5iOUXyKDH3f1/4LgMrRh9eVM4gp5QS7+74tRu0VXQrOu6xIyoFIlw5x8GjtPpuYqYsvmg1GFT3/myUXTVGoIW05LXnn+eZvHVYPsbpp6VQ4mq+fJK5h39k9JtZIhwlfafnmue2DuSiAdlD9ywiRXQXeBrimHD5j6M0PPfIAw3k7Q6YfaOXupV/bx7Nji9a4jZHjDkiU1TaRmx2oVFojFeir69lTjvLYPtrVfFvhK90qZfLU5hGgm2zJozbqWlc++P47vbri5FJjIzwglTT/AIjgzqixHTQdg6x7oib1gBhrVzstDqpArpzAlheg4yA7g3CC2mijZkLBzyvyGqgRZMKxxSpNiV7tybtC3nEDDMAMjvTNke8c1TbqbXHUUS9pfznThjmL/qmXJou7y8Vjpfe7sjlpUAbuBIfOIPdg8/Yemzj2aXudrIYy4cCuZWRKYXSDmHYowKFFzJmFmRTI1uXX7btsFAQG9MsRXmpRln+tKhadnDo4uIbT2VonhaVYAmRlucx4I0NgCQWPwyAU8AP64KyaOocZpqVy6Lpbjdw2Wj/pd3BJyc1UexpFIs/gdtxD1tNE5gwd0fLzLtoNMkfho+y0S4/o4/j7/JcExCgMY85ax4HOjKRXJP/Xm6LGwuxveQRoNC30M+1HPL5q7uhTJhhTbPcDqyhYxmGLQ+nCKu8M3/UV5P5QLYDiXZ7JK63ujnQ5ZmxcDnTWBcJ0OtFrVbKbo77DL3aWJEjHSepqhcxJWg4ctP0NQ7Ufeqh4/PPVU/weVlN5Drza61GfMwZxg9ILdbRStUFkZ3TLOArhwkNBJVMiteqTnttx/5YXjKFkXAa7kjoOXnslg01li8XOAMJ0XTlJol+Tua6b4CdfOsZAeKU/NJUQx29RAE2JwjvNVT6whX3bFRuBr1lPHohT+cH56gAPT2tP5M8+JQE7hvXSdJKbJ9zNNjU1vNdQ3C9sD1HgFegTHWPlK8+23furyOlzqNhM/nh/NgFHPADZoZJVD7Xiil+OvBnhXWDMc9Hl5MfGXAyTqX85Ho/evMwnM5O0lt9o/uu8FH/U57whxVC23B3xMCzTRvFfqkYmv0qeKA5dtDo5wMFFffKT1aFLk4aqX4HQ+Rhwn3GLWdhr0JDvJDrkVTNeO9zrsO4VuQZVSUzF4bQwbpm/2z2q7K+2HS5EUhxdHYbS7CJFlMg+HKHens3v7ZIwXZGE6Oz2qZW5AIXrFw+M7fQxdTC2vWoPM3W7XFQjYYHG6MuIAujDRfhrHeB6TbSW9Ruz5Bz19yaQH6HaCjtxBesb+DMwAz9W6E5nD4acYJljKtVGd+AZK2/JXq6/e3N6JiUVsVh7h/3SjH6aOfb/rkHwmTjboIP3sfNs8N/mCl3GW8L5mnjWSgGcn2A4hrBo5ZcB5X3hZSvm2qzkze7t4acVGne81xTkrIFffpuj9ijmAzZPILGIhfMGAAl/Z2Q4CpXl+s0QLvQ/pJ5eJkjByusExBbh6hoKWxKZ7Kr0n2KsFANb3yOV5g1eZPO+xP+q89pRvu7jrPgCybvWJGnJglVI80+f5LoTdnLQu2oaTxav0ClAHbETcv6CPPcR10bU3MM3g/GsxH+Cin4F0fwDkdgtYcineljTFGMCEGCSqGSIb3DQEJFDEUHhIAYgBwAHQAcgBhAGMAawBlAHIwIQYJKoZIhvcNAQkVMRQEElRpbWUgMTc2NTkwNjExMDk0ODCCBJEGCSqGSIb3DQEHBqCCBIIwggR+AgEAMIIEdwYJKoZIhvcNAQcBMGYGCSqGSIb3DQEFDTBZMDgGCSqGSIb3DQEFDDArBBQ/M4g9elOi3WM8mi3Deg+B5Lr1lAICJxACASAwDAYIKoZIhvcNAgkFADAdBglghkgBZQMEASoEENklWtKBChyNY5cwTZd32k6AggQA96LcQDuXrt9hsgYiLVaVtkNaG+rg1hn52Fn0NnO/7O8hH0HEyr2WHkyo84haoVeLjbsJOAJBwzFOdR58lWVDUcpRigVNvIn9HstUJnPEK944khLANiopx+qc/zeyg30tvtJFUsF+w7dH4FSFKo7yDfDFp6ma+6Q+Av05nuDFUFVjau+di1OLV0ooO2rNSTtjDkm3camDUFIWiv2VMPliwFZZzHvQMrhsztJ/ES4B/y0yMA6NIVssJbTmlaag05LO1kzCGSFPLeRyOGi63MeY+EQkr6RhndoQNCy7C3WiPIUqgGk21GQi5130iuCkW+p0mIQ4rPzYzK+wiJbZP9e2iVp1fXVX6Ikn/CGfMOxyXjVhRbkUcMF4VHUhLFX0O6Myg9cpLxswKBCPj6/ZKOs84wZ1RtrOH7vquYIwM8Wb3BeU9WTzfNuF+APS4YDt2ZeCwM38CLSQivji6r9/jGW63ggKuoJ39GBlIUvrFEbmKJhYpgnX1g71KmjeifJoMCcVvcm8iCCuBennHm4Gn8je5Fyrny9mNz7fGG4sD37j7NQ/zjKqQreX4d+Vcg+QSsL35rSRqGguZmUqFak09YyvSI44MLj6euZF2MrTCYZmcjahcSuM7awZ+UmiCUT6IrDOviQJKsuLkQHYlQ4scb2U+JwvZJk8Fd2aqNgeNgw6of6cRwR4Rb88MAkQd0fHJKtYb2B5D8SxRgXfMDuJiKLdPQzXmeifY5KtaGrohJOqffizwGVVLwNpvgXZTh2WWNMu4L4KmenxB0ymDjsbT9IFSuwNHkX4dQE94p7l5eQGGKJD/UXgTx3gEgdeqvLSRAdqnZlVZDBVFpAvFk1FF/sZ4ZmMLJcwkUIonh9InC/qkRnPTgxtbWulcdGPQ3d6e52rYjcSlq66zF7xuvL2FqeL454BT7KdN+7CIQ+iEBeQ1eHR652tjatYvs/yxx5amB/+QuxrFo27TfcTp+tPejmM3qq7nYqXuFNkbfo1L5K3xFHMJS9H/8OOQKYvnL8EPA0QcuvlV8u4rIXMCYKbFtg7h3O98Z3F0RXL5o2+A1l04R+6HrbbiZF8x9GQ3W1IIwJgApOYBUlDqjADH5MNLPU6R2yL7G7RN7e1OOyKi97FEZjwxRYIlZ1TDN8OIdZ3GJFZfrwwpZvjeJv6qVLc6AbHPt7+wKwak/AfZQDp53FuWRdtxaSsY1HhEt2JhOqN9gI0OLQcSD6XxY7jp59irAO9XAFSFgUjqNBBHXpNCAhnmXDeMNfGOYqk30Kt3f+yhG+Eyc+PME+3YfGes+auRo+3yNSkEQeG78yPn1gHwaOWPBARiqlND1KsyXBBajEUpwTDIjOMEAoVlZxQTrGhKdiT2TBNMDEwDQYJYIZIAWUDBAIBBQAEIHJJx0a64e4OsPxy/HYrvXKYRYn1jtUCfz7kUzqUj3opBBSk6aL2431VuvKF9Qkl2Yugn+WGOwICJxA=" | base64 -d > app/release-keystore.jks
2025-12-16T17:48:14.1602992Z [36;1mecho "MIIKugIBAzCCCmQGCSqGSIb3DQEHAaCCClUEggpRMIIKTTCCBbQGCSqGSIb3DQEHAaCCBaUEggWhMIIFnTCCBZkGCyqGSIb3DQEMCgECoIIFQDCCBTwwZgYJKoZIhvcNAQUNMFkwOAYJKoZIhvcNAQUMMCsEFFkDvVyOy7KmtzbLZZqd0OguEWy+AgInEAIBIDAMBggqhkiG9w0CCQUAMB0GCWCGSAFlAwQBKgQQDzOVgSdu7y1sRUqymEmCuwSCBNBT1NGLZuJgLSKDkk+gtoU5iOUXyKDH3f1/4LgMrRh9eVM4gp5QS7+74tRu0VXQrOu6xIyoFIlw5x8GjtPpuYqYsvmg1GFT3/myUXTVGoIW05LXnn+eZvHVYPsbpp6VQ4mq+fJK5h39k9JtZIhwlfafnmue2DuSiAdlD9ywiRXQXeBrimHD5j6M0PPfIAw3k7Q6YfaOXupV/bx7Nji9a4jZHjDkiU1TaRmx2oVFojFeir69lTjvLYPtrVfFvhK90qZfLU5hGgm2zJozbqWlc++P47vbri5FJjIzwglTT/AIjgzqixHTQdg6x7oib1gBhrVzstDqpArpzAlheg4yA7g3CC2mijZkLBzyvyGqgRZMKxxSpNiV7tybtC3nEDDMAMjvTNke8c1TbqbXHUUS9pfznThjmL/qmXJou7y8Vjpfe7sjlpUAbuBIfOIPdg8/Yemzj2aXudrIYy4cCuZWRKYXSDmHYowKFFzJmFmRTI1uXX7btsFAQG9MsRXmpRln+tKhadnDo4uIbT2VonhaVYAmRlucx4I0NgCQWPwyAU8AP64KyaOocZpqVy6Lpbjdw2Wj/pd3BJyc1UexpFIs/gdtxD1tNE5gwd0fLzLtoNMkfho+y0S4/o4/j7/JcExCgMY85ax4HOjKRXJP/Xm6LGwuxveQRoNC30M+1HPL5q7uhTJhhTbPcDqyhYxmGLQ+nCKu8M3/UV5P5QLYDiXZ7JK63ujnQ5ZmxcDnTWBcJ0OtFrVbKbo77DL3aWJEjHSepqhcxJWg4ctP0NQ7Ufeqh4/PPVU/weVlN5Drza61GfMwZxg9ILdbRStUFkZ3TLOArhwkNBJVMiteqTnttx/5YXjKFkXAa7kjoOXnslg01li8XOAMJ0XTlJol+Tua6b4CdfOsZAeKU/NJUQx29RAE2JwjvNVT6whX3bFRuBr1lPHohT+cH56gAPT2tP5M8+JQE7hvXSdJKbJ9zNNjU1vNdQ3C9sD1HgFegTHWPlK8+23furyOlzqNhM/nh/NgFHPADZoZJVD7Xiil+OvBnhXWDMc9Hl5MfGXAyTqX85Ho/evMwnM5O0lt9o/uu8FH/U57whxVC23B3xMCzTRvFfqkYmv0qeKA5dtDo5wMFFffKT1aFLk4aqX4HQ+Rhwn3GLWdhr0JDvJDrkVTNeO9zrsO4VuQZVSUzF4bQwbpm/2z2q7K+2HS5EUhxdHYbS7CJFlMg+HKHens3v7ZIwXZGE6Oz2qZW5AIXrFw+M7fQxdTC2vWoPM3W7XFQjYYHG6MuIAujDRfhrHeB6TbSW9Ruz5Bz19yaQH6HaCjtxBesb+DMwAz9W6E5nD4acYJljKtVGd+AZK2/JXq6/e3N6JiUVsVh7h/3SjH6aOfb/rkHwmTjboIP3sfNs8N/mCl3GW8L5mnjWSgGcn2A4hrBo5ZcB5X3hZSvm2qzkze7t4acVGne81xTkrIFffpuj9ijmAzZPILGIhfMGAAl/Z2Q4CpXl+s0QLvQ/pJ5eJkjByusExBbh6hoKWxKZ7Kr0n2KsFANb3yOV5g1eZPO+xP+q89pRvu7jrPgCybvWJGnJglVI80+f5LoTdnLQu2oaTxav0ClAHbETcv6CPPcR10bU3MM3g/GsxH+Cin4F0fwDkdgtYcineljTFGMCEGCSqGSIb3DQEJFDEUHhIAYgBwAHQAcgBhAGMAawBlAHIwIQYJKoZIhvcNAQkVMRQEElRpbWUgMTc2NTkwNjExMDk0ODCCBJEGCSqGSIb3DQEHBqCCBIIwggR+AgEAMIIEdwYJKoZIhvcNAQcBMGYGCSqGSIb3DQEFDTBZMDgGCSqGSIb3DQEFDDArBBQ/M4g9elOi3WM8mi3Deg+B5Lr1lAICJxACASAwDAYIKoZIhvcNAgkFADAdBglghkgBZQMEASoEENklWtKBChyNY5cwTZd32k6AggQA96LcQDuXrt9hsgYiLVaVtkNaG+rg1hn52Fn0NnO/7O8hH0HEyr2WHkyo84haoVeLjbsJOAJBwzFOdR58lWVDUcpRigVNvIn9HstUJnPEK944khLANiopx+qc/zeyg30tvtJFUsF+w7dH4FSFKo7yDfDFp6ma+6Q+Av05nuDFUFVjau+di1OLV0ooO2rNSTtjDkm3camDUFIWiv2VMPliwFZZzHvQMrhsztJ/ES4B/y0yMA6NIVssJbTmlaag05LO1kzCGSFPLeRyOGi63MeY+EQkr6RhndoQNCy7C3WiPIUqgGk21GQi5130iuCkW+p0mIQ4rPzYzK+wiJbZP9e2iVp1fXVX6Ikn/CGfMOxyXjVhRbkUcMF4VHUhLFX0O6Myg9cpLxswKBCPj6/ZKOs84wZ1RtrOH7vquYIwM8Wb3BeU9WTzfNuF+APS4YDt2ZeCwM38CLSQivji6r9/jGW63ggKuoJ39GBlIUvrFEbmKJhYpgnX1g71KmjeifJoMCcVvcm8iCCuBennHm4Gn8je5Fyrny9mNz7fGG4sD37j7NQ/zjKqQreX4d+Vcg+QSsL35rSRqGguZmUqFak09YyvSI44MLj6euZF2MrTCYZmcjahcSuM7awZ+UmiCUT6IrDOviQJKsuLkQHYlQ4scb2U+JwvZJk8Fd2aqNgeNgw6of6cRwR4Rb88MAkQd0fHJKtYb2B5D8SxRgXfMDuJiKLdPQzXmeifY5KtaGrohJOqffizwGVVLwNpvgXZTh2WWNMu4L4KmenxB0ymDjsbT9IFSuwNHkX4dQE94p7l5eQGGKJD/UXgTx3gEgdeqvLSRAdqnZlVZDBVFpAvFk1FF/sZ4ZmMLJcwkUIonh9InC/qkRnPTgxtbWulcdGPQ3d6e52rYjcSlq66zF7xuvL2FqeL454BT7KdN+7CIQ+iEBeQ1eHR652tjatYvs/yxx5amB/+QuxrFo27TfcTp+tPejmM3qq7nYqXuFNkbfo1L5K3xFHMJS9H/8OOQKYvnL8EPA0QcuvlV8u4rIXMCYKbFtg7h3O98Z3F0RXL5o2+A1l04R+6HrbbiZF8x9GQ3W1IIwJgApOYBUlDqjADH5MNLPU6R2yL7G7RN7e1OOyKi97FEZjwxRYIlZ1TDN8OIdZ3GJFZfrwwpZvjeJv6qVLc6AbHPt7+wKwak/AfZQDp53FuWRdtxaSsY1HhEt2JhOqN9gI0OLQcSD6XxY7jp59irAO9XAFSFgUjqNBBHXpNCAhnmXDeMNfGOYqk30Kt3f+yhG+Eyc+PME+3YfGes+auRo+3yNSkEQeG78yPn1gHwaOWPBARiqlND1KsyXBBajEUpwTDIjOMEAoVlZxQTrGhKdiT2TBNMDEwDQYJYIZIAWUDBAIBBQAEIHJJx0a64e4OsPxy/HYrvXKYRYn1jtUCfz7kUzqUj3opBBSk6aL2431VuvKF9Qkl2Yugn+WGOwICJxA=" | base64 -d > app/release-keystore.jks[0m
2025-12-16T17:48:14.1690287Z shell: /usr/bin/bash -e {0}
2025-12-16T17:48:14.1691266Z env:
2025-12-16T17:48:14.1692379Z   JAVA_HOME: /opt/hostedtoolcache/Java_Temurin-Hotspot_jdk/17.0.17-10/x64
2025-12-16T17:48:14.1694130Z   JAVA_HOME_17_X64: /opt/hostedtoolcache/Java_Temurin-Hotspot_jdk/17.0.17-10/x64
2025-12-16T17:48:14.1695523Z ##[endgroup]
2025-12-16T17:48:14.1815947Z ##[group]Run ./gradlew assembleRelease
2025-12-16T17:48:14.1817036Z [36;1m./gradlew assembleRelease[0m
2025-12-16T17:48:14.1840679Z shell: /usr/bin/bash -e {0}
2025-12-16T17:48:14.1841544Z env:
2025-12-16T17:48:14.1842587Z   JAVA_HOME: /opt/hostedtoolcache/Java_Temurin-Hotspot_jdk/17.0.17-10/x64
2025-12-16T17:48:14.1844255Z   JAVA_HOME_17_X64: /opt/hostedtoolcache/Java_Temurin-Hotspot_jdk/17.0.17-10/x64
2025-12-16T17:48:14.1845572Z ##[endgroup]
2025-12-16T17:48:16.4358926Z Downloading https://services.gradle.org/distributions/gradle-8.2-bin.zip
2025-12-16T17:48:18.7935634Z ............10%............20%............30%.............40%............50%............60%............70%.............80%............90%............100%
2025-12-16T17:48:19.8777435Z 
2025-12-16T17:48:19.8778357Z Welcome to Gradle 8.2!
2025-12-16T17:48:19.8778657Z 
2025-12-16T17:48:19.8779651Z Here are the highlights of this release:
2025-12-16T17:48:19.8782140Z  - Kotlin DSL: new reference documentation, assignment syntax by default
2025-12-16T17:48:19.8783389Z  - Kotlin DSL is now the default with Gradle init
2025-12-16T17:48:19.8784555Z  - Improved suggestions to resolve errors in console output
2025-12-16T17:48:19.8784951Z 
2025-12-16T17:48:19.8786164Z For more details see https://docs.gradle.org/8.2/release-notes.html
2025-12-16T17:48:19.8786746Z 
2025-12-16T17:48:20.0737791Z Starting a Gradle Daemon (subsequent builds will be faster)
2025-12-16T17:50:05.3743062Z 
2025-12-16T17:50:05.3800963Z > Configure project :app
2025-12-16T17:50:05.3802271Z w: file:///home/runner/work/BP_Tracker/BP_Tracker/app/build.gradle.kts:66:9: Variable 'composeVersion' is never used
2025-12-16T17:50:07.8737906Z 
2025-12-16T17:50:07.8738949Z > Task :app:buildKotlinToolingMetadata
2025-12-16T17:50:07.8739698Z > Task :app:checkKotlinGradlePluginConfigurationErrors
2025-12-16T17:50:07.8740150Z > Task :app:preBuild UP-TO-DATE
2025-12-16T17:50:07.8740523Z > Task :app:preReleaseBuild UP-TO-DATE
2025-12-16T17:50:37.8738196Z > Task :app:checkReleaseAarMetadata
2025-12-16T17:51:20.5795909Z > Task :app:generateReleaseResValues
2025-12-16T17:51:20.7739437Z > Task :app:mapReleaseSourceSetPaths
2025-12-16T17:51:20.7752794Z > Task :app:generateReleaseResources
2025-12-16T17:51:22.9744875Z > Task :app:packageReleaseResources
2025-12-16T17:51:23.4737566Z > Task :app:mergeReleaseResources
2025-12-16T17:51:23.6773644Z > Task :app:createReleaseCompatibleScreenManifests
2025-12-16T17:51:23.6808719Z > Task :app:extractDeepLinksRelease
2025-12-16T17:51:23.7738196Z > Task :app:parseReleaseLocalResources
2025-12-16T17:51:24.0737536Z > Task :app:processReleaseMainManifest
2025-12-16T17:51:24.1737437Z > Task :app:processReleaseManifest
2025-12-16T17:51:33.6739679Z > Task :app:extractProguardFiles
2025-12-16T17:51:33.6740316Z > Task :app:javaPreCompileRelease
2025-12-16T17:51:33.6740577Z > Task :app:mergeReleaseJniLibFolders
2025-12-16T17:51:35.0740956Z > Task :app:mergeReleaseNativeLibs NO-SOURCE
2025-12-16T17:51:35.0754987Z > Task :app:stripReleaseDebugSymbols NO-SOURCE
2025-12-16T17:51:35.0763553Z > Task :app:extractReleaseNativeSymbolTables NO-SOURCE
2025-12-16T17:51:35.0764193Z > Task :app:mergeReleaseNativeDebugMetadata NO-SOURCE
2025-12-16T17:51:36.6738176Z > Task :app:checkReleaseDuplicateClasses
2025-12-16T17:51:36.6745050Z > Task :app:mergeReleaseArtProfile
2025-12-16T17:51:36.6767470Z > Task :app:mergeReleaseShaders
2025-12-16T17:51:36.6768038Z > Task :app:compileReleaseShaders NO-SOURCE
2025-12-16T17:51:36.6768498Z > Task :app:processReleaseManifestForPackage
2025-12-16T17:51:37.2738350Z > Task :app:generateReleaseAssets UP-TO-DATE
2025-12-16T17:51:37.3768297Z > Task :app:mergeReleaseAssets
2025-12-16T17:51:37.3769138Z > Task :app:compressReleaseAssets
2025-12-16T17:51:37.6744985Z > Task :app:collectReleaseDependencies
2025-12-16T17:51:37.7737588Z > Task :app:sdkReleaseDependencyData
2025-12-16T17:51:37.7738613Z > Task :app:validateSigningRelease
2025-12-16T17:51:37.8738367Z > Task :app:writeReleaseAppMetadata
2025-12-16T17:51:37.8754016Z > Task :app:writeReleaseSigningConfigVersions
2025-12-16T17:51:37.8754774Z > Task :app:processReleaseResources
2025-12-16T17:51:47.4737545Z > Task :app:optimizeReleaseResources
2025-12-16T17:51:54.9742522Z 
2025-12-16T17:51:54.9742976Z > Task :app:kspReleaseKotlin
2025-12-16T17:51:54.9747165Z w: [ksp] /home/runner/work/BP_Tracker/BP_Tracker/app/src/main/java/com/bptracker/data/database/BloodPressureDatabase.kt:15: Schema export directory was not provided to the annotation processor so Room cannot export the schema. You can either provide `room.schemaLocation` annotation processor argument by applying the Room Gradle plugin (id 'androidx.room') OR set exportSchema to false.
2025-12-16T17:52:14.8739561Z 
2025-12-16T17:52:14.8740531Z > Task :app:compileReleaseKotlin
2025-12-16T17:52:14.8741938Z w: file:///home/runner/work/BP_Tracker/BP_Tracker/app/src/main/java/com/bptracker/ui/screens/settings/SettingsScreen.kt:25:9 Variable 'uiState' is never used
2025-12-16T17:52:23.5736758Z 
2025-12-16T17:52:23.5737898Z > Task :app:compileReleaseJavaWithJavac
2025-12-16T17:52:24.6736912Z > Task :app:hiltAggregateDepsRelease
2025-12-16T17:52:30.2737246Z > Task :app:hiltJavaCompileRelease
2025-12-16T17:52:33.4737285Z > Task :app:generateReleaseLintVitalReportModel
2025-12-16T17:52:39.7737512Z > Task :app:processReleaseJavaRes
2025-12-16T17:52:40.0737269Z > Task :app:transformReleaseClassesWithAsm
2025-12-16T17:52:40.4749702Z > Task :app:mergeReleaseGeneratedProguardFiles
2025-12-16T17:52:41.9737642Z > Task :app:expandReleaseArtProfileWildcards
2025-12-16T17:52:43.0738241Z > Task :app:mergeReleaseJavaResource
2025-12-16T17:53:03.4737147Z > Task :app:lintVitalAnalyzeRelease
2025-12-16T17:53:07.1736211Z 
2025-12-16T17:53:07.1739046Z > Task :app:minifyReleaseWithR8 FAILED
2025-12-16T17:53:07.1742839Z ERROR: Missing classes detected while running R8. Please add the missing classes or apply additional keep rules that are generated in /home/runner/work/BP_Tracker/BP_Tracker/app/build/outputs/mapping/release/missing_rules.txt.
2025-12-16T17:53:07.1746689Z ERROR: R8: Missing class org.slf4j.impl.StaticLoggerBinder (referenced from: void org.slf4j.LoggerFactory.bind() and 3 other contexts)
2025-12-16T17:53:10.7778585Z 
2025-12-16T17:53:10.7779055Z 41 actionable tasks: 41 executed
2025-12-16T17:53:10.7839278Z FAILURE: Build failed with an exception.
2025-12-16T17:53:10.7866886Z 
2025-12-16T17:53:10.7867555Z * What went wrong:
2025-12-16T17:53:10.7868236Z Execution failed for task ':app:minifyReleaseWithR8'.
2025-12-16T17:53:10.7869117Z > A failure occurred while executing com.android.build.gradle.internal.tasks.R8Task$R8Runnable
2025-12-16T17:53:10.7869886Z    > Compilation failed to complete
2025-12-16T17:53:10.7870155Z 
2025-12-16T17:53:10.7870280Z * Try:
2025-12-16T17:53:10.7870643Z > Run with --stacktrace option to get the stack trace.
2025-12-16T17:53:10.7871710Z > Run with --info or --debug option to get more log output.
2025-12-16T17:53:10.7872223Z > Run with --scan to get full insights.
2025-12-16T17:53:10.7872772Z > Get more help at https://help.gradle.org.
2025-12-16T17:53:10.7873113Z 
2025-12-16T17:53:10.7873244Z BUILD FAILED in 4m 54s
2025-12-16T17:53:11.1383058Z ##[error]Process completed with exit code 1.
2025-12-16T17:53:11.1437415Z ##[group]Run rm -f app/release-keystore.jks
2025-12-16T17:53:11.1437730Z [36;1mrm -f app/release-keystore.jks[0m
2025-12-16T17:53:11.1457580Z shell: /usr/bin/bash -e {0}
2025-12-16T17:53:11.1457812Z env:
2025-12-16T17:53:11.1458201Z   JAVA_HOME: /opt/hostedtoolcache/Java_Temurin-Hotspot_jdk/17.0.17-10/x64
2025-12-16T17:53:11.1458630Z   JAVA_HOME_17_X64: /opt/hostedtoolcache/Java_Temurin-Hotspot_jdk/17.0.17-10/x64
2025-12-16T17:53:11.1458949Z ##[endgroup]
2025-12-16T17:53:11.1582319Z Post job cleanup.
2025-12-16T17:53:11.3277447Z Post job cleanup.
2025-12-16T17:53:11.4250953Z [command]/usr/bin/git version
2025-12-16T17:53:11.4283804Z git version 2.52.0
2025-12-16T17:53:11.4322437Z Temporarily overriding HOME='/home/runner/work/_temp/689ac25a-5dea-4f29-b7b4-4a76d1f790f5' before making global git config changes
2025-12-16T17:53:11.4323634Z Adding repository directory to the temporary git global config as a safe directory
2025-12-16T17:53:11.4335604Z [command]/usr/bin/git config --global --add safe.directory /home/runner/work/BP_Tracker/BP_Tracker
2025-12-16T17:53:11.4367010Z [command]/usr/bin/git config --local --name-only --get-regexp core\.sshCommand
2025-12-16T17:53:11.4396700Z [command]/usr/bin/git submodule foreach --recursive sh -c "git config --local --name-only --get-regexp 'core\.sshCommand' && git config --local --unset-all 'core.sshCommand' || :"
2025-12-16T17:53:11.4588999Z [command]/usr/bin/git config --local --name-only --get-regexp http\.https\:\/\/github\.com\/\.extraheader
2025-12-16T17:53:11.4606524Z http.https://github.com/.extraheader
2025-12-16T17:53:11.4619087Z [command]/usr/bin/git config --local --unset-all http.https://github.com/.extraheader
2025-12-16T17:53:11.4644667Z [command]/usr/bin/git submodule foreach --recursive sh -c "git config --local --name-only --get-regexp 'http\.https\:\/\/github\.com\/\.extraheader' && git config --local --unset-all 'http.https://github.com/.extraheader' || :"
2025-12-16T17:53:11.4823360Z [command]/usr/bin/git config --local --name-only --get-regexp ^includeIf\.gitdir:
2025-12-16T17:53:11.4851252Z [command]/usr/bin/git submodule foreach --recursive git config --local --show-origin --name-only --get-regexp remote.origin.url
2025-12-16T17:53:11.5134201Z Cleaning up orphan processes
2025-12-16T17:53:11.5361850Z Terminate orphan process: pid (2200) (java)
2025-12-16T17:53:11.5381547Z Terminate orphan process: pid (2421) (java)
