2025-12-17T18:03:50.6432193Z Current runner version: '2.330.0'
2025-12-17T18:03:50.6457350Z ##[group]Runner Image Provisioner
2025-12-17T18:03:50.6458078Z Hosted Compute Agent
2025-12-17T18:03:50.6458730Z Version: 20251202.455
2025-12-17T18:03:50.6459679Z Commit: 6c10caca4910e198df60de23adf20ad317c474e3
2025-12-17T18:03:50.6460360Z Build Date: 2025-12-02T15:56:59Z
2025-12-17T18:03:50.6461098Z Worker ID: {aba54a90-4283-41cb-9b6e-93adb2793db7}
2025-12-17T18:03:50.6461802Z ##[endgroup]
2025-12-17T18:03:50.6462283Z ##[group]Operating System
2025-12-17T18:03:50.6462908Z Ubuntu
2025-12-17T18:03:50.6463390Z 24.04.3
2025-12-17T18:03:50.6463810Z LTS
2025-12-17T18:03:50.6464329Z ##[endgroup]
2025-12-17T18:03:50.6464815Z ##[group]Runner Image
2025-12-17T18:03:50.6465348Z Image: ubuntu-24.04
2025-12-17T18:03:50.6465847Z Version: 20251208.163.1
2025-12-17T18:03:50.6466868Z Included Software: https://github.com/actions/runner-images/blob/ubuntu24/20251208.163/images/ubuntu/Ubuntu2404-Readme.md
2025-12-17T18:03:50.6468381Z Image Release: https://github.com/actions/runner-images/releases/tag/ubuntu24%2F20251208.163
2025-12-17T18:03:50.6469749Z ##[endgroup]
2025-12-17T18:03:50.6470902Z ##[group]GITHUB_TOKEN Permissions
2025-12-17T18:03:50.6472787Z Contents: read
2025-12-17T18:03:50.6473322Z Metadata: read
2025-12-17T18:03:50.6473894Z Packages: read
2025-12-17T18:03:50.6474423Z ##[endgroup]
2025-12-17T18:03:50.6476590Z Secret source: Actions
2025-12-17T18:03:50.6477272Z Prepare workflow directory
2025-12-17T18:03:50.6880329Z Prepare all required actions
2025-12-17T18:03:50.6936958Z Getting action download info
2025-12-17T18:03:51.0511789Z Download action repository 'actions/checkout@v4' (SHA:34e114876b0b11c390a56381ad16ebd13914f8d5)
2025-12-17T18:03:51.1643362Z Download action repository 'actions/setup-java@v4' (SHA:c1e323688fd81a25caa38c78aa6df2d33d3e20d9)
2025-12-17T18:03:51.7349917Z Download action repository 'actions/upload-artifact@v4' (SHA:ea165f8d65b6e75b540449e92b4886f43607fa02)
2025-12-17T18:03:51.9937856Z Complete job name: build
2025-12-17T18:03:52.0807527Z ##[group]Run actions/checkout@v4
2025-12-17T18:03:52.0809141Z with:
2025-12-17T18:03:52.0809918Z   repository: Vishalsnw/BP_Tracker
2025-12-17T18:03:52.0811241Z   token: ***
2025-12-17T18:03:52.0811982Z   ssh-strict: true
2025-12-17T18:03:52.0812741Z   ssh-user: git
2025-12-17T18:03:52.0813530Z   persist-credentials: true
2025-12-17T18:03:52.0814393Z   clean: true
2025-12-17T18:03:52.0815189Z   sparse-checkout-cone-mode: true
2025-12-17T18:03:52.0816145Z   fetch-depth: 1
2025-12-17T18:03:52.0816921Z   fetch-tags: false
2025-12-17T18:03:52.0817731Z   show-progress: true
2025-12-17T18:03:52.0818539Z   lfs: false
2025-12-17T18:03:52.0819397Z   submodules: false
2025-12-17T18:03:52.0820187Z   set-safe-directory: true
2025-12-17T18:03:52.0821767Z ##[endgroup]
2025-12-17T18:03:52.2143660Z Syncing repository: Vishalsnw/BP_Tracker
2025-12-17T18:03:52.2147497Z ##[group]Getting Git version info
2025-12-17T18:03:52.2149919Z Working directory is '/home/runner/work/BP_Tracker/BP_Tracker'
2025-12-17T18:03:52.2153109Z [command]/usr/bin/git version
2025-12-17T18:03:52.5565253Z git version 2.52.0
2025-12-17T18:03:52.5593877Z ##[endgroup]
2025-12-17T18:03:52.5617193Z Temporarily overriding HOME='/home/runner/work/_temp/49f877ef-3f83-46ce-a41d-1d526b15f3e1' before making global git config changes
2025-12-17T18:03:52.5622497Z Adding repository directory to the temporary git global config as a safe directory
2025-12-17T18:03:52.5624723Z [command]/usr/bin/git config --global --add safe.directory /home/runner/work/BP_Tracker/BP_Tracker
2025-12-17T18:03:52.5665744Z Deleting the contents of '/home/runner/work/BP_Tracker/BP_Tracker'
2025-12-17T18:03:52.5669971Z ##[group]Initializing the repository
2025-12-17T18:03:52.5675393Z [command]/usr/bin/git init /home/runner/work/BP_Tracker/BP_Tracker
2025-12-17T18:03:52.5786434Z hint: Using 'master' as the name for the initial branch. This default branch name
2025-12-17T18:03:52.5789454Z hint: will change to "main" in Git 3.0. To configure the initial branch name
2025-12-17T18:03:52.5792957Z hint: to use in all of your new repositories, which will suppress this warning,
2025-12-17T18:03:52.5795262Z hint: call:
2025-12-17T18:03:52.5796422Z hint:
2025-12-17T18:03:52.5797853Z hint: 	git config --global init.defaultBranch <name>
2025-12-17T18:03:52.5799896Z hint:
2025-12-17T18:03:52.5801578Z hint: Names commonly chosen instead of 'master' are 'main', 'trunk' and
2025-12-17T18:03:52.5804661Z hint: 'development'. The just-created branch can be renamed via this command:
2025-12-17T18:03:52.5806945Z hint:
2025-12-17T18:03:52.5808089Z hint: 	git branch -m <name>
2025-12-17T18:03:52.5809628Z hint:
2025-12-17T18:03:52.5811414Z hint: Disable this message with "git config set advice.defaultBranchName false"
2025-12-17T18:03:52.5813803Z Initialized empty Git repository in /home/runner/work/BP_Tracker/BP_Tracker/.git/
2025-12-17T18:03:52.5816999Z [command]/usr/bin/git remote add origin https://github.com/Vishalsnw/BP_Tracker
2025-12-17T18:03:52.5844678Z ##[endgroup]
2025-12-17T18:03:52.5847008Z ##[group]Disabling automatic garbage collection
2025-12-17T18:03:52.5849255Z [command]/usr/bin/git config --local gc.auto 0
2025-12-17T18:03:52.5880800Z ##[endgroup]
2025-12-17T18:03:52.5882024Z ##[group]Setting up auth
2025-12-17T18:03:52.5888158Z [command]/usr/bin/git config --local --name-only --get-regexp core\.sshCommand
2025-12-17T18:03:52.5920690Z [command]/usr/bin/git submodule foreach --recursive sh -c "git config --local --name-only --get-regexp 'core\.sshCommand' && git config --local --unset-all 'core.sshCommand' || :"
2025-12-17T18:03:52.6277593Z [command]/usr/bin/git config --local --name-only --get-regexp http\.https\:\/\/github\.com\/\.extraheader
2025-12-17T18:03:52.6311103Z [command]/usr/bin/git submodule foreach --recursive sh -c "git config --local --name-only --get-regexp 'http\.https\:\/\/github\.com\/\.extraheader' && git config --local --unset-all 'http.https://github.com/.extraheader' || :"
2025-12-17T18:03:52.6549379Z [command]/usr/bin/git config --local --name-only --get-regexp ^includeIf\.gitdir:
2025-12-17T18:03:52.6596273Z [command]/usr/bin/git submodule foreach --recursive git config --local --show-origin --name-only --get-regexp remote.origin.url
2025-12-17T18:03:52.6858770Z [command]/usr/bin/git config --local http.https://github.com/.extraheader AUTHORIZATION: basic ***
2025-12-17T18:03:52.6902434Z ##[endgroup]
2025-12-17T18:03:52.6903763Z ##[group]Fetching the repository
2025-12-17T18:03:52.6916542Z [command]/usr/bin/git -c protocol.version=2 fetch --no-tags --prune --no-recurse-submodules --depth=1 origin +deb7386e5fb799719a86658c876b6fda8c787537:refs/remotes/origin/main
2025-12-17T18:03:53.0047081Z From https://github.com/Vishalsnw/BP_Tracker
2025-12-17T18:03:53.0049604Z  * [new ref]         deb7386e5fb799719a86658c876b6fda8c787537 -> origin/main
2025-12-17T18:03:53.0083514Z ##[endgroup]
2025-12-17T18:03:53.0085745Z ##[group]Determining the checkout info
2025-12-17T18:03:53.0088216Z ##[endgroup]
2025-12-17T18:03:53.0091192Z [command]/usr/bin/git sparse-checkout disable
2025-12-17T18:03:53.0135572Z [command]/usr/bin/git config --local --unset-all extensions.worktreeConfig
2025-12-17T18:03:53.0164450Z ##[group]Checking out the ref
2025-12-17T18:03:53.0168364Z [command]/usr/bin/git checkout --progress --force -B main refs/remotes/origin/main
2025-12-17T18:03:53.0308119Z Switched to a new branch 'main'
2025-12-17T18:03:53.0310110Z branch 'main' set up to track 'origin/main'.
2025-12-17T18:03:53.0318241Z ##[endgroup]
2025-12-17T18:03:53.0358136Z [command]/usr/bin/git log -1 --format=%H
2025-12-17T18:03:53.0382378Z deb7386e5fb799719a86658c876b6fda8c787537
2025-12-17T18:03:53.0733120Z ##[group]Run actions/setup-java@v4
2025-12-17T18:03:53.0734085Z with:
2025-12-17T18:03:53.0734753Z   java-version: 17
2025-12-17T18:03:53.0735492Z   distribution: temurin
2025-12-17T18:03:53.0736263Z   cache: gradle
2025-12-17T18:03:53.0736964Z   java-package: jdk
2025-12-17T18:03:53.0737712Z   check-latest: false
2025-12-17T18:03:53.0738465Z   server-id: github
2025-12-17T18:03:53.0739393Z   server-username: GITHUB_ACTOR
2025-12-17T18:03:53.0740522Z   server-password: GITHUB_TOKEN
2025-12-17T18:03:53.0741419Z   overwrite-settings: true
2025-12-17T18:03:53.0742239Z   job-status: success
2025-12-17T18:03:53.0743241Z   token: ***
2025-12-17T18:03:53.0743926Z ##[endgroup]
2025-12-17T18:03:53.2881698Z ##[group]Installed distributions
2025-12-17T18:03:53.2949636Z Resolved Java 17.0.17+10 from tool-cache
2025-12-17T18:03:53.2951471Z Setting Java 17.0.17+10 as the default
2025-12-17T18:03:53.2965485Z Creating toolchains.xml for JDK version 17 from temurin
2025-12-17T18:03:53.3046425Z Writing to /home/runner/.m2/toolchains.xml
2025-12-17T18:03:53.3047786Z 
2025-12-17T18:03:53.3048337Z Java configuration:
2025-12-17T18:03:53.3050917Z   Distribution: temurin
2025-12-17T18:03:53.3051915Z   Version: 17.0.17+10
2025-12-17T18:03:53.3053128Z   Path: /opt/hostedtoolcache/Java_Temurin-Hotspot_jdk/17.0.17-10/x64
2025-12-17T18:03:53.3054196Z 
2025-12-17T18:03:53.3055510Z ##[endgroup]
2025-12-17T18:03:53.3073062Z Creating settings.xml with server-id: github
2025-12-17T18:03:53.3074548Z Writing to /home/runner/.m2/settings.xml
2025-12-17T18:03:53.5952704Z Cache hit for: setup-java-Linux-x64-gradle-401f94cd71b6af81f298c4d86b4b628d092378215ab2a920a380974fbde8e3a2
2025-12-17T18:03:54.7098038Z Received 134217728 of 752189410 (17.8%), 128.0 MBs/sec
2025-12-17T18:03:55.7096421Z Received 301989888 of 752189410 (40.1%), 144.0 MBs/sec
2025-12-17T18:03:56.7100143Z Received 478150656 of 752189410 (63.6%), 152.0 MBs/sec
2025-12-17T18:03:57.7720497Z Received 671088640 of 752189410 (89.2%), 157.6 MBs/sec
2025-12-17T18:03:58.2326779Z Received 752189410 of 752189410 (100.0%), 158.6 MBs/sec
2025-12-17T18:03:58.2328010Z Cache Size: ~717 MB (752189410 B)
2025-12-17T18:03:58.2371855Z [command]/usr/bin/tar -xf /home/runner/work/_temp/dc207d6b-6734-4739-88ef-56f8b39679ea/cache.tzst -P -C /home/runner/work/BP_Tracker/BP_Tracker --use-compress-program unzstd
2025-12-17T18:04:01.2009857Z Cache restored successfully
2025-12-17T18:04:01.3415913Z Cache restored from key: setup-java-Linux-x64-gradle-401f94cd71b6af81f298c4d86b4b628d092378215ab2a920a380974fbde8e3a2
2025-12-17T18:04:01.3612005Z ##[group]Run chmod +x gradlew
2025-12-17T18:04:01.3612548Z [36;1mchmod +x gradlew[0m
2025-12-17T18:04:01.3659691Z shell: /usr/bin/bash -e {0}
2025-12-17T18:04:01.3660107Z env:
2025-12-17T18:04:01.3660446Z   JAVA_HOME: /opt/hostedtoolcache/Java_Temurin-Hotspot_jdk/17.0.17-10/x64
2025-12-17T18:04:01.3660972Z   JAVA_HOME_17_X64: /opt/hostedtoolcache/Java_Temurin-Hotspot_jdk/17.0.17-10/x64
2025-12-17T18:04:01.3661365Z ##[endgroup]
2025-12-17T18:04:01.3806532Z ##[group]Run echo "MIIKugIBAzCCCmQGCSqGSIb3DQEHAaCCClUEggpRMIIKTTCCBbQGCSqGSIb3DQEHAaCCBaUEggWhMIIFnTCCBZkGCyqGSIb3DQEMCgECoIIFQDCCBTwwZgYJKoZIhvcNAQUNMFkwOAYJKoZIhvcNAQUMMCsEFFkDvVyOy7KmtzbLZZqd0OguEWy+AgInEAIBIDAMBggqhkiG9w0CCQUAMB0GCWCGSAFlAwQBKgQQDzOVgSdu7y1sRUqymEmCuwSCBNBT1NGLZuJgLSKDkk+gtoU5iOUXyKDH3f1/4LgMrRh9eVM4gp5QS7+74tRu0VXQrOu6xIyoFIlw5x8GjtPpuYqYsvmg1GFT3/myUXTVGoIW05LXnn+eZvHVYPsbpp6VQ4mq+fJK5h39k9JtZIhwlfafnmue2DuSiAdlD9ywiRXQXeBrimHD5j6M0PPfIAw3k7Q6YfaOXupV/bx7Nji9a4jZHjDkiU1TaRmx2oVFojFeir69lTjvLYPtrVfFvhK90qZfLU5hGgm2zJozbqWlc++P47vbri5FJjIzwglTT/AIjgzqixHTQdg6x7oib1gBhrVzstDqpArpzAlheg4yA7g3CC2mijZkLBzyvyGqgRZMKxxSpNiV7tybtC3nEDDMAMjvTNke8c1TbqbXHUUS9pfznThjmL/qmXJou7y8Vjpfe7sjlpUAbuBIfOIPdg8/Yemzj2aXudrIYy4cCuZWRKYXSDmHYowKFFzJmFmRTI1uXX7btsFAQG9MsRXmpRln+tKhadnDo4uIbT2VonhaVYAmRlucx4I0NgCQWPwyAU8AP64KyaOocZpqVy6Lpbjdw2Wj/pd3BJyc1UexpFIs/gdtxD1tNE5gwd0fLzLtoNMkfho+y0S4/o4/j7/JcExCgMY85ax4HOjKRXJP/Xm6LGwuxveQRoNC30M+1HPL5q7uhTJhhTbPcDqyhYxmGLQ+nCKu8M3/UV5P5QLYDiXZ7JK63ujnQ5ZmxcDnTWBcJ0OtFrVbKbo77DL3aWJEjHSepqhcxJWg4ctP0NQ7Ufeqh4/PPVU/weVlN5Drza61GfMwZxg9ILdbRStUFkZ3TLOArhwkNBJVMiteqTnttx/5YXjKFkXAa7kjoOXnslg01li8XOAMJ0XTlJol+Tua6b4CdfOsZAeKU/NJUQx29RAE2JwjvNVT6whX3bFRuBr1lPHohT+cH56gAPT2tP5M8+JQE7hvXSdJKbJ9zNNjU1vNdQ3C9sD1HgFegTHWPlK8+23furyOlzqNhM/nh/NgFHPADZoZJVD7Xiil+OvBnhXWDMc9Hl5MfGXAyTqX85Ho/evMwnM5O0lt9o/uu8FH/U57whxVC23B3xMCzTRvFfqkYmv0qeKA5dtDo5wMFFffKT1aFLk4aqX4HQ+Rhwn3GLWdhr0JDvJDrkVTNeO9zrsO4VuQZVSUzF4bQwbpm/2z2q7K+2HS5EUhxdHYbS7CJFlMg+HKHens3v7ZIwXZGE6Oz2qZW5AIXrFw+M7fQxdTC2vWoPM3W7XFQjYYHG6MuIAujDRfhrHeB6TbSW9Ruz5Bz19yaQH6HaCjtxBesb+DMwAz9W6E5nD4acYJljKtVGd+AZK2/JXq6/e3N6JiUVsVh7h/3SjH6aOfb/rkHwmTjboIP3sfNs8N/mCl3GW8L5mnjWSgGcn2A4hrBo5ZcB5X3hZSvm2qzkze7t4acVGne81xTkrIFffpuj9ijmAzZPILGIhfMGAAl/Z2Q4CpXl+s0QLvQ/pJ5eJkjByusExBbh6hoKWxKZ7Kr0n2KsFANb3yOV5g1eZPO+xP+q89pRvu7jrPgCybvWJGnJglVI80+f5LoTdnLQu2oaTxav0ClAHbETcv6CPPcR10bU3MM3g/GsxH+Cin4F0fwDkdgtYcineljTFGMCEGCSqGSIb3DQEJFDEUHhIAYgBwAHQAcgBhAGMAawBlAHIwIQYJKoZIhvcNAQkVMRQEElRpbWUgMTc2NTkwNjExMDk0ODCCBJEGCSqGSIb3DQEHBqCCBIIwggR+AgEAMIIEdwYJKoZIhvcNAQcBMGYGCSqGSIb3DQEFDTBZMDgGCSqGSIb3DQEFDDArBBQ/M4g9elOi3WM8mi3Deg+B5Lr1lAICJxACASAwDAYIKoZIhvcNAgkFADAdBglghkgBZQMEASoEENklWtKBChyNY5cwTZd32k6AggQA96LcQDuXrt9hsgYiLVaVtkNaG+rg1hn52Fn0NnO/7O8hH0HEyr2WHkyo84haoVeLjbsJOAJBwzFOdR58lWVDUcpRigVNvIn9HstUJnPEK944khLANiopx+qc/zeyg30tvtJFUsF+w7dH4FSFKo7yDfDFp6ma+6Q+Av05nuDFUFVjau+di1OLV0ooO2rNSTtjDkm3camDUFIWiv2VMPliwFZZzHvQMrhsztJ/ES4B/y0yMA6NIVssJbTmlaag05LO1kzCGSFPLeRyOGi63MeY+EQkr6RhndoQNCy7C3WiPIUqgGk21GQi5130iuCkW+p0mIQ4rPzYzK+wiJbZP9e2iVp1fXVX6Ikn/CGfMOxyXjVhRbkUcMF4VHUhLFX0O6Myg9cpLxswKBCPj6/ZKOs84wZ1RtrOH7vquYIwM8Wb3BeU9WTzfNuF+APS4YDt2ZeCwM38CLSQivji6r9/jGW63ggKuoJ39GBlIUvrFEbmKJhYpgnX1g71KmjeifJoMCcVvcm8iCCuBennHm4Gn8je5Fyrny9mNz7fGG4sD37j7NQ/zjKqQreX4d+Vcg+QSsL35rSRqGguZmUqFak09YyvSI44MLj6euZF2MrTCYZmcjahcSuM7awZ+UmiCUT6IrDOviQJKsuLkQHYlQ4scb2U+JwvZJk8Fd2aqNgeNgw6of6cRwR4Rb88MAkQd0fHJKtYb2B5D8SxRgXfMDuJiKLdPQzXmeifY5KtaGrohJOqffizwGVVLwNpvgXZTh2WWNMu4L4KmenxB0ymDjsbT9IFSuwNHkX4dQE94p7l5eQGGKJD/UXgTx3gEgdeqvLSRAdqnZlVZDBVFpAvFk1FF/sZ4ZmMLJcwkUIonh9InC/qkRnPTgxtbWulcdGPQ3d6e52rYjcSlq66zF7xuvL2FqeL454BT7KdN+7CIQ+iEBeQ1eHR652tjatYvs/yxx5amB/+QuxrFo27TfcTp+tPejmM3qq7nYqXuFNkbfo1L5K3xFHMJS9H/8OOQKYvnL8EPA0QcuvlV8u4rIXMCYKbFtg7h3O98Z3F0RXL5o2+A1l04R+6HrbbiZF8x9GQ3W1IIwJgApOYBUlDqjADH5MNLPU6R2yL7G7RN7e1OOyKi97FEZjwxRYIlZ1TDN8OIdZ3GJFZfrwwpZvjeJv6qVLc6AbHPt7+wKwak/AfZQDp53FuWRdtxaSsY1HhEt2JhOqN9gI0OLQcSD6XxY7jp59irAO9XAFSFgUjqNBBHXpNCAhnmXDeMNfGOYqk30Kt3f+yhG+Eyc+PME+3YfGes+auRo+3yNSkEQeG78yPn1gHwaOWPBARiqlND1KsyXBBajEUpwTDIjOMEAoVlZxQTrGhKdiT2TBNMDEwDQYJYIZIAWUDBAIBBQAEIHJJx0a64e4OsPxy/HYrvXKYRYn1jtUCfz7kUzqUj3opBBSk6aL2431VuvKF9Qkl2Yugn+WGOwICJxA=" | base64 -d > app/release-keystore.jks
2025-12-17T18:04:01.3842978Z [36;1mecho "MIIKugIBAzCCCmQGCSqGSIb3DQEHAaCCClUEggpRMIIKTTCCBbQGCSqGSIb3DQEHAaCCBaUEggWhMIIFnTCCBZkGCyqGSIb3DQEMCgECoIIFQDCCBTwwZgYJKoZIhvcNAQUNMFkwOAYJKoZIhvcNAQUMMCsEFFkDvVyOy7KmtzbLZZqd0OguEWy+AgInEAIBIDAMBggqhkiG9w0CCQUAMB0GCWCGSAFlAwQBKgQQDzOVgSdu7y1sRUqymEmCuwSCBNBT1NGLZuJgLSKDkk+gtoU5iOUXyKDH3f1/4LgMrRh9eVM4gp5QS7+74tRu0VXQrOu6xIyoFIlw5x8GjtPpuYqYsvmg1GFT3/myUXTVGoIW05LXnn+eZvHVYPsbpp6VQ4mq+fJK5h39k9JtZIhwlfafnmue2DuSiAdlD9ywiRXQXeBrimHD5j6M0PPfIAw3k7Q6YfaOXupV/bx7Nji9a4jZHjDkiU1TaRmx2oVFojFeir69lTjvLYPtrVfFvhK90qZfLU5hGgm2zJozbqWlc++P47vbri5FJjIzwglTT/AIjgzqixHTQdg6x7oib1gBhrVzstDqpArpzAlheg4yA7g3CC2mijZkLBzyvyGqgRZMKxxSpNiV7tybtC3nEDDMAMjvTNke8c1TbqbXHUUS9pfznThjmL/qmXJou7y8Vjpfe7sjlpUAbuBIfOIPdg8/Yemzj2aXudrIYy4cCuZWRKYXSDmHYowKFFzJmFmRTI1uXX7btsFAQG9MsRXmpRln+tKhadnDo4uIbT2VonhaVYAmRlucx4I0NgCQWPwyAU8AP64KyaOocZpqVy6Lpbjdw2Wj/pd3BJyc1UexpFIs/gdtxD1tNE5gwd0fLzLtoNMkfho+y0S4/o4/j7/JcExCgMY85ax4HOjKRXJP/Xm6LGwuxveQRoNC30M+1HPL5q7uhTJhhTbPcDqyhYxmGLQ+nCKu8M3/UV5P5QLYDiXZ7JK63ujnQ5ZmxcDnTWBcJ0OtFrVbKbo77DL3aWJEjHSepqhcxJWg4ctP0NQ7Ufeqh4/PPVU/weVlN5Drza61GfMwZxg9ILdbRStUFkZ3TLOArhwkNBJVMiteqTnttx/5YXjKFkXAa7kjoOXnslg01li8XOAMJ0XTlJol+Tua6b4CdfOsZAeKU/NJUQx29RAE2JwjvNVT6whX3bFRuBr1lPHohT+cH56gAPT2tP5M8+JQE7hvXSdJKbJ9zNNjU1vNdQ3C9sD1HgFegTHWPlK8+23furyOlzqNhM/nh/NgFHPADZoZJVD7Xiil+OvBnhXWDMc9Hl5MfGXAyTqX85Ho/evMwnM5O0lt9o/uu8FH/U57whxVC23B3xMCzTRvFfqkYmv0qeKA5dtDo5wMFFffKT1aFLk4aqX4HQ+Rhwn3GLWdhr0JDvJDrkVTNeO9zrsO4VuQZVSUzF4bQwbpm/2z2q7K+2HS5EUhxdHYbS7CJFlMg+HKHens3v7ZIwXZGE6Oz2qZW5AIXrFw+M7fQxdTC2vWoPM3W7XFQjYYHG6MuIAujDRfhrHeB6TbSW9Ruz5Bz19yaQH6HaCjtxBesb+DMwAz9W6E5nD4acYJljKtVGd+AZK2/JXq6/e3N6JiUVsVh7h/3SjH6aOfb/rkHwmTjboIP3sfNs8N/mCl3GW8L5mnjWSgGcn2A4hrBo5ZcB5X3hZSvm2qzkze7t4acVGne81xTkrIFffpuj9ijmAzZPILGIhfMGAAl/Z2Q4CpXl+s0QLvQ/pJ5eJkjByusExBbh6hoKWxKZ7Kr0n2KsFANb3yOV5g1eZPO+xP+q89pRvu7jrPgCybvWJGnJglVI80+f5LoTdnLQu2oaTxav0ClAHbETcv6CPPcR10bU3MM3g/GsxH+Cin4F0fwDkdgtYcineljTFGMCEGCSqGSIb3DQEJFDEUHhIAYgBwAHQAcgBhAGMAawBlAHIwIQYJKoZIhvcNAQkVMRQEElRpbWUgMTc2NTkwNjExMDk0ODCCBJEGCSqGSIb3DQEHBqCCBIIwggR+AgEAMIIEdwYJKoZIhvcNAQcBMGYGCSqGSIb3DQEFDTBZMDgGCSqGSIb3DQEFDDArBBQ/M4g9elOi3WM8mi3Deg+B5Lr1lAICJxACASAwDAYIKoZIhvcNAgkFADAdBglghkgBZQMEASoEENklWtKBChyNY5cwTZd32k6AggQA96LcQDuXrt9hsgYiLVaVtkNaG+rg1hn52Fn0NnO/7O8hH0HEyr2WHkyo84haoVeLjbsJOAJBwzFOdR58lWVDUcpRigVNvIn9HstUJnPEK944khLANiopx+qc/zeyg30tvtJFUsF+w7dH4FSFKo7yDfDFp6ma+6Q+Av05nuDFUFVjau+di1OLV0ooO2rNSTtjDkm3camDUFIWiv2VMPliwFZZzHvQMrhsztJ/ES4B/y0yMA6NIVssJbTmlaag05LO1kzCGSFPLeRyOGi63MeY+EQkr6RhndoQNCy7C3WiPIUqgGk21GQi5130iuCkW+p0mIQ4rPzYzK+wiJbZP9e2iVp1fXVX6Ikn/CGfMOxyXjVhRbkUcMF4VHUhLFX0O6Myg9cpLxswKBCPj6/ZKOs84wZ1RtrOH7vquYIwM8Wb3BeU9WTzfNuF+APS4YDt2ZeCwM38CLSQivji6r9/jGW63ggKuoJ39GBlIUvrFEbmKJhYpgnX1g71KmjeifJoMCcVvcm8iCCuBennHm4Gn8je5Fyrny9mNz7fGG4sD37j7NQ/zjKqQreX4d+Vcg+QSsL35rSRqGguZmUqFak09YyvSI44MLj6euZF2MrTCYZmcjahcSuM7awZ+UmiCUT6IrDOviQJKsuLkQHYlQ4scb2U+JwvZJk8Fd2aqNgeNgw6of6cRwR4Rb88MAkQd0fHJKtYb2B5D8SxRgXfMDuJiKLdPQzXmeifY5KtaGrohJOqffizwGVVLwNpvgXZTh2WWNMu4L4KmenxB0ymDjsbT9IFSuwNHkX4dQE94p7l5eQGGKJD/UXgTx3gEgdeqvLSRAdqnZlVZDBVFpAvFk1FF/sZ4ZmMLJcwkUIonh9InC/qkRnPTgxtbWulcdGPQ3d6e52rYjcSlq66zF7xuvL2FqeL454BT7KdN+7CIQ+iEBeQ1eHR652tjatYvs/yxx5amB/+QuxrFo27TfcTp+tPejmM3qq7nYqXuFNkbfo1L5K3xFHMJS9H/8OOQKYvnL8EPA0QcuvlV8u4rIXMCYKbFtg7h3O98Z3F0RXL5o2+A1l04R+6HrbbiZF8x9GQ3W1IIwJgApOYBUlDqjADH5MNLPU6R2yL7G7RN7e1OOyKi97FEZjwxRYIlZ1TDN8OIdZ3GJFZfrwwpZvjeJv6qVLc6AbHPt7+wKwak/AfZQDp53FuWRdtxaSsY1HhEt2JhOqN9gI0OLQcSD6XxY7jp59irAO9XAFSFgUjqNBBHXpNCAhnmXDeMNfGOYqk30Kt3f+yhG+Eyc+PME+3YfGes+auRo+3yNSkEQeG78yPn1gHwaOWPBARiqlND1KsyXBBajEUpwTDIjOMEAoVlZxQTrGhKdiT2TBNMDEwDQYJYIZIAWUDBAIBBQAEIHJJx0a64e4OsPxy/HYrvXKYRYn1jtUCfz7kUzqUj3opBBSk6aL2431VuvKF9Qkl2Yugn+WGOwICJxA=" | base64 -d > app/release-keystore.jks[0m
2025-12-17T18:04:01.3896331Z shell: /usr/bin/bash -e {0}
2025-12-17T18:04:01.3896611Z env:
2025-12-17T18:04:01.3896987Z   JAVA_HOME: /opt/hostedtoolcache/Java_Temurin-Hotspot_jdk/17.0.17-10/x64
2025-12-17T18:04:01.3897510Z   JAVA_HOME_17_X64: /opt/hostedtoolcache/Java_Temurin-Hotspot_jdk/17.0.17-10/x64
2025-12-17T18:04:01.3897887Z ##[endgroup]
2025-12-17T18:04:01.5069564Z ##[group]Run ./gradlew assembleRelease
2025-12-17T18:04:01.5069946Z [36;1m./gradlew assembleRelease[0m
2025-12-17T18:04:01.5104541Z shell: /usr/bin/bash -e {0}
2025-12-17T18:04:01.5104800Z env:
2025-12-17T18:04:01.5105112Z   JAVA_HOME: /opt/hostedtoolcache/Java_Temurin-Hotspot_jdk/17.0.17-10/x64
2025-12-17T18:04:01.5105599Z   JAVA_HOME_17_X64: /opt/hostedtoolcache/Java_Temurin-Hotspot_jdk/17.0.17-10/x64
2025-12-17T18:04:01.5106010Z ##[endgroup]
2025-12-17T18:04:02.8882292Z 
2025-12-17T18:04:02.8882903Z Welcome to Gradle 8.2!
2025-12-17T18:04:02.8883252Z 
2025-12-17T18:04:02.8883661Z Here are the highlights of this release:
2025-12-17T18:04:02.8886445Z  - Kotlin DSL: new reference documentation, assignment syntax by default
2025-12-17T18:04:02.8893068Z  - Kotlin DSL is now the default with Gradle init
2025-12-17T18:04:02.8893713Z  - Improved suggestions to resolve errors in console output
2025-12-17T18:04:02.8894125Z 
2025-12-17T18:04:02.8894587Z For more details see https://docs.gradle.org/8.2/release-notes.html
2025-12-17T18:04:02.8895079Z 
2025-12-17T18:04:03.2787716Z Starting a Gradle Daemon (subsequent builds will be faster)
2025-12-17T18:04:15.9818475Z > Task :app:buildKotlinToolingMetadata
2025-12-17T18:04:16.0798635Z > Task :app:checkKotlinGradlePluginConfigurationErrors
2025-12-17T18:04:16.0799699Z > Task :app:preBuild UP-TO-DATE
2025-12-17T18:04:16.0833100Z > Task :app:preReleaseBuild UP-TO-DATE
2025-12-17T18:04:16.5841347Z > Task :app:generateReleaseResValues
2025-12-17T18:04:16.6810992Z > Task :app:checkReleaseAarMetadata
2025-12-17T18:04:16.7785642Z > Task :app:mapReleaseSourceSetPaths
2025-12-17T18:04:16.7800416Z > Task :app:generateReleaseResources
2025-12-17T18:04:18.0881596Z > Task :app:packageReleaseResources
2025-12-17T18:04:19.1794231Z > Task :app:createReleaseCompatibleScreenManifests
2025-12-17T18:04:19.1841655Z > Task :app:extractDeepLinksRelease
2025-12-17T18:04:19.2787078Z > Task :app:parseReleaseLocalResources
2025-12-17T18:04:19.3787066Z > Task :app:mergeReleaseResources
2025-12-17T18:04:19.5808385Z > Task :app:processReleaseMainManifest
2025-12-17T18:04:19.6788233Z > Task :app:processReleaseManifest
2025-12-17T18:04:19.7786617Z > Task :app:extractProguardFiles
2025-12-17T18:04:19.7789480Z > Task :app:javaPreCompileRelease
2025-12-17T18:04:19.7790013Z > Task :app:mergeReleaseJniLibFolders
2025-12-17T18:04:19.8796147Z > Task :app:mergeReleaseNativeLibs NO-SOURCE
2025-12-17T18:04:19.9793019Z > Task :app:stripReleaseDebugSymbols NO-SOURCE
2025-12-17T18:04:19.9795948Z > Task :app:extractReleaseNativeSymbolTables NO-SOURCE
2025-12-17T18:04:19.9828070Z > Task :app:mergeReleaseNativeDebugMetadata NO-SOURCE
2025-12-17T18:04:20.1796129Z > Task :app:mergeReleaseArtProfile
2025-12-17T18:04:20.1797093Z > Task :app:mergeReleaseShaders
2025-12-17T18:04:20.1804614Z > Task :app:compileReleaseShaders NO-SOURCE
2025-12-17T18:04:20.1805217Z > Task :app:generateReleaseAssets UP-TO-DATE
2025-12-17T18:04:20.1805770Z > Task :app:processReleaseManifestForPackage
2025-12-17T18:04:20.1806353Z > Task :app:checkReleaseDuplicateClasses
2025-12-17T18:04:20.3811633Z > Task :app:mergeReleaseAssets
2025-12-17T18:04:20.3812516Z > Task :app:compressReleaseAssets
2025-12-17T18:04:20.5786564Z > Task :app:collectReleaseDependencies
2025-12-17T18:04:20.6825264Z > Task :app:sdkReleaseDependencyData
2025-12-17T18:04:20.6825811Z > Task :app:validateSigningRelease
2025-12-17T18:04:20.6826277Z > Task :app:writeReleaseAppMetadata
2025-12-17T18:04:20.7788510Z > Task :app:writeReleaseSigningConfigVersions
2025-12-17T18:04:20.8788271Z > Task :app:processReleaseResources
2025-12-17T18:04:22.3786907Z > Task :app:optimizeReleaseResources
2025-12-17T18:04:31.2820077Z > Task :app:kspReleaseKotlin
2025-12-17T18:04:48.7808977Z 
2025-12-17T18:04:48.7810524Z > Task :app:compileReleaseKotlin FAILED
2025-12-17T18:04:48.7813079Z e: file:///home/runner/work/BP_Tracker/BP_Tracker/app/src/main/java/com/bptracker/data/model/Mood.kt:11:12 Redeclaration: StressLevel
2025-12-17T18:04:48.7815737Z e: file:///home/runner/work/BP_Tracker/BP_Tracker/app/src/main/java/com/bptracker/data/model/MoodEntry.kt:33:12 Redeclaration: StressLevel
2025-12-17T18:04:48.7827604Z e: file:///home/runner/work/BP_Tracker/BP_Tracker/app/src/main/java/com/bptracker/data/model/MoodEntry.kt:34:13 Cannot access '<init>': it is private in 'StressLevel'
2025-12-17T18:04:48.7830133Z e: file:///home/runner/work/BP_Tracker/BP_Tracker/app/src/main/java/com/bptracker/data/model/MoodEntry.kt:35:8 Cannot access '<init>': it is private in 'StressLevel'
2025-12-17T18:04:48.7832144Z e: file:///home/runner/work/BP_Tracker/BP_Tracker/app/src/main/java/com/bptracker/data/model/MoodEntry.kt:36:13 Cannot access '<init>': it is private in 'StressLevel'
2025-12-17T18:04:48.7834130Z e: file:///home/runner/work/BP_Tracker/BP_Tracker/app/src/main/java/com/bptracker/data/model/MoodEntry.kt:37:9 Cannot access '<init>': it is private in 'StressLevel'
2025-12-17T18:04:48.7836405Z e: file:///home/runner/work/BP_Tracker/BP_Tracker/app/src/main/java/com/bptracker/data/model/MoodEntry.kt:38:14 Cannot access '<init>': it is private in 'StressLevel'
2025-12-17T18:04:48.7839152Z e: file:///home/runner/work/BP_Tracker/BP_Tracker/app/src/main/java/com/bptracker/ui/screens/addreading/AddReadingScreen.kt:447:9 This material API is experimental and is likely to change or to be removed in the future.
2025-12-17T18:04:48.7842133Z e: file:///home/runner/work/BP_Tracker/BP_Tracker/app/src/main/java/com/bptracker/ui/screens/profile/ProfileScreen.kt:287:37 Unresolved reference: verticalScroll
2025-12-17T18:04:48.7844111Z e: file:///home/runner/work/BP_Tracker/BP_Tracker/app/src/main/java/com/bptracker/ui/screens/profile/ProfileScreen.kt:353:17 Unresolved reference: HorizontalDivider
2025-12-17T18:04:48.7846393Z e: file:///home/runner/work/BP_Tracker/BP_Tracker/app/src/main/java/com/bptracker/ui/screens/relaxation/WhiteCoatHelperScreen.kt:260:9 None of the following functions can be called with the arguments supplied: 
2025-12-17T18:04:48.7849032Z public fun LinearProgressIndicator(modifier: Modifier = ..., color: Color = ..., trackColor: Color = ..., strokeCap: StrokeCap = ...): Unit defined in androidx.compose.material3
2025-12-17T18:04:48.7850902Z public fun LinearProgressIndicator(progress: Float, modifier: Modifier = ..., color: Color = ..., trackColor: Color = ..., strokeCap: StrokeCap = ...): Unit defined in androidx.compose.material3
2025-12-17T18:04:48.8842177Z 
2025-12-17T18:04:48.8842649Z 30 actionable tasks: 30 executed
2025-12-17T18:04:48.8843481Z FAILURE: Build failed with an exception.
2025-12-17T18:04:48.8843933Z 
2025-12-17T18:04:48.8844278Z * What went wrong:
2025-12-17T18:04:48.8845562Z Execution failed for task ':app:compileReleaseKotlin'.
2025-12-17T18:04:48.8849302Z > A failure occurred while executing org.jetbrains.kotlin.compilerRunner.GradleCompilerRunnerWithWorkers$GradleKotlinCompilerWorkAction
2025-12-17T18:04:48.8850427Z    > Compilation error. See log for more details
2025-12-17T18:04:48.8850754Z 
2025-12-17T18:04:48.8850875Z * Try:
2025-12-17T18:04:48.8851273Z > Run with --stacktrace option to get the stack trace.
2025-12-17T18:04:48.8851860Z > Run with --info or --debug option to get more log output.
2025-12-17T18:04:48.8852395Z > Run with --scan to get full insights.
2025-12-17T18:04:48.8852861Z > Get more help at https://help.gradle.org.
2025-12-17T18:04:48.8853215Z 
2025-12-17T18:04:48.8853340Z BUILD FAILED in 47s
2025-12-17T18:04:49.3567771Z ##[error]Process completed with exit code 1.
2025-12-17T18:04:49.3625801Z ##[group]Run rm -f app/release-keystore.jks
2025-12-17T18:04:49.3626169Z [36;1mrm -f app/release-keystore.jks[0m
2025-12-17T18:04:49.3658421Z shell: /usr/bin/bash -e {0}
2025-12-17T18:04:49.3658652Z env:
2025-12-17T18:04:49.3659131Z   JAVA_HOME: /opt/hostedtoolcache/Java_Temurin-Hotspot_jdk/17.0.17-10/x64
2025-12-17T18:04:49.3659610Z   JAVA_HOME_17_X64: /opt/hostedtoolcache/Java_Temurin-Hotspot_jdk/17.0.17-10/x64
2025-12-17T18:04:49.3659984Z ##[endgroup]
2025-12-17T18:04:49.3810362Z Post job cleanup.
2025-12-17T18:04:49.5653206Z Post job cleanup.
2025-12-17T18:04:49.6641470Z [command]/usr/bin/git version
2025-12-17T18:04:49.6682944Z git version 2.52.0
2025-12-17T18:04:49.6731580Z Temporarily overriding HOME='/home/runner/work/_temp/5eeaeffc-2d99-45df-9e5f-104706a24110' before making global git config changes
2025-12-17T18:04:49.6732981Z Adding repository directory to the temporary git global config as a safe directory
2025-12-17T18:04:49.6739490Z [command]/usr/bin/git config --global --add safe.directory /home/runner/work/BP_Tracker/BP_Tracker
2025-12-17T18:04:49.6781510Z [command]/usr/bin/git config --local --name-only --get-regexp core\.sshCommand
2025-12-17T18:04:49.6816274Z [command]/usr/bin/git submodule foreach --recursive sh -c "git config --local --name-only --get-regexp 'core\.sshCommand' && git config --local --unset-all 'core.sshCommand' || :"
2025-12-17T18:04:49.7050709Z [command]/usr/bin/git config --local --name-only --get-regexp http\.https\:\/\/github\.com\/\.extraheader
2025-12-17T18:04:49.7074389Z http.https://github.com/.extraheader
2025-12-17T18:04:49.7087447Z [command]/usr/bin/git config --local --unset-all http.https://github.com/.extraheader
2025-12-17T18:04:49.7120581Z [command]/usr/bin/git submodule foreach --recursive sh -c "git config --local --name-only --get-regexp 'http\.https\:\/\/github\.com\/\.extraheader' && git config --local --unset-all 'http.https://github.com/.extraheader' || :"
2025-12-17T18:04:49.7364427Z [command]/usr/bin/git config --local --name-only --get-regexp ^includeIf\.gitdir:
2025-12-17T18:04:49.7400053Z [command]/usr/bin/git submodule foreach --recursive git config --local --show-origin --name-only --get-regexp remote.origin.url
2025-12-17T18:04:49.7770443Z Cleaning up orphan processes
2025-12-17T18:04:49.8057652Z Terminate orphan process: pid (2184) (java)
2025-12-17T18:04:49.8080054Z Terminate orphan process: pid (2322) (java)
