2025-12-16T17:37:30.9346691Z Current runner version: '2.329.0'
2025-12-16T17:37:30.9380434Z ##[group]Runner Image Provisioner
2025-12-16T17:37:30.9381701Z Hosted Compute Agent
2025-12-16T17:37:30.9382953Z Version: 20251202.455
2025-12-16T17:37:30.9384020Z Commit: 6c10caca4910e198df60de23adf20ad317c474e3
2025-12-16T17:37:30.9385393Z Build Date: 2025-12-02T15:56:59Z
2025-12-16T17:37:30.9386504Z Worker ID: {9e0629e8-7592-49b0-ba6c-50765f329e1e}
2025-12-16T17:37:30.9387657Z ##[endgroup]
2025-12-16T17:37:30.9388656Z ##[group]Operating System
2025-12-16T17:37:30.9389520Z Ubuntu
2025-12-16T17:37:30.9390250Z 24.04.3
2025-12-16T17:37:30.9391033Z LTS
2025-12-16T17:37:30.9391830Z ##[endgroup]
2025-12-16T17:37:30.9392981Z ##[group]Runner Image
2025-12-16T17:37:30.9394179Z Image: ubuntu-24.04
2025-12-16T17:37:30.9395023Z Version: 20251208.163.1
2025-12-16T17:37:30.9396812Z Included Software: https://github.com/actions/runner-images/blob/ubuntu24/20251208.163/images/ubuntu/Ubuntu2404-Readme.md
2025-12-16T17:37:30.9399735Z Image Release: https://github.com/actions/runner-images/releases/tag/ubuntu24%2F20251208.163
2025-12-16T17:37:30.9401506Z ##[endgroup]
2025-12-16T17:37:30.9404388Z ##[group]GITHUB_TOKEN Permissions
2025-12-16T17:37:30.9407422Z Contents: read
2025-12-16T17:37:30.9408386Z Metadata: read
2025-12-16T17:37:30.9409300Z Packages: read
2025-12-16T17:37:30.9410072Z ##[endgroup]
2025-12-16T17:37:30.9413497Z Secret source: Actions
2025-12-16T17:37:30.9414950Z Prepare workflow directory
2025-12-16T17:37:30.9877415Z Prepare all required actions
2025-12-16T17:37:30.9933817Z Getting action download info
2025-12-16T17:37:31.2765600Z Download action repository 'actions/checkout@v4' (SHA:34e114876b0b11c390a56381ad16ebd13914f8d5)
2025-12-16T17:37:31.3684940Z Download action repository 'actions/setup-java@v4' (SHA:c1e323688fd81a25caa38c78aa6df2d33d3e20d9)
2025-12-16T17:37:31.6904445Z Download action repository 'actions/upload-artifact@v4' (SHA:ea165f8d65b6e75b540449e92b4886f43607fa02)
2025-12-16T17:37:31.9229963Z Complete job name: build
2025-12-16T17:37:32.0026657Z ##[group]Run actions/checkout@v4
2025-12-16T17:37:32.0027923Z with:
2025-12-16T17:37:32.0028665Z   repository: Vishalsnw/BP_Tracker
2025-12-16T17:37:32.0029849Z   token: ***
2025-12-16T17:37:32.0030559Z   ssh-strict: true
2025-12-16T17:37:32.0031283Z   ssh-user: git
2025-12-16T17:37:32.0032196Z   persist-credentials: true
2025-12-16T17:37:32.0033051Z   clean: true
2025-12-16T17:37:32.0033792Z   sparse-checkout-cone-mode: true
2025-12-16T17:37:32.0034719Z   fetch-depth: 1
2025-12-16T17:37:32.0035432Z   fetch-tags: false
2025-12-16T17:37:32.0036180Z   show-progress: true
2025-12-16T17:37:32.0036934Z   lfs: false
2025-12-16T17:37:32.0037624Z   submodules: false
2025-12-16T17:37:32.0038386Z   set-safe-directory: true
2025-12-16T17:37:32.0039472Z ##[endgroup]
2025-12-16T17:37:32.1155341Z Syncing repository: Vishalsnw/BP_Tracker
2025-12-16T17:37:32.1158812Z ##[group]Getting Git version info
2025-12-16T17:37:32.1160326Z Working directory is '/home/runner/work/BP_Tracker/BP_Tracker'
2025-12-16T17:37:32.1162726Z [command]/usr/bin/git version
2025-12-16T17:37:32.1209842Z git version 2.52.0
2025-12-16T17:37:32.1239141Z ##[endgroup]
2025-12-16T17:37:32.1264458Z Temporarily overriding HOME='/home/runner/work/_temp/6a222218-3e0a-428e-b3ac-ad137751e8f3' before making global git config changes
2025-12-16T17:37:32.1269682Z Adding repository directory to the temporary git global config as a safe directory
2025-12-16T17:37:32.1273759Z [command]/usr/bin/git config --global --add safe.directory /home/runner/work/BP_Tracker/BP_Tracker
2025-12-16T17:37:32.1312794Z Deleting the contents of '/home/runner/work/BP_Tracker/BP_Tracker'
2025-12-16T17:37:32.1316094Z ##[group]Initializing the repository
2025-12-16T17:37:32.1320025Z [command]/usr/bin/git init /home/runner/work/BP_Tracker/BP_Tracker
2025-12-16T17:37:32.1417180Z hint: Using 'master' as the name for the initial branch. This default branch name
2025-12-16T17:37:32.1420890Z hint: will change to "main" in Git 3.0. To configure the initial branch name
2025-12-16T17:37:32.1424357Z hint: to use in all of your new repositories, which will suppress this warning,
2025-12-16T17:37:32.1425968Z hint: call:
2025-12-16T17:37:32.1426980Z hint:
2025-12-16T17:37:32.1428381Z hint: 	git config --global init.defaultBranch <name>
2025-12-16T17:37:32.1429618Z hint:
2025-12-16T17:37:32.1430673Z hint: Names commonly chosen instead of 'master' are 'main', 'trunk' and
2025-12-16T17:37:32.1432813Z hint: 'development'. The just-created branch can be renamed via this command:
2025-12-16T17:37:32.1434579Z hint:
2025-12-16T17:37:32.1435340Z hint: 	git branch -m <name>
2025-12-16T17:37:32.1436161Z hint:
2025-12-16T17:37:32.1437270Z hint: Disable this message with "git config set advice.defaultBranchName false"
2025-12-16T17:37:32.1439497Z Initialized empty Git repository in /home/runner/work/BP_Tracker/BP_Tracker/.git/
2025-12-16T17:37:32.1442766Z [command]/usr/bin/git remote add origin https://github.com/Vishalsnw/BP_Tracker
2025-12-16T17:37:32.1471402Z ##[endgroup]
2025-12-16T17:37:32.1472909Z ##[group]Disabling automatic garbage collection
2025-12-16T17:37:32.1475269Z [command]/usr/bin/git config --local gc.auto 0
2025-12-16T17:37:32.1505667Z ##[endgroup]
2025-12-16T17:37:32.1506864Z ##[group]Setting up auth
2025-12-16T17:37:32.1512540Z [command]/usr/bin/git config --local --name-only --get-regexp core\.sshCommand
2025-12-16T17:37:32.1542639Z [command]/usr/bin/git submodule foreach --recursive sh -c "git config --local --name-only --get-regexp 'core\.sshCommand' && git config --local --unset-all 'core.sshCommand' || :"
2025-12-16T17:37:32.1867531Z [command]/usr/bin/git config --local --name-only --get-regexp http\.https\:\/\/github\.com\/\.extraheader
2025-12-16T17:37:32.1901194Z [command]/usr/bin/git submodule foreach --recursive sh -c "git config --local --name-only --get-regexp 'http\.https\:\/\/github\.com\/\.extraheader' && git config --local --unset-all 'http.https://github.com/.extraheader' || :"
2025-12-16T17:37:32.2122952Z [command]/usr/bin/git config --local --name-only --get-regexp ^includeIf\.gitdir:
2025-12-16T17:37:32.2157943Z [command]/usr/bin/git submodule foreach --recursive git config --local --show-origin --name-only --get-regexp remote.origin.url
2025-12-16T17:37:32.2384596Z [command]/usr/bin/git config --local http.https://github.com/.extraheader AUTHORIZATION: basic ***
2025-12-16T17:37:32.2418148Z ##[endgroup]
2025-12-16T17:37:32.2419458Z ##[group]Fetching the repository
2025-12-16T17:37:32.2426998Z [command]/usr/bin/git -c protocol.version=2 fetch --no-tags --prune --no-recurse-submodules --depth=1 origin +f199e7cb971965f2b2718ca2d939dbf22f5b3dee:refs/remotes/origin/main
2025-12-16T17:37:32.4123118Z From https://github.com/Vishalsnw/BP_Tracker
2025-12-16T17:37:32.4123960Z  * [new ref]         f199e7cb971965f2b2718ca2d939dbf22f5b3dee -> origin/main
2025-12-16T17:37:32.4154814Z ##[endgroup]
2025-12-16T17:37:32.4155288Z ##[group]Determining the checkout info
2025-12-16T17:37:32.4157890Z ##[endgroup]
2025-12-16T17:37:32.4163994Z [command]/usr/bin/git sparse-checkout disable
2025-12-16T17:37:32.4202836Z [command]/usr/bin/git config --local --unset-all extensions.worktreeConfig
2025-12-16T17:37:32.4227901Z ##[group]Checking out the ref
2025-12-16T17:37:32.4232286Z [command]/usr/bin/git checkout --progress --force -B main refs/remotes/origin/main
2025-12-16T17:37:32.4341191Z Switched to a new branch 'main'
2025-12-16T17:37:32.4344178Z branch 'main' set up to track 'origin/main'.
2025-12-16T17:37:32.4350731Z ##[endgroup]
2025-12-16T17:37:32.4385044Z [command]/usr/bin/git log -1 --format=%H
2025-12-16T17:37:32.4407287Z f199e7cb971965f2b2718ca2d939dbf22f5b3dee
2025-12-16T17:37:32.4658463Z ##[group]Run actions/setup-java@v4
2025-12-16T17:37:32.4658866Z with:
2025-12-16T17:37:32.4659181Z   java-version: 17
2025-12-16T17:37:32.4659517Z   distribution: temurin
2025-12-16T17:37:32.4659851Z   cache: gradle
2025-12-16T17:37:32.4660178Z   java-package: jdk
2025-12-16T17:37:32.4660503Z   check-latest: false
2025-12-16T17:37:32.4660831Z   server-id: github
2025-12-16T17:37:32.4661152Z   server-username: GITHUB_ACTOR
2025-12-16T17:37:32.4661720Z   server-password: GITHUB_TOKEN
2025-12-16T17:37:32.4662413Z   overwrite-settings: true
2025-12-16T17:37:32.4662798Z   job-status: success
2025-12-16T17:37:32.4663271Z   token: ***
2025-12-16T17:37:32.4663607Z ##[endgroup]
2025-12-16T17:37:32.6714490Z ##[group]Installed distributions
2025-12-16T17:37:32.6771821Z Resolved Java 17.0.17+10 from tool-cache
2025-12-16T17:37:32.6773021Z Setting Java 17.0.17+10 as the default
2025-12-16T17:37:32.6785679Z Creating toolchains.xml for JDK version 17 from temurin
2025-12-16T17:37:32.6862250Z Writing to /home/runner/.m2/toolchains.xml
2025-12-16T17:37:32.6862851Z 
2025-12-16T17:37:32.6863161Z Java configuration:
2025-12-16T17:37:32.6864060Z   Distribution: temurin
2025-12-16T17:37:32.6864767Z   Version: 17.0.17+10
2025-12-16T17:37:32.6865680Z   Path: /opt/hostedtoolcache/Java_Temurin-Hotspot_jdk/17.0.17-10/x64
2025-12-16T17:37:32.6866381Z 
2025-12-16T17:37:32.6867165Z ##[endgroup]
2025-12-16T17:37:32.6881601Z Creating settings.xml with server-id: github
2025-12-16T17:37:32.6887133Z Writing to /home/runner/.m2/settings.xml
2025-12-16T17:37:32.8563576Z gradle cache is not found
2025-12-16T17:37:32.8689127Z ##[group]Run chmod +x gradlew
2025-12-16T17:37:32.8689597Z [36;1mchmod +x gradlew[0m
2025-12-16T17:37:32.8729789Z shell: /usr/bin/bash -e {0}
2025-12-16T17:37:32.8730169Z env:
2025-12-16T17:37:32.8730585Z   JAVA_HOME: /opt/hostedtoolcache/Java_Temurin-Hotspot_jdk/17.0.17-10/x64
2025-12-16T17:37:32.8731177Z   JAVA_HOME_17_X64: /opt/hostedtoolcache/Java_Temurin-Hotspot_jdk/17.0.17-10/x64
2025-12-16T17:37:32.8731649Z ##[endgroup]
2025-12-16T17:37:32.8940546Z ##[group]Run echo "MIIKugIBAzCCCmQGCSqGSIb3DQEHAaCCClUEggpRMIIKTTCCBbQGCSqGSIb3DQEHAaCCBaUEggWhMIIFnTCCBZkGCyqGSIb3DQEMCgECoIIFQDCCBTwwZgYJKoZIhvcNAQUNMFkwOAYJKoZIhvcNAQUMMCsEFFkDvVyOy7KmtzbLZZqd0OguEWy+AgInEAIBIDAMBggqhkiG9w0CCQUAMB0GCWCGSAFlAwQBKgQQDzOVgSdu7y1sRUqymEmCuwSCBNBT1NGLZuJgLSKDkk+gtoU5iOUXyKDH3f1/4LgMrRh9eVM4gp5QS7+74tRu0VXQrOu6xIyoFIlw5x8GjtPpuYqYsvmg1GFT3/myUXTVGoIW05LXnn+eZvHVYPsbpp6VQ4mq+fJK5h39k9JtZIhwlfafnmue2DuSiAdlD9ywiRXQXeBrimHD5j6M0PPfIAw3k7Q6YfaOXupV/bx7Nji9a4jZHjDkiU1TaRmx2oVFojFeir69lTjvLYPtrVfFvhK90qZfLU5hGgm2zJozbqWlc++P47vbri5FJjIzwglTT/AIjgzqixHTQdg6x7oib1gBhrVzstDqpArpzAlheg4yA7g3CC2mijZkLBzyvyGqgRZMKxxSpNiV7tybtC3nEDDMAMjvTNke8c1TbqbXHUUS9pfznThjmL/qmXJou7y8Vjpfe7sjlpUAbuBIfOIPdg8/Yemzj2aXudrIYy4cCuZWRKYXSDmHYowKFFzJmFmRTI1uXX7btsFAQG9MsRXmpRln+tKhadnDo4uIbT2VonhaVYAmRlucx4I0NgCQWPwyAU8AP64KyaOocZpqVy6Lpbjdw2Wj/pd3BJyc1UexpFIs/gdtxD1tNE5gwd0fLzLtoNMkfho+y0S4/o4/j7/JcExCgMY85ax4HOjKRXJP/Xm6LGwuxveQRoNC30M+1HPL5q7uhTJhhTbPcDqyhYxmGLQ+nCKu8M3/UV5P5QLYDiXZ7JK63ujnQ5ZmxcDnTWBcJ0OtFrVbKbo77DL3aWJEjHSepqhcxJWg4ctP0NQ7Ufeqh4/PPVU/weVlN5Drza61GfMwZxg9ILdbRStUFkZ3TLOArhwkNBJVMiteqTnttx/5YXjKFkXAa7kjoOXnslg01li8XOAMJ0XTlJol+Tua6b4CdfOsZAeKU/NJUQx29RAE2JwjvNVT6whX3bFRuBr1lPHohT+cH56gAPT2tP5M8+JQE7hvXSdJKbJ9zNNjU1vNdQ3C9sD1HgFegTHWPlK8+23furyOlzqNhM/nh/NgFHPADZoZJVD7Xiil+OvBnhXWDMc9Hl5MfGXAyTqX85Ho/evMwnM5O0lt9o/uu8FH/U57whxVC23B3xMCzTRvFfqkYmv0qeKA5dtDo5wMFFffKT1aFLk4aqX4HQ+Rhwn3GLWdhr0JDvJDrkVTNeO9zrsO4VuQZVSUzF4bQwbpm/2z2q7K+2HS5EUhxdHYbS7CJFlMg+HKHens3v7ZIwXZGE6Oz2qZW5AIXrFw+M7fQxdTC2vWoPM3W7XFQjYYHG6MuIAujDRfhrHeB6TbSW9Ruz5Bz19yaQH6HaCjtxBesb+DMwAz9W6E5nD4acYJljKtVGd+AZK2/JXq6/e3N6JiUVsVh7h/3SjH6aOfb/rkHwmTjboIP3sfNs8N/mCl3GW8L5mnjWSgGcn2A4hrBo5ZcB5X3hZSvm2qzkze7t4acVGne81xTkrIFffpuj9ijmAzZPILGIhfMGAAl/Z2Q4CpXl+s0QLvQ/pJ5eJkjByusExBbh6hoKWxKZ7Kr0n2KsFANb3yOV5g1eZPO+xP+q89pRvu7jrPgCybvWJGnJglVI80+f5LoTdnLQu2oaTxav0ClAHbETcv6CPPcR10bU3MM3g/GsxH+Cin4F0fwDkdgtYcineljTFGMCEGCSqGSIb3DQEJFDEUHhIAYgBwAHQAcgBhAGMAawBlAHIwIQYJKoZIhvcNAQkVMRQEElRpbWUgMTc2NTkwNjExMDk0ODCCBJEGCSqGSIb3DQEHBqCCBIIwggR+AgEAMIIEdwYJKoZIhvcNAQcBMGYGCSqGSIb3DQEFDTBZMDgGCSqGSIb3DQEFDDArBBQ/M4g9elOi3WM8mi3Deg+B5Lr1lAICJxACASAwDAYIKoZIhvcNAgkFADAdBglghkgBZQMEASoEENklWtKBChyNY5cwTZd32k6AggQA96LcQDuXrt9hsgYiLVaVtkNaG+rg1hn52Fn0NnO/7O8hH0HEyr2WHkyo84haoVeLjbsJOAJBwzFOdR58lWVDUcpRigVNvIn9HstUJnPEK944khLANiopx+qc/zeyg30tvtJFUsF+w7dH4FSFKo7yDfDFp6ma+6Q+Av05nuDFUFVjau+di1OLV0ooO2rNSTtjDkm3camDUFIWiv2VMPliwFZZzHvQMrhsztJ/ES4B/y0yMA6NIVssJbTmlaag05LO1kzCGSFPLeRyOGi63MeY+EQkr6RhndoQNCy7C3WiPIUqgGk21GQi5130iuCkW+p0mIQ4rPzYzK+wiJbZP9e2iVp1fXVX6Ikn/CGfMOxyXjVhRbkUcMF4VHUhLFX0O6Myg9cpLxswKBCPj6/ZKOs84wZ1RtrOH7vquYIwM8Wb3BeU9WTzfNuF+APS4YDt2ZeCwM38CLSQivji6r9/jGW63ggKuoJ39GBlIUvrFEbmKJhYpgnX1g71KmjeifJoMCcVvcm8iCCuBennHm4Gn8je5Fyrny9mNz7fGG4sD37j7NQ/zjKqQreX4d+Vcg+QSsL35rSRqGguZmUqFak09YyvSI44MLj6euZF2MrTCYZmcjahcSuM7awZ+UmiCUT6IrDOviQJKsuLkQHYlQ4scb2U+JwvZJk8Fd2aqNgeNgw6of6cRwR4Rb88MAkQd0fHJKtYb2B5D8SxRgXfMDuJiKLdPQzXmeifY5KtaGrohJOqffizwGVVLwNpvgXZTh2WWNMu4L4KmenxB0ymDjsbT9IFSuwNHkX4dQE94p7l5eQGGKJD/UXgTx3gEgdeqvLSRAdqnZlVZDBVFpAvFk1FF/sZ4ZmMLJcwkUIonh9InC/qkRnPTgxtbWulcdGPQ3d6e52rYjcSlq66zF7xuvL2FqeL454BT7KdN+7CIQ+iEBeQ1eHR652tjatYvs/yxx5amB/+QuxrFo27TfcTp+tPejmM3qq7nYqXuFNkbfo1L5K3xFHMJS9H/8OOQKYvnL8EPA0QcuvlV8u4rIXMCYKbFtg7h3O98Z3F0RXL5o2+A1l04R+6HrbbiZF8x9GQ3W1IIwJgApOYBUlDqjADH5MNLPU6R2yL7G7RN7e1OOyKi97FEZjwxRYIlZ1TDN8OIdZ3GJFZfrwwpZvjeJv6qVLc6AbHPt7+wKwak/AfZQDp53FuWRdtxaSsY1HhEt2JhOqN9gI0OLQcSD6XxY7jp59irAO9XAFSFgUjqNBBHXpNCAhnmXDeMNfGOYqk30Kt3f+yhG+Eyc+PME+3YfGes+auRo+3yNSkEQeG78yPn1gHwaOWPBARiqlND1KsyXBBajEUpwTDIjOMEAoVlZxQTrGhKdiT2TBNMDEwDQYJYIZIAWUDBAIBBQAEIHJJx0a64e4OsPxy/HYrvXKYRYn1jtUCfz7kUzqUj3opBBSk6aL2431VuvKF9Qkl2Yugn+WGOwICJxA=" | base64 -d > app/release-keystore.jks
2025-12-16T17:37:32.8976865Z [36;1mecho "MIIKugIBAzCCCmQGCSqGSIb3DQEHAaCCClUEggpRMIIKTTCCBbQGCSqGSIb3DQEHAaCCBaUEggWhMIIFnTCCBZkGCyqGSIb3DQEMCgECoIIFQDCCBTwwZgYJKoZIhvcNAQUNMFkwOAYJKoZIhvcNAQUMMCsEFFkDvVyOy7KmtzbLZZqd0OguEWy+AgInEAIBIDAMBggqhkiG9w0CCQUAMB0GCWCGSAFlAwQBKgQQDzOVgSdu7y1sRUqymEmCuwSCBNBT1NGLZuJgLSKDkk+gtoU5iOUXyKDH3f1/4LgMrRh9eVM4gp5QS7+74tRu0VXQrOu6xIyoFIlw5x8GjtPpuYqYsvmg1GFT3/myUXTVGoIW05LXnn+eZvHVYPsbpp6VQ4mq+fJK5h39k9JtZIhwlfafnmue2DuSiAdlD9ywiRXQXeBrimHD5j6M0PPfIAw3k7Q6YfaOXupV/bx7Nji9a4jZHjDkiU1TaRmx2oVFojFeir69lTjvLYPtrVfFvhK90qZfLU5hGgm2zJozbqWlc++P47vbri5FJjIzwglTT/AIjgzqixHTQdg6x7oib1gBhrVzstDqpArpzAlheg4yA7g3CC2mijZkLBzyvyGqgRZMKxxSpNiV7tybtC3nEDDMAMjvTNke8c1TbqbXHUUS9pfznThjmL/qmXJou7y8Vjpfe7sjlpUAbuBIfOIPdg8/Yemzj2aXudrIYy4cCuZWRKYXSDmHYowKFFzJmFmRTI1uXX7btsFAQG9MsRXmpRln+tKhadnDo4uIbT2VonhaVYAmRlucx4I0NgCQWPwyAU8AP64KyaOocZpqVy6Lpbjdw2Wj/pd3BJyc1UexpFIs/gdtxD1tNE5gwd0fLzLtoNMkfho+y0S4/o4/j7/JcExCgMY85ax4HOjKRXJP/Xm6LGwuxveQRoNC30M+1HPL5q7uhTJhhTbPcDqyhYxmGLQ+nCKu8M3/UV5P5QLYDiXZ7JK63ujnQ5ZmxcDnTWBcJ0OtFrVbKbo77DL3aWJEjHSepqhcxJWg4ctP0NQ7Ufeqh4/PPVU/weVlN5Drza61GfMwZxg9ILdbRStUFkZ3TLOArhwkNBJVMiteqTnttx/5YXjKFkXAa7kjoOXnslg01li8XOAMJ0XTlJol+Tua6b4CdfOsZAeKU/NJUQx29RAE2JwjvNVT6whX3bFRuBr1lPHohT+cH56gAPT2tP5M8+JQE7hvXSdJKbJ9zNNjU1vNdQ3C9sD1HgFegTHWPlK8+23furyOlzqNhM/nh/NgFHPADZoZJVD7Xiil+OvBnhXWDMc9Hl5MfGXAyTqX85Ho/evMwnM5O0lt9o/uu8FH/U57whxVC23B3xMCzTRvFfqkYmv0qeKA5dtDo5wMFFffKT1aFLk4aqX4HQ+Rhwn3GLWdhr0JDvJDrkVTNeO9zrsO4VuQZVSUzF4bQwbpm/2z2q7K+2HS5EUhxdHYbS7CJFlMg+HKHens3v7ZIwXZGE6Oz2qZW5AIXrFw+M7fQxdTC2vWoPM3W7XFQjYYHG6MuIAujDRfhrHeB6TbSW9Ruz5Bz19yaQH6HaCjtxBesb+DMwAz9W6E5nD4acYJljKtVGd+AZK2/JXq6/e3N6JiUVsVh7h/3SjH6aOfb/rkHwmTjboIP3sfNs8N/mCl3GW8L5mnjWSgGcn2A4hrBo5ZcB5X3hZSvm2qzkze7t4acVGne81xTkrIFffpuj9ijmAzZPILGIhfMGAAl/Z2Q4CpXl+s0QLvQ/pJ5eJkjByusExBbh6hoKWxKZ7Kr0n2KsFANb3yOV5g1eZPO+xP+q89pRvu7jrPgCybvWJGnJglVI80+f5LoTdnLQu2oaTxav0ClAHbETcv6CPPcR10bU3MM3g/GsxH+Cin4F0fwDkdgtYcineljTFGMCEGCSqGSIb3DQEJFDEUHhIAYgBwAHQAcgBhAGMAawBlAHIwIQYJKoZIhvcNAQkVMRQEElRpbWUgMTc2NTkwNjExMDk0ODCCBJEGCSqGSIb3DQEHBqCCBIIwggR+AgEAMIIEdwYJKoZIhvcNAQcBMGYGCSqGSIb3DQEFDTBZMDgGCSqGSIb3DQEFDDArBBQ/M4g9elOi3WM8mi3Deg+B5Lr1lAICJxACASAwDAYIKoZIhvcNAgkFADAdBglghkgBZQMEASoEENklWtKBChyNY5cwTZd32k6AggQA96LcQDuXrt9hsgYiLVaVtkNaG+rg1hn52Fn0NnO/7O8hH0HEyr2WHkyo84haoVeLjbsJOAJBwzFOdR58lWVDUcpRigVNvIn9HstUJnPEK944khLANiopx+qc/zeyg30tvtJFUsF+w7dH4FSFKo7yDfDFp6ma+6Q+Av05nuDFUFVjau+di1OLV0ooO2rNSTtjDkm3camDUFIWiv2VMPliwFZZzHvQMrhsztJ/ES4B/y0yMA6NIVssJbTmlaag05LO1kzCGSFPLeRyOGi63MeY+EQkr6RhndoQNCy7C3WiPIUqgGk21GQi5130iuCkW+p0mIQ4rPzYzK+wiJbZP9e2iVp1fXVX6Ikn/CGfMOxyXjVhRbkUcMF4VHUhLFX0O6Myg9cpLxswKBCPj6/ZKOs84wZ1RtrOH7vquYIwM8Wb3BeU9WTzfNuF+APS4YDt2ZeCwM38CLSQivji6r9/jGW63ggKuoJ39GBlIUvrFEbmKJhYpgnX1g71KmjeifJoMCcVvcm8iCCuBennHm4Gn8je5Fyrny9mNz7fGG4sD37j7NQ/zjKqQreX4d+Vcg+QSsL35rSRqGguZmUqFak09YyvSI44MLj6euZF2MrTCYZmcjahcSuM7awZ+UmiCUT6IrDOviQJKsuLkQHYlQ4scb2U+JwvZJk8Fd2aqNgeNgw6of6cRwR4Rb88MAkQd0fHJKtYb2B5D8SxRgXfMDuJiKLdPQzXmeifY5KtaGrohJOqffizwGVVLwNpvgXZTh2WWNMu4L4KmenxB0ymDjsbT9IFSuwNHkX4dQE94p7l5eQGGKJD/UXgTx3gEgdeqvLSRAdqnZlVZDBVFpAvFk1FF/sZ4ZmMLJcwkUIonh9InC/qkRnPTgxtbWulcdGPQ3d6e52rYjcSlq66zF7xuvL2FqeL454BT7KdN+7CIQ+iEBeQ1eHR652tjatYvs/yxx5amB/+QuxrFo27TfcTp+tPejmM3qq7nYqXuFNkbfo1L5K3xFHMJS9H/8OOQKYvnL8EPA0QcuvlV8u4rIXMCYKbFtg7h3O98Z3F0RXL5o2+A1l04R+6HrbbiZF8x9GQ3W1IIwJgApOYBUlDqjADH5MNLPU6R2yL7G7RN7e1OOyKi97FEZjwxRYIlZ1TDN8OIdZ3GJFZfrwwpZvjeJv6qVLc6AbHPt7+wKwak/AfZQDp53FuWRdtxaSsY1HhEt2JhOqN9gI0OLQcSD6XxY7jp59irAO9XAFSFgUjqNBBHXpNCAhnmXDeMNfGOYqk30Kt3f+yhG+Eyc+PME+3YfGes+auRo+3yNSkEQeG78yPn1gHwaOWPBARiqlND1KsyXBBajEUpwTDIjOMEAoVlZxQTrGhKdiT2TBNMDEwDQYJYIZIAWUDBAIBBQAEIHJJx0a64e4OsPxy/HYrvXKYRYn1jtUCfz7kUzqUj3opBBSk6aL2431VuvKF9Qkl2Yugn+WGOwICJxA=" | base64 -d > app/release-keystore.jks[0m
2025-12-16T17:37:32.9028230Z shell: /usr/bin/bash -e {0}
2025-12-16T17:37:32.9028581Z env:
2025-12-16T17:37:32.9028977Z   JAVA_HOME: /opt/hostedtoolcache/Java_Temurin-Hotspot_jdk/17.0.17-10/x64
2025-12-16T17:37:32.9029545Z   JAVA_HOME_17_X64: /opt/hostedtoolcache/Java_Temurin-Hotspot_jdk/17.0.17-10/x64
2025-12-16T17:37:32.9029998Z ##[endgroup]
2025-12-16T17:37:32.9146888Z ##[group]Run ./gradlew assembleRelease
2025-12-16T17:37:32.9147314Z [36;1m./gradlew assembleRelease[0m
2025-12-16T17:37:32.9179033Z shell: /usr/bin/bash -e {0}
2025-12-16T17:37:32.9179369Z env:
2025-12-16T17:37:32.9179761Z   JAVA_HOME: /opt/hostedtoolcache/Java_Temurin-Hotspot_jdk/17.0.17-10/x64
2025-12-16T17:37:32.9180340Z   JAVA_HOME_17_X64: /opt/hostedtoolcache/Java_Temurin-Hotspot_jdk/17.0.17-10/x64
2025-12-16T17:37:32.9180820Z ##[endgroup]
2025-12-16T17:37:34.1264550Z Downloading https://services.gradle.org/distributions/gradle-8.2-bin.zip
2025-12-16T17:37:36.5451802Z ............10%............20%............30%.............40%............50%............60%............70%.............80%............90%............100%
2025-12-16T17:37:37.6851161Z 
2025-12-16T17:37:37.6852324Z Welcome to Gradle 8.2!
2025-12-16T17:37:37.6852691Z 
2025-12-16T17:37:37.6853732Z Here are the highlights of this release:
2025-12-16T17:37:37.6858555Z  - Kotlin DSL: new reference documentation, assignment syntax by default
2025-12-16T17:37:37.6860447Z  - Kotlin DSL is now the default with Gradle init
2025-12-16T17:37:37.6862152Z  - Improved suggestions to resolve errors in console output
2025-12-16T17:37:37.6863494Z 
2025-12-16T17:37:37.6864812Z For more details see https://docs.gradle.org/8.2/release-notes.html
2025-12-16T17:37:37.6865345Z 
2025-12-16T17:37:37.8808984Z Starting a Gradle Daemon (subsequent builds will be faster)
2025-12-16T17:39:39.5819648Z 
2025-12-16T17:39:39.5863476Z > Configure project :app
2025-12-16T17:39:39.5864654Z w: file:///home/runner/work/BP_Tracker/BP_Tracker/app/build.gradle.kts:66:9: Variable 'composeVersion' is never used
2025-12-16T17:39:42.0831540Z 
2025-12-16T17:39:42.0838054Z > Task :app:buildKotlinToolingMetadata
2025-12-16T17:39:42.0855481Z > Task :app:checkKotlinGradlePluginConfigurationErrors
2025-12-16T17:39:42.0857688Z > Task :app:preBuild UP-TO-DATE
2025-12-16T17:39:42.0858091Z > Task :app:preReleaseBuild UP-TO-DATE
2025-12-16T17:40:12.0808227Z > Task :app:checkReleaseAarMetadata
2025-12-16T17:41:34.5843585Z > Task :app:generateReleaseResValues
2025-12-16T17:41:34.6815816Z > Task :app:mapReleaseSourceSetPaths
2025-12-16T17:41:34.6818844Z > Task :app:generateReleaseResources
2025-12-16T17:41:37.5809885Z > Task :app:packageReleaseResources
2025-12-16T17:41:37.9807926Z > Task :app:mergeReleaseResources
2025-12-16T17:41:38.4810541Z > Task :app:createReleaseCompatibleScreenManifests
2025-12-16T17:41:38.4842793Z > Task :app:extractDeepLinksRelease
2025-12-16T17:41:38.5816599Z > Task :app:parseReleaseLocalResources
2025-12-16T17:41:38.8829930Z > Task :app:processReleaseMainManifest
2025-12-16T17:41:38.9808695Z > Task :app:processReleaseManifest
2025-12-16T17:41:58.5814069Z > Task :app:extractProguardFiles
2025-12-16T17:41:58.5815156Z > Task :app:javaPreCompileRelease
2025-12-16T17:41:58.6838739Z > Task :app:mergeReleaseJniLibFolders
2025-12-16T17:42:00.5863137Z > Task :app:mergeReleaseNativeLibs NO-SOURCE
2025-12-16T17:42:00.5870912Z > Task :app:stripReleaseDebugSymbols NO-SOURCE
2025-12-16T17:42:00.5942852Z > Task :app:extractReleaseNativeSymbolTables NO-SOURCE
2025-12-16T17:42:00.5943673Z > Task :app:mergeReleaseNativeDebugMetadata NO-SOURCE
2025-12-16T17:42:02.1813154Z > Task :app:checkReleaseDuplicateClasses
2025-12-16T17:42:02.1813718Z > Task :app:mergeReleaseArtProfile
2025-12-16T17:42:02.1818845Z > Task :app:mergeReleaseShaders
2025-12-16T17:42:02.1819310Z > Task :app:compileReleaseShaders NO-SOURCE
2025-12-16T17:42:02.1819793Z > Task :app:generateReleaseAssets UP-TO-DATE
2025-12-16T17:42:02.2811895Z > Task :app:mergeReleaseAssets
2025-12-16T17:42:02.2812615Z > Task :app:compressReleaseAssets
2025-12-16T17:42:02.4814107Z > Task :app:collectReleaseDependencies
2025-12-16T17:42:02.5826335Z > Task :app:sdkReleaseDependencyData
2025-12-16T17:42:02.5827344Z > Task :app:validateSigningRelease
2025-12-16T17:42:02.5828540Z > Task :app:writeReleaseAppMetadata
2025-12-16T17:42:02.5828987Z > Task :app:writeReleaseSigningConfigVersions
2025-12-16T17:42:02.5829770Z > Task :app:processReleaseManifestForPackage
2025-12-16T17:42:03.3808530Z > Task :app:processReleaseResources
2025-12-16T17:42:14.7808016Z > Task :app:optimizeReleaseResources
2025-12-16T17:42:22.0832620Z 
2025-12-16T17:42:22.0833114Z > Task :app:kspReleaseKotlin
2025-12-16T17:42:22.0835946Z w: [ksp] /home/runner/work/BP_Tracker/BP_Tracker/app/src/main/java/com/bptracker/data/database/BloodPressureDatabase.kt:15: Schema export directory was not provided to the annotation processor so Room cannot export the schema. You can either provide `room.schemaLocation` annotation processor argument by applying the Room Gradle plugin (id 'androidx.room') OR set exportSchema to false.
2025-12-16T17:42:33.1810434Z 
2025-12-16T17:42:33.1811316Z > Task :app:compileReleaseKotlin FAILED
2025-12-16T17:42:33.1822331Z e: file:///home/runner/work/BP_Tracker/BP_Tracker/app/src/main/java/com/bptracker/ui/components/NumberPicker.kt:86:33 This foundation API is experimental and is likely to change or be removed in the future.
2025-12-16T17:42:33.1825216Z e: file:///home/runner/work/BP_Tracker/BP_Tracker/app/src/main/java/com/bptracker/ui/screens/articles/ArticleDetailScreen.kt:73:17 Unresolved reference: HorizontalDivider
2025-12-16T17:42:33.1828041Z e: file:///home/runner/work/BP_Tracker/BP_Tracker/app/src/main/java/com/bptracker/ui/screens/settings/SettingsScreen.kt:164:9 Unresolved reference: HorizontalDivider
2025-12-16T17:42:33.1833685Z e: file:///home/runner/work/BP_Tracker/BP_Tracker/app/src/main/java/com/bptracker/ui/screens/statistics/StatisticsScreen.kt:58:13 Unresolved reference: SingleChoiceSegmentedButtonRow
2025-12-16T17:42:33.1837614Z e: file:///home/runner/work/BP_Tracker/BP_Tracker/app/src/main/java/com/bptracker/ui/screens/statistics/StatisticsScreen.kt:62:21 Unresolved reference: SegmentedButton
2025-12-16T17:42:33.1840077Z e: file:///home/runner/work/BP_Tracker/BP_Tracker/app/src/main/java/com/bptracker/ui/screens/statistics/StatisticsScreen.kt:65:33 Unresolved reference: SegmentedButtonDefaults
2025-12-16T17:42:33.1842593Z e: file:///home/runner/work/BP_Tracker/BP_Tracker/app/src/main/java/com/bptracker/ui/screens/statistics/StatisticsScreen.kt:70:25 @Composable invocations can only happen from the context of a @Composable function
2025-12-16T17:42:33.1845227Z e: file:///home/runner/work/BP_Tracker/BP_Tracker/app/src/main/java/com/bptracker/ui/screens/statistics/StatisticsScreen.kt:70:66 @Composable invocations can only happen from the context of a @Composable function
2025-12-16T17:42:33.2859661Z 
2025-12-16T17:42:33.2861217Z FAILURE: Build failed with an exception.
2025-12-16T17:42:33.2861527Z 
2025-12-16T17:42:33.2861637Z * What went wrong:
2025-12-16T17:42:33.2862306Z Execution failed for task ':app:compileReleaseKotlin'.
2025-12-16T17:42:33.2863349Z > A failure occurred while executing org.jetbrains.kotlin.compilerRunner.GradleCompilerRunnerWithWorkers$GradleKotlinCompilerWorkAction
2025-12-16T17:42:33.2864842Z    > Compilation error. See log for more details
2025-12-16T17:42:33.2865145Z 
2025-12-16T17:42:33.2865239Z * Try:
2025-12-16T17:42:33.2865587Z > Run with --stacktrace option to get the stack trace.
2025-12-16T17:42:33.2866102Z > Run with --info or --debug option to get more log output.
2025-12-16T17:42:33.2866577Z > Run with --scan to get full insights.
2025-12-16T17:42:33.2867020Z > Get more help at https://help.gradle.org.
2025-12-16T17:42:33.2867383Z 
2025-12-16T17:42:33.2867524Z BUILD FAILED in 4m 59s
2025-12-16T17:42:33.2867909Z 30 actionable tasks: 30 executed
2025-12-16T17:42:33.7417700Z ##[error]Process completed with exit code 1.
2025-12-16T17:42:33.7493314Z ##[group]Run rm -f app/release-keystore.jks
2025-12-16T17:42:33.7493839Z [36;1mrm -f app/release-keystore.jks[0m
2025-12-16T17:42:33.7538276Z shell: /usr/bin/bash -e {0}
2025-12-16T17:42:33.7538631Z env:
2025-12-16T17:42:33.7539071Z   JAVA_HOME: /opt/hostedtoolcache/Java_Temurin-Hotspot_jdk/17.0.17-10/x64
2025-12-16T17:42:33.7539803Z   JAVA_HOME_17_X64: /opt/hostedtoolcache/Java_Temurin-Hotspot_jdk/17.0.17-10/x64
2025-12-16T17:42:33.7540355Z ##[endgroup]
2025-12-16T17:42:33.7699674Z Post job cleanup.
2025-12-16T17:42:33.9494253Z Post job cleanup.
2025-12-16T17:42:34.0443555Z [command]/usr/bin/git version
2025-12-16T17:42:34.0485226Z git version 2.52.0
2025-12-16T17:42:34.0530341Z Temporarily overriding HOME='/home/runner/work/_temp/6cff89bd-837f-4cb2-8289-18bed7e1f337' before making global git config changes
2025-12-16T17:42:34.0532801Z Adding repository directory to the temporary git global config as a safe directory
2025-12-16T17:42:34.0536672Z [command]/usr/bin/git config --global --add safe.directory /home/runner/work/BP_Tracker/BP_Tracker
2025-12-16T17:42:34.0575737Z [command]/usr/bin/git config --local --name-only --get-regexp core\.sshCommand
2025-12-16T17:42:34.0609650Z [command]/usr/bin/git submodule foreach --recursive sh -c "git config --local --name-only --get-regexp 'core\.sshCommand' && git config --local --unset-all 'core.sshCommand' || :"
2025-12-16T17:42:34.0859303Z [command]/usr/bin/git config --local --name-only --get-regexp http\.https\:\/\/github\.com\/\.extraheader
2025-12-16T17:42:34.0883595Z http.https://github.com/.extraheader
2025-12-16T17:42:34.0896274Z [command]/usr/bin/git config --local --unset-all http.https://github.com/.extraheader
2025-12-16T17:42:34.0927729Z [command]/usr/bin/git submodule foreach --recursive sh -c "git config --local --name-only --get-regexp 'http\.https\:\/\/github\.com\/\.extraheader' && git config --local --unset-all 'http.https://github.com/.extraheader' || :"
2025-12-16T17:42:34.1149767Z [command]/usr/bin/git config --local --name-only --get-regexp ^includeIf\.gitdir:
2025-12-16T17:42:34.1184064Z [command]/usr/bin/git submodule foreach --recursive git config --local --show-origin --name-only --get-regexp remote.origin.url
2025-12-16T17:42:34.1524672Z Cleaning up orphan processes
2025-12-16T17:42:34.1789868Z Terminate orphan process: pid (2232) (java)
2025-12-16T17:42:34.1816757Z Terminate orphan process: pid (2516) (java)
