2025-12-16T18:27:39.4636963Z Current runner version: '2.329.0'
2025-12-16T18:27:39.4669625Z ##[group]Runner Image Provisioner
2025-12-16T18:27:39.4670911Z Hosted Compute Agent
2025-12-16T18:27:39.4671797Z Version: 20251202.455
2025-12-16T18:27:39.4672775Z Commit: 6c10caca4910e198df60de23adf20ad317c474e3
2025-12-16T18:27:39.4673890Z Build Date: 2025-12-02T15:56:59Z
2025-12-16T18:27:39.4674888Z Worker ID: {486a5789-d191-4b05-8f88-fea00710e899}
2025-12-16T18:27:39.4676057Z ##[endgroup]
2025-12-16T18:27:39.4676873Z ##[group]Operating System
2025-12-16T18:27:39.4677700Z Ubuntu
2025-12-16T18:27:39.4678543Z 24.04.3
2025-12-16T18:27:39.4679218Z LTS
2025-12-16T18:27:39.4679898Z ##[endgroup]
2025-12-16T18:27:39.4680944Z ##[group]Runner Image
2025-12-16T18:27:39.4681861Z Image: ubuntu-24.04
2025-12-16T18:27:39.4682606Z Version: 20251208.163.1
2025-12-16T18:27:39.4684360Z Included Software: https://github.com/actions/runner-images/blob/ubuntu24/20251208.163/images/ubuntu/Ubuntu2404-Readme.md
2025-12-16T18:27:39.4686953Z Image Release: https://github.com/actions/runner-images/releases/tag/ubuntu24%2F20251208.163
2025-12-16T18:27:39.4688883Z ##[endgroup]
2025-12-16T18:27:39.4690772Z ##[group]GITHUB_TOKEN Permissions
2025-12-16T18:27:39.4693248Z Contents: read
2025-12-16T18:27:39.4694074Z Metadata: read
2025-12-16T18:27:39.4694847Z Packages: read
2025-12-16T18:27:39.4696237Z ##[endgroup]
2025-12-16T18:27:39.4699516Z Secret source: Actions
2025-12-16T18:27:39.4701159Z Prepare workflow directory
2025-12-16T18:27:39.5161670Z Prepare all required actions
2025-12-16T18:27:39.5218109Z Getting action download info
2025-12-16T18:27:39.7999441Z Download action repository 'actions/checkout@v4' (SHA:34e114876b0b11c390a56381ad16ebd13914f8d5)
2025-12-16T18:27:39.9351736Z Download action repository 'actions/setup-java@v4' (SHA:c1e323688fd81a25caa38c78aa6df2d33d3e20d9)
2025-12-16T18:27:40.2348605Z Download action repository 'actions/upload-artifact@v4' (SHA:ea165f8d65b6e75b540449e92b4886f43607fa02)
2025-12-16T18:27:40.4326135Z Complete job name: build
2025-12-16T18:27:40.5004983Z ##[group]Run actions/checkout@v4
2025-12-16T18:27:40.5005838Z with:
2025-12-16T18:27:40.5006249Z   repository: Vishalsnw/BP_Tracker
2025-12-16T18:27:40.5006923Z   token: ***
2025-12-16T18:27:40.5007307Z   ssh-strict: true
2025-12-16T18:27:40.5007706Z   ssh-user: git
2025-12-16T18:27:40.5008125Z   persist-credentials: true
2025-12-16T18:27:40.5008574Z   clean: true
2025-12-16T18:27:40.5008995Z   sparse-checkout-cone-mode: true
2025-12-16T18:27:40.5009469Z   fetch-depth: 1
2025-12-16T18:27:40.5009853Z   fetch-tags: false
2025-12-16T18:27:40.5010250Z   show-progress: true
2025-12-16T18:27:40.5010856Z   lfs: false
2025-12-16T18:27:40.5011225Z   submodules: false
2025-12-16T18:27:40.5011625Z   set-safe-directory: true
2025-12-16T18:27:40.5012295Z ##[endgroup]
2025-12-16T18:27:40.6108561Z Syncing repository: Vishalsnw/BP_Tracker
2025-12-16T18:27:40.6111465Z ##[group]Getting Git version info
2025-12-16T18:27:40.6112685Z Working directory is '/home/runner/work/BP_Tracker/BP_Tracker'
2025-12-16T18:27:40.6114533Z [command]/usr/bin/git version
2025-12-16T18:27:40.6168191Z git version 2.52.0
2025-12-16T18:27:40.6194988Z ##[endgroup]
2025-12-16T18:27:40.6217437Z Temporarily overriding HOME='/home/runner/work/_temp/ff1d9358-e9b7-419a-a776-88f52fc46318' before making global git config changes
2025-12-16T18:27:40.6219781Z Adding repository directory to the temporary git global config as a safe directory
2025-12-16T18:27:40.6223690Z [command]/usr/bin/git config --global --add safe.directory /home/runner/work/BP_Tracker/BP_Tracker
2025-12-16T18:27:40.6261889Z Deleting the contents of '/home/runner/work/BP_Tracker/BP_Tracker'
2025-12-16T18:27:40.6265751Z ##[group]Initializing the repository
2025-12-16T18:27:40.6270319Z [command]/usr/bin/git init /home/runner/work/BP_Tracker/BP_Tracker
2025-12-16T18:27:40.6360988Z hint: Using 'master' as the name for the initial branch. This default branch name
2025-12-16T18:27:40.6362353Z hint: will change to "main" in Git 3.0. To configure the initial branch name
2025-12-16T18:27:40.6363890Z hint: to use in all of your new repositories, which will suppress this warning,
2025-12-16T18:27:40.6364929Z hint: call:
2025-12-16T18:27:40.6365308Z hint:
2025-12-16T18:27:40.6366255Z hint: 	git config --global init.defaultBranch <name>
2025-12-16T18:27:40.6367302Z hint:
2025-12-16T18:27:40.6368295Z hint: Names commonly chosen instead of 'master' are 'main', 'trunk' and
2025-12-16T18:27:40.6369937Z hint: 'development'. The just-created branch can be renamed via this command:
2025-12-16T18:27:40.6371426Z hint:
2025-12-16T18:27:40.6372155Z hint: 	git branch -m <name>
2025-12-16T18:27:40.6372925Z hint:
2025-12-16T18:27:40.6373965Z hint: Disable this message with "git config set advice.defaultBranchName false"
2025-12-16T18:27:40.6375743Z Initialized empty Git repository in /home/runner/work/BP_Tracker/BP_Tracker/.git/
2025-12-16T18:27:40.6378575Z [command]/usr/bin/git remote add origin https://github.com/Vishalsnw/BP_Tracker
2025-12-16T18:27:40.6412189Z ##[endgroup]
2025-12-16T18:27:40.6413385Z ##[group]Disabling automatic garbage collection
2025-12-16T18:27:40.6416989Z [command]/usr/bin/git config --local gc.auto 0
2025-12-16T18:27:40.6445668Z ##[endgroup]
2025-12-16T18:27:40.6446938Z ##[group]Setting up auth
2025-12-16T18:27:40.6453287Z [command]/usr/bin/git config --local --name-only --get-regexp core\.sshCommand
2025-12-16T18:27:40.6483750Z [command]/usr/bin/git submodule foreach --recursive sh -c "git config --local --name-only --get-regexp 'core\.sshCommand' && git config --local --unset-all 'core.sshCommand' || :"
2025-12-16T18:27:40.6800326Z [command]/usr/bin/git config --local --name-only --get-regexp http\.https\:\/\/github\.com\/\.extraheader
2025-12-16T18:27:40.6831605Z [command]/usr/bin/git submodule foreach --recursive sh -c "git config --local --name-only --get-regexp 'http\.https\:\/\/github\.com\/\.extraheader' && git config --local --unset-all 'http.https://github.com/.extraheader' || :"
2025-12-16T18:27:40.7049932Z [command]/usr/bin/git config --local --name-only --get-regexp ^includeIf\.gitdir:
2025-12-16T18:27:40.7082505Z [command]/usr/bin/git submodule foreach --recursive git config --local --show-origin --name-only --get-regexp remote.origin.url
2025-12-16T18:27:40.7301272Z [command]/usr/bin/git config --local http.https://github.com/.extraheader AUTHORIZATION: basic ***
2025-12-16T18:27:40.7334504Z ##[endgroup]
2025-12-16T18:27:40.7335736Z ##[group]Fetching the repository
2025-12-16T18:27:40.7344325Z [command]/usr/bin/git -c protocol.version=2 fetch --no-tags --prune --no-recurse-submodules --depth=1 origin +fc40b1387dd2c7deb8e18e609298b1f83db3d18e:refs/remotes/origin/main
2025-12-16T18:27:40.9028990Z From https://github.com/Vishalsnw/BP_Tracker
2025-12-16T18:27:40.9030078Z  * [new ref]         fc40b1387dd2c7deb8e18e609298b1f83db3d18e -> origin/main
2025-12-16T18:27:40.9063319Z ##[endgroup]
2025-12-16T18:27:40.9064537Z ##[group]Determining the checkout info
2025-12-16T18:27:40.9067685Z ##[endgroup]
2025-12-16T18:27:40.9071410Z [command]/usr/bin/git sparse-checkout disable
2025-12-16T18:27:40.9112317Z [command]/usr/bin/git config --local --unset-all extensions.worktreeConfig
2025-12-16T18:27:40.9140874Z ##[group]Checking out the ref
2025-12-16T18:27:40.9142611Z [command]/usr/bin/git checkout --progress --force -B main refs/remotes/origin/main
2025-12-16T18:27:40.9255090Z Switched to a new branch 'main'
2025-12-16T18:27:40.9257761Z branch 'main' set up to track 'origin/main'.
2025-12-16T18:27:40.9264203Z ##[endgroup]
2025-12-16T18:27:40.9297874Z [command]/usr/bin/git log -1 --format=%H
2025-12-16T18:27:40.9319829Z fc40b1387dd2c7deb8e18e609298b1f83db3d18e
2025-12-16T18:27:40.9647668Z ##[group]Run actions/setup-java@v4
2025-12-16T18:27:40.9648707Z with:
2025-12-16T18:27:40.9649411Z   java-version: 17
2025-12-16T18:27:40.9650187Z   distribution: temurin
2025-12-16T18:27:40.9651159Z   cache: gradle
2025-12-16T18:27:40.9651914Z   java-package: jdk
2025-12-16T18:27:40.9652691Z   check-latest: false
2025-12-16T18:27:40.9653496Z   server-id: github
2025-12-16T18:27:40.9654297Z   server-username: GITHUB_ACTOR
2025-12-16T18:27:40.9655494Z   server-password: GITHUB_TOKEN
2025-12-16T18:27:40.9656452Z   overwrite-settings: true
2025-12-16T18:27:40.9657334Z   job-status: success
2025-12-16T18:27:40.9658398Z   token: ***
2025-12-16T18:27:40.9659115Z ##[endgroup]
2025-12-16T18:27:41.1662045Z ##[group]Installed distributions
2025-12-16T18:27:41.1726142Z Resolved Java 17.0.17+10 from tool-cache
2025-12-16T18:27:41.1727045Z Setting Java 17.0.17+10 as the default
2025-12-16T18:27:41.1739919Z Creating toolchains.xml for JDK version 17 from temurin
2025-12-16T18:27:41.1816330Z Writing to /home/runner/.m2/toolchains.xml
2025-12-16T18:27:41.1816855Z 
2025-12-16T18:27:41.1817028Z Java configuration:
2025-12-16T18:27:41.1818173Z   Distribution: temurin
2025-12-16T18:27:41.1818647Z   Version: 17.0.17+10
2025-12-16T18:27:41.1819489Z   Path: /opt/hostedtoolcache/Java_Temurin-Hotspot_jdk/17.0.17-10/x64
2025-12-16T18:27:41.1820090Z 
2025-12-16T18:27:41.1820951Z ##[endgroup]
2025-12-16T18:27:41.1835204Z Creating settings.xml with server-id: github
2025-12-16T18:27:41.1841629Z Writing to /home/runner/.m2/settings.xml
2025-12-16T18:27:41.4026469Z Cache hit for: setup-java-Linux-x64-gradle-401f94cd71b6af81f298c4d86b4b628d092378215ab2a920a380974fbde8e3a2
2025-12-16T18:27:42.4421825Z Received 239075328 of 752189410 (31.8%), 227.1 MBs/sec
2025-12-16T18:27:43.4401752Z Received 515899392 of 752189410 (68.6%), 245.6 MBs/sec
2025-12-16T18:27:44.3887446Z Received 752189410 of 752189410 (100.0%), 243.0 MBs/sec
2025-12-16T18:27:44.3888337Z Cache Size: ~717 MB (752189410 B)
2025-12-16T18:27:44.3928717Z [command]/usr/bin/tar -xf /home/runner/work/_temp/7fcac2bf-bfcd-483a-a709-7245b98a56c2/cache.tzst -P -C /home/runner/work/BP_Tracker/BP_Tracker --use-compress-program unzstd
2025-12-16T18:27:47.4074881Z Cache restored successfully
2025-12-16T18:27:47.5474501Z Cache restored from key: setup-java-Linux-x64-gradle-401f94cd71b6af81f298c4d86b4b628d092378215ab2a920a380974fbde8e3a2
2025-12-16T18:27:47.5768585Z ##[group]Run chmod +x gradlew
2025-12-16T18:27:47.5769045Z [36;1mchmod +x gradlew[0m
2025-12-16T18:27:47.5807683Z shell: /usr/bin/bash -e {0}
2025-12-16T18:27:47.5807975Z env:
2025-12-16T18:27:47.5808296Z   JAVA_HOME: /opt/hostedtoolcache/Java_Temurin-Hotspot_jdk/17.0.17-10/x64
2025-12-16T18:27:47.5808773Z   JAVA_HOME_17_X64: /opt/hostedtoolcache/Java_Temurin-Hotspot_jdk/17.0.17-10/x64
2025-12-16T18:27:47.5809154Z ##[endgroup]
2025-12-16T18:27:47.5946744Z ##[group]Run echo "MIIKugIBAzCCCmQGCSqGSIb3DQEHAaCCClUEggpRMIIKTTCCBbQGCSqGSIb3DQEHAaCCBaUEggWhMIIFnTCCBZkGCyqGSIb3DQEMCgECoIIFQDCCBTwwZgYJKoZIhvcNAQUNMFkwOAYJKoZIhvcNAQUMMCsEFFkDvVyOy7KmtzbLZZqd0OguEWy+AgInEAIBIDAMBggqhkiG9w0CCQUAMB0GCWCGSAFlAwQBKgQQDzOVgSdu7y1sRUqymEmCuwSCBNBT1NGLZuJgLSKDkk+gtoU5iOUXyKDH3f1/4LgMrRh9eVM4gp5QS7+74tRu0VXQrOu6xIyoFIlw5x8GjtPpuYqYsvmg1GFT3/myUXTVGoIW05LXnn+eZvHVYPsbpp6VQ4mq+fJK5h39k9JtZIhwlfafnmue2DuSiAdlD9ywiRXQXeBrimHD5j6M0PPfIAw3k7Q6YfaOXupV/bx7Nji9a4jZHjDkiU1TaRmx2oVFojFeir69lTjvLYPtrVfFvhK90qZfLU5hGgm2zJozbqWlc++P47vbri5FJjIzwglTT/AIjgzqixHTQdg6x7oib1gBhrVzstDqpArpzAlheg4yA7g3CC2mijZkLBzyvyGqgRZMKxxSpNiV7tybtC3nEDDMAMjvTNke8c1TbqbXHUUS9pfznThjmL/qmXJou7y8Vjpfe7sjlpUAbuBIfOIPdg8/Yemzj2aXudrIYy4cCuZWRKYXSDmHYowKFFzJmFmRTI1uXX7btsFAQG9MsRXmpRln+tKhadnDo4uIbT2VonhaVYAmRlucx4I0NgCQWPwyAU8AP64KyaOocZpqVy6Lpbjdw2Wj/pd3BJyc1UexpFIs/gdtxD1tNE5gwd0fLzLtoNMkfho+y0S4/o4/j7/JcExCgMY85ax4HOjKRXJP/Xm6LGwuxveQRoNC30M+1HPL5q7uhTJhhTbPcDqyhYxmGLQ+nCKu8M3/UV5P5QLYDiXZ7JK63ujnQ5ZmxcDnTWBcJ0OtFrVbKbo77DL3aWJEjHSepqhcxJWg4ctP0NQ7Ufeqh4/PPVU/weVlN5Drza61GfMwZxg9ILdbRStUFkZ3TLOArhwkNBJVMiteqTnttx/5YXjKFkXAa7kjoOXnslg01li8XOAMJ0XTlJol+Tua6b4CdfOsZAeKU/NJUQx29RAE2JwjvNVT6whX3bFRuBr1lPHohT+cH56gAPT2tP5M8+JQE7hvXSdJKbJ9zNNjU1vNdQ3C9sD1HgFegTHWPlK8+23furyOlzqNhM/nh/NgFHPADZoZJVD7Xiil+OvBnhXWDMc9Hl5MfGXAyTqX85Ho/evMwnM5O0lt9o/uu8FH/U57whxVC23B3xMCzTRvFfqkYmv0qeKA5dtDo5wMFFffKT1aFLk4aqX4HQ+Rhwn3GLWdhr0JDvJDrkVTNeO9zrsO4VuQZVSUzF4bQwbpm/2z2q7K+2HS5EUhxdHYbS7CJFlMg+HKHens3v7ZIwXZGE6Oz2qZW5AIXrFw+M7fQxdTC2vWoPM3W7XFQjYYHG6MuIAujDRfhrHeB6TbSW9Ruz5Bz19yaQH6HaCjtxBesb+DMwAz9W6E5nD4acYJljKtVGd+AZK2/JXq6/e3N6JiUVsVh7h/3SjH6aOfb/rkHwmTjboIP3sfNs8N/mCl3GW8L5mnjWSgGcn2A4hrBo5ZcB5X3hZSvm2qzkze7t4acVGne81xTkrIFffpuj9ijmAzZPILGIhfMGAAl/Z2Q4CpXl+s0QLvQ/pJ5eJkjByusExBbh6hoKWxKZ7Kr0n2KsFANb3yOV5g1eZPO+xP+q89pRvu7jrPgCybvWJGnJglVI80+f5LoTdnLQu2oaTxav0ClAHbETcv6CPPcR10bU3MM3g/GsxH+Cin4F0fwDkdgtYcineljTFGMCEGCSqGSIb3DQEJFDEUHhIAYgBwAHQAcgBhAGMAawBlAHIwIQYJKoZIhvcNAQkVMRQEElRpbWUgMTc2NTkwNjExMDk0ODCCBJEGCSqGSIb3DQEHBqCCBIIwggR+AgEAMIIEdwYJKoZIhvcNAQcBMGYGCSqGSIb3DQEFDTBZMDgGCSqGSIb3DQEFDDArBBQ/M4g9elOi3WM8mi3Deg+B5Lr1lAICJxACASAwDAYIKoZIhvcNAgkFADAdBglghkgBZQMEASoEENklWtKBChyNY5cwTZd32k6AggQA96LcQDuXrt9hsgYiLVaVtkNaG+rg1hn52Fn0NnO/7O8hH0HEyr2WHkyo84haoVeLjbsJOAJBwzFOdR58lWVDUcpRigVNvIn9HstUJnPEK944khLANiopx+qc/zeyg30tvtJFUsF+w7dH4FSFKo7yDfDFp6ma+6Q+Av05nuDFUFVjau+di1OLV0ooO2rNSTtjDkm3camDUFIWiv2VMPliwFZZzHvQMrhsztJ/ES4B/y0yMA6NIVssJbTmlaag05LO1kzCGSFPLeRyOGi63MeY+EQkr6RhndoQNCy7C3WiPIUqgGk21GQi5130iuCkW+p0mIQ4rPzYzK+wiJbZP9e2iVp1fXVX6Ikn/CGfMOxyXjVhRbkUcMF4VHUhLFX0O6Myg9cpLxswKBCPj6/ZKOs84wZ1RtrOH7vquYIwM8Wb3BeU9WTzfNuF+APS4YDt2ZeCwM38CLSQivji6r9/jGW63ggKuoJ39GBlIUvrFEbmKJhYpgnX1g71KmjeifJoMCcVvcm8iCCuBennHm4Gn8je5Fyrny9mNz7fGG4sD37j7NQ/zjKqQreX4d+Vcg+QSsL35rSRqGguZmUqFak09YyvSI44MLj6euZF2MrTCYZmcjahcSuM7awZ+UmiCUT6IrDOviQJKsuLkQHYlQ4scb2U+JwvZJk8Fd2aqNgeNgw6of6cRwR4Rb88MAkQd0fHJKtYb2B5D8SxRgXfMDuJiKLdPQzXmeifY5KtaGrohJOqffizwGVVLwNpvgXZTh2WWNMu4L4KmenxB0ymDjsbT9IFSuwNHkX4dQE94p7l5eQGGKJD/UXgTx3gEgdeqvLSRAdqnZlVZDBVFpAvFk1FF/sZ4ZmMLJcwkUIonh9InC/qkRnPTgxtbWulcdGPQ3d6e52rYjcSlq66zF7xuvL2FqeL454BT7KdN+7CIQ+iEBeQ1eHR652tjatYvs/yxx5amB/+QuxrFo27TfcTp+tPejmM3qq7nYqXuFNkbfo1L5K3xFHMJS9H/8OOQKYvnL8EPA0QcuvlV8u4rIXMCYKbFtg7h3O98Z3F0RXL5o2+A1l04R+6HrbbiZF8x9GQ3W1IIwJgApOYBUlDqjADH5MNLPU6R2yL7G7RN7e1OOyKi97FEZjwxRYIlZ1TDN8OIdZ3GJFZfrwwpZvjeJv6qVLc6AbHPt7+wKwak/AfZQDp53FuWRdtxaSsY1HhEt2JhOqN9gI0OLQcSD6XxY7jp59irAO9XAFSFgUjqNBBHXpNCAhnmXDeMNfGOYqk30Kt3f+yhG+Eyc+PME+3YfGes+auRo+3yNSkEQeG78yPn1gHwaOWPBARiqlND1KsyXBBajEUpwTDIjOMEAoVlZxQTrGhKdiT2TBNMDEwDQYJYIZIAWUDBAIBBQAEIHJJx0a64e4OsPxy/HYrvXKYRYn1jtUCfz7kUzqUj3opBBSk6aL2431VuvKF9Qkl2Yugn+WGOwICJxA=" | base64 -d > app/release-keystore.jks
2025-12-16T18:27:47.5983641Z [36;1mecho "MIIKugIBAzCCCmQGCSqGSIb3DQEHAaCCClUEggpRMIIKTTCCBbQGCSqGSIb3DQEHAaCCBaUEggWhMIIFnTCCBZkGCyqGSIb3DQEMCgECoIIFQDCCBTwwZgYJKoZIhvcNAQUNMFkwOAYJKoZIhvcNAQUMMCsEFFkDvVyOy7KmtzbLZZqd0OguEWy+AgInEAIBIDAMBggqhkiG9w0CCQUAMB0GCWCGSAFlAwQBKgQQDzOVgSdu7y1sRUqymEmCuwSCBNBT1NGLZuJgLSKDkk+gtoU5iOUXyKDH3f1/4LgMrRh9eVM4gp5QS7+74tRu0VXQrOu6xIyoFIlw5x8GjtPpuYqYsvmg1GFT3/myUXTVGoIW05LXnn+eZvHVYPsbpp6VQ4mq+fJK5h39k9JtZIhwlfafnmue2DuSiAdlD9ywiRXQXeBrimHD5j6M0PPfIAw3k7Q6YfaOXupV/bx7Nji9a4jZHjDkiU1TaRmx2oVFojFeir69lTjvLYPtrVfFvhK90qZfLU5hGgm2zJozbqWlc++P47vbri5FJjIzwglTT/AIjgzqixHTQdg6x7oib1gBhrVzstDqpArpzAlheg4yA7g3CC2mijZkLBzyvyGqgRZMKxxSpNiV7tybtC3nEDDMAMjvTNke8c1TbqbXHUUS9pfznThjmL/qmXJou7y8Vjpfe7sjlpUAbuBIfOIPdg8/Yemzj2aXudrIYy4cCuZWRKYXSDmHYowKFFzJmFmRTI1uXX7btsFAQG9MsRXmpRln+tKhadnDo4uIbT2VonhaVYAmRlucx4I0NgCQWPwyAU8AP64KyaOocZpqVy6Lpbjdw2Wj/pd3BJyc1UexpFIs/gdtxD1tNE5gwd0fLzLtoNMkfho+y0S4/o4/j7/JcExCgMY85ax4HOjKRXJP/Xm6LGwuxveQRoNC30M+1HPL5q7uhTJhhTbPcDqyhYxmGLQ+nCKu8M3/UV5P5QLYDiXZ7JK63ujnQ5ZmxcDnTWBcJ0OtFrVbKbo77DL3aWJEjHSepqhcxJWg4ctP0NQ7Ufeqh4/PPVU/weVlN5Drza61GfMwZxg9ILdbRStUFkZ3TLOArhwkNBJVMiteqTnttx/5YXjKFkXAa7kjoOXnslg01li8XOAMJ0XTlJol+Tua6b4CdfOsZAeKU/NJUQx29RAE2JwjvNVT6whX3bFRuBr1lPHohT+cH56gAPT2tP5M8+JQE7hvXSdJKbJ9zNNjU1vNdQ3C9sD1HgFegTHWPlK8+23furyOlzqNhM/nh/NgFHPADZoZJVD7Xiil+OvBnhXWDMc9Hl5MfGXAyTqX85Ho/evMwnM5O0lt9o/uu8FH/U57whxVC23B3xMCzTRvFfqkYmv0qeKA5dtDo5wMFFffKT1aFLk4aqX4HQ+Rhwn3GLWdhr0JDvJDrkVTNeO9zrsO4VuQZVSUzF4bQwbpm/2z2q7K+2HS5EUhxdHYbS7CJFlMg+HKHens3v7ZIwXZGE6Oz2qZW5AIXrFw+M7fQxdTC2vWoPM3W7XFQjYYHG6MuIAujDRfhrHeB6TbSW9Ruz5Bz19yaQH6HaCjtxBesb+DMwAz9W6E5nD4acYJljKtVGd+AZK2/JXq6/e3N6JiUVsVh7h/3SjH6aOfb/rkHwmTjboIP3sfNs8N/mCl3GW8L5mnjWSgGcn2A4hrBo5ZcB5X3hZSvm2qzkze7t4acVGne81xTkrIFffpuj9ijmAzZPILGIhfMGAAl/Z2Q4CpXl+s0QLvQ/pJ5eJkjByusExBbh6hoKWxKZ7Kr0n2KsFANb3yOV5g1eZPO+xP+q89pRvu7jrPgCybvWJGnJglVI80+f5LoTdnLQu2oaTxav0ClAHbETcv6CPPcR10bU3MM3g/GsxH+Cin4F0fwDkdgtYcineljTFGMCEGCSqGSIb3DQEJFDEUHhIAYgBwAHQAcgBhAGMAawBlAHIwIQYJKoZIhvcNAQkVMRQEElRpbWUgMTc2NTkwNjExMDk0ODCCBJEGCSqGSIb3DQEHBqCCBIIwggR+AgEAMIIEdwYJKoZIhvcNAQcBMGYGCSqGSIb3DQEFDTBZMDgGCSqGSIb3DQEFDDArBBQ/M4g9elOi3WM8mi3Deg+B5Lr1lAICJxACASAwDAYIKoZIhvcNAgkFADAdBglghkgBZQMEASoEENklWtKBChyNY5cwTZd32k6AggQA96LcQDuXrt9hsgYiLVaVtkNaG+rg1hn52Fn0NnO/7O8hH0HEyr2WHkyo84haoVeLjbsJOAJBwzFOdR58lWVDUcpRigVNvIn9HstUJnPEK944khLANiopx+qc/zeyg30tvtJFUsF+w7dH4FSFKo7yDfDFp6ma+6Q+Av05nuDFUFVjau+di1OLV0ooO2rNSTtjDkm3camDUFIWiv2VMPliwFZZzHvQMrhsztJ/ES4B/y0yMA6NIVssJbTmlaag05LO1kzCGSFPLeRyOGi63MeY+EQkr6RhndoQNCy7C3WiPIUqgGk21GQi5130iuCkW+p0mIQ4rPzYzK+wiJbZP9e2iVp1fXVX6Ikn/CGfMOxyXjVhRbkUcMF4VHUhLFX0O6Myg9cpLxswKBCPj6/ZKOs84wZ1RtrOH7vquYIwM8Wb3BeU9WTzfNuF+APS4YDt2ZeCwM38CLSQivji6r9/jGW63ggKuoJ39GBlIUvrFEbmKJhYpgnX1g71KmjeifJoMCcVvcm8iCCuBennHm4Gn8je5Fyrny9mNz7fGG4sD37j7NQ/zjKqQreX4d+Vcg+QSsL35rSRqGguZmUqFak09YyvSI44MLj6euZF2MrTCYZmcjahcSuM7awZ+UmiCUT6IrDOviQJKsuLkQHYlQ4scb2U+JwvZJk8Fd2aqNgeNgw6of6cRwR4Rb88MAkQd0fHJKtYb2B5D8SxRgXfMDuJiKLdPQzXmeifY5KtaGrohJOqffizwGVVLwNpvgXZTh2WWNMu4L4KmenxB0ymDjsbT9IFSuwNHkX4dQE94p7l5eQGGKJD/UXgTx3gEgdeqvLSRAdqnZlVZDBVFpAvFk1FF/sZ4ZmMLJcwkUIonh9InC/qkRnPTgxtbWulcdGPQ3d6e52rYjcSlq66zF7xuvL2FqeL454BT7KdN+7CIQ+iEBeQ1eHR652tjatYvs/yxx5amB/+QuxrFo27TfcTp+tPejmM3qq7nYqXuFNkbfo1L5K3xFHMJS9H/8OOQKYvnL8EPA0QcuvlV8u4rIXMCYKbFtg7h3O98Z3F0RXL5o2+A1l04R+6HrbbiZF8x9GQ3W1IIwJgApOYBUlDqjADH5MNLPU6R2yL7G7RN7e1OOyKi97FEZjwxRYIlZ1TDN8OIdZ3GJFZfrwwpZvjeJv6qVLc6AbHPt7+wKwak/AfZQDp53FuWRdtxaSsY1HhEt2JhOqN9gI0OLQcSD6XxY7jp59irAO9XAFSFgUjqNBBHXpNCAhnmXDeMNfGOYqk30Kt3f+yhG+Eyc+PME+3YfGes+auRo+3yNSkEQeG78yPn1gHwaOWPBARiqlND1KsyXBBajEUpwTDIjOMEAoVlZxQTrGhKdiT2TBNMDEwDQYJYIZIAWUDBAIBBQAEIHJJx0a64e4OsPxy/HYrvXKYRYn1jtUCfz7kUzqUj3opBBSk6aL2431VuvKF9Qkl2Yugn+WGOwICJxA=" | base64 -d > app/release-keystore.jks[0m
2025-12-16T18:27:47.6032093Z shell: /usr/bin/bash -e {0}
2025-12-16T18:27:47.6032326Z env:
2025-12-16T18:27:47.6032618Z   JAVA_HOME: /opt/hostedtoolcache/Java_Temurin-Hotspot_jdk/17.0.17-10/x64
2025-12-16T18:27:47.6033092Z   JAVA_HOME_17_X64: /opt/hostedtoolcache/Java_Temurin-Hotspot_jdk/17.0.17-10/x64
2025-12-16T18:27:47.6033450Z ##[endgroup]
2025-12-16T18:27:47.6133926Z ##[group]Run ./gradlew assembleRelease
2025-12-16T18:27:47.6134300Z [36;1m./gradlew assembleRelease[0m
2025-12-16T18:27:47.6164916Z shell: /usr/bin/bash -e {0}
2025-12-16T18:27:47.6165205Z env:
2025-12-16T18:27:47.6165551Z   JAVA_HOME: /opt/hostedtoolcache/Java_Temurin-Hotspot_jdk/17.0.17-10/x64
2025-12-16T18:27:47.6166108Z   JAVA_HOME_17_X64: /opt/hostedtoolcache/Java_Temurin-Hotspot_jdk/17.0.17-10/x64
2025-12-16T18:27:47.6166524Z ##[endgroup]
2025-12-16T18:27:49.9081844Z 
2025-12-16T18:27:49.9083272Z Welcome to Gradle 8.2!
2025-12-16T18:27:49.9083739Z 
2025-12-16T18:27:49.9084655Z Here are the highlights of this release:
2025-12-16T18:27:49.9095935Z  - Kotlin DSL: new reference documentation, assignment syntax by default
2025-12-16T18:27:49.9096689Z  - Kotlin DSL is now the default with Gradle init
2025-12-16T18:27:49.9097373Z  - Improved suggestions to resolve errors in console output
2025-12-16T18:27:49.9097745Z 
2025-12-16T18:27:49.9098047Z For more details see https://docs.gradle.org/8.2/release-notes.html
2025-12-16T18:27:49.9098327Z 
2025-12-16T18:27:50.4018175Z Starting a Gradle Daemon (subsequent builds will be faster)
2025-12-16T18:28:03.3105761Z > Task :app:buildKotlinToolingMetadata
2025-12-16T18:28:03.3107983Z > Task :app:checkKotlinGradlePluginConfigurationErrors
2025-12-16T18:28:03.3108884Z > Task :app:preBuild UP-TO-DATE
2025-12-16T18:28:03.3109859Z > Task :app:preReleaseBuild UP-TO-DATE
2025-12-16T18:28:03.8016516Z > Task :app:generateReleaseResValues
2025-12-16T18:28:03.9026535Z > Task :app:checkReleaseAarMetadata
2025-12-16T18:28:03.9027109Z > Task :app:mapReleaseSourceSetPaths
2025-12-16T18:28:03.9027581Z > Task :app:generateReleaseResources
2025-12-16T18:28:05.3022067Z > Task :app:packageReleaseResources
2025-12-16T18:28:06.6016629Z > Task :app:mergeReleaseResources
2025-12-16T18:28:10.0031117Z > Task :app:createReleaseCompatibleScreenManifests
2025-12-16T18:28:10.0032285Z > Task :app:extractDeepLinksRelease
2025-12-16T18:28:10.1016609Z > Task :app:parseReleaseLocalResources
2025-12-16T18:28:10.3030315Z > Task :app:processReleaseMainManifest
2025-12-16T18:28:10.4015454Z > Task :app:processReleaseManifest
2025-12-16T18:28:10.5018519Z > Task :app:javaPreCompileRelease
2025-12-16T18:28:10.5031064Z > Task :app:extractProguardFiles
2025-12-16T18:28:10.5031960Z > Task :app:mergeReleaseJniLibFolders
2025-12-16T18:28:10.6015839Z > Task :app:mergeReleaseNativeLibs NO-SOURCE
2025-12-16T18:28:10.6020297Z > Task :app:stripReleaseDebugSymbols NO-SOURCE
2025-12-16T18:28:10.6024320Z > Task :app:extractReleaseNativeSymbolTables NO-SOURCE
2025-12-16T18:28:10.6027514Z > Task :app:mergeReleaseNativeDebugMetadata NO-SOURCE
2025-12-16T18:28:10.8041589Z > Task :app:mergeReleaseArtProfile
2025-12-16T18:28:10.8042667Z > Task :app:mergeReleaseShaders
2025-12-16T18:28:10.8043275Z > Task :app:checkReleaseDuplicateClasses
2025-12-16T18:28:10.8043940Z > Task :app:compileReleaseShaders NO-SOURCE
2025-12-16T18:28:10.8044592Z > Task :app:processReleaseManifestForPackage
2025-12-16T18:28:11.0029196Z > Task :app:generateReleaseAssets UP-TO-DATE
2025-12-16T18:28:11.1017390Z > Task :app:mergeReleaseAssets
2025-12-16T18:28:11.1017948Z > Task :app:compressReleaseAssets
2025-12-16T18:28:11.3066117Z > Task :app:collectReleaseDependencies
2025-12-16T18:28:11.5015917Z > Task :app:processReleaseResources
2025-12-16T18:28:11.6014405Z > Task :app:sdkReleaseDependencyData
2025-12-16T18:28:12.7015259Z > Task :app:validateSigningRelease
2025-12-16T18:28:12.7017902Z > Task :app:writeReleaseAppMetadata
2025-12-16T18:28:12.7022782Z > Task :app:writeReleaseSigningConfigVersions
2025-12-16T18:28:12.9061857Z > Task :app:optimizeReleaseResources
2025-12-16T18:28:21.0020092Z 
2025-12-16T18:28:21.0034215Z > Task :app:kspReleaseKotlin
2025-12-16T18:28:21.0038567Z w: [ksp] /home/runner/work/BP_Tracker/BP_Tracker/app/src/main/java/com/bptracker/data/database/BloodPressureDatabase.kt:15: Schema export directory was not provided to the annotation processor so Room cannot export the schema. You can either provide `room.schemaLocation` annotation processor argument by applying the Room Gradle plugin (id 'androidx.room') OR set exportSchema to false.
2025-12-16T18:28:30.6020865Z 
2025-12-16T18:28:30.6026535Z > Task :app:compileReleaseKotlin
2025-12-16T18:28:30.6033493Z e: file:///home/runner/work/BP_Tracker/BP_Tracker/app/src/main/java/com/bptracker/ui/screens/home/HomeScreen.kt:235:84 Cannot find a parameter with this name: bottom
2025-12-16T18:28:30.7042095Z 
2025-12-16T18:28:30.7042594Z 
2025-12-16T18:28:30.7043156Z > Task :app:compileReleaseKotlin FAILED
2025-12-16T18:28:30.7044408Z 30 actionable tasks: 30 executed
2025-12-16T18:28:30.7076711Z FAILURE: Build failed with an exception.
2025-12-16T18:28:30.7077171Z 
2025-12-16T18:28:30.7077676Z * What went wrong:
2025-12-16T18:28:30.7078684Z Execution failed for task ':app:compileReleaseKotlin'.
2025-12-16T18:28:30.7080019Z > A failure occurred while executing org.jetbrains.kotlin.compilerRunner.GradleCompilerRunnerWithWorkers$GradleKotlinCompilerWorkAction
2025-12-16T18:28:30.7081529Z    > Compilation error. See log for more details
2025-12-16T18:28:30.7081973Z 
2025-12-16T18:28:30.7082978Z * Try:
2025-12-16T18:28:30.7083475Z > Run with --stacktrace option to get the stack trace.
2025-12-16T18:28:30.7084174Z > Run with --info or --debug option to get more log output.
2025-12-16T18:28:30.7084822Z > Run with --scan to get full insights.
2025-12-16T18:28:30.7085408Z > Get more help at https://help.gradle.org.
2025-12-16T18:28:30.7085838Z 
2025-12-16T18:28:30.7086107Z BUILD FAILED in 41s
2025-12-16T18:28:31.1635282Z ##[error]Process completed with exit code 1.
2025-12-16T18:28:31.1686867Z ##[group]Run rm -f app/release-keystore.jks
2025-12-16T18:28:31.1687215Z [36;1mrm -f app/release-keystore.jks[0m
2025-12-16T18:28:31.1721160Z shell: /usr/bin/bash -e {0}
2025-12-16T18:28:31.1721380Z env:
2025-12-16T18:28:31.1721659Z   JAVA_HOME: /opt/hostedtoolcache/Java_Temurin-Hotspot_jdk/17.0.17-10/x64
2025-12-16T18:28:31.1722121Z   JAVA_HOME_17_X64: /opt/hostedtoolcache/Java_Temurin-Hotspot_jdk/17.0.17-10/x64
2025-12-16T18:28:31.1722644Z ##[endgroup]
2025-12-16T18:28:31.1862320Z Post job cleanup.
2025-12-16T18:28:31.3603906Z Post job cleanup.
2025-12-16T18:28:31.4622385Z [command]/usr/bin/git version
2025-12-16T18:28:31.4663727Z git version 2.52.0
2025-12-16T18:28:31.4711449Z Temporarily overriding HOME='/home/runner/work/_temp/d41e56d5-228f-4696-95fc-1f0a5b9b6c01' before making global git config changes
2025-12-16T18:28:31.4712749Z Adding repository directory to the temporary git global config as a safe directory
2025-12-16T18:28:31.4716069Z [command]/usr/bin/git config --global --add safe.directory /home/runner/work/BP_Tracker/BP_Tracker
2025-12-16T18:28:31.4753428Z [command]/usr/bin/git config --local --name-only --get-regexp core\.sshCommand
2025-12-16T18:28:31.4787095Z [command]/usr/bin/git submodule foreach --recursive sh -c "git config --local --name-only --get-regexp 'core\.sshCommand' && git config --local --unset-all 'core.sshCommand' || :"
2025-12-16T18:28:31.5031265Z [command]/usr/bin/git config --local --name-only --get-regexp http\.https\:\/\/github\.com\/\.extraheader
2025-12-16T18:28:31.5054835Z http.https://github.com/.extraheader
2025-12-16T18:28:31.5068132Z [command]/usr/bin/git config --local --unset-all http.https://github.com/.extraheader
2025-12-16T18:28:31.5099656Z [command]/usr/bin/git submodule foreach --recursive sh -c "git config --local --name-only --get-regexp 'http\.https\:\/\/github\.com\/\.extraheader' && git config --local --unset-all 'http.https://github.com/.extraheader' || :"
2025-12-16T18:28:31.5346797Z [command]/usr/bin/git config --local --name-only --get-regexp ^includeIf\.gitdir:
2025-12-16T18:28:31.5379870Z [command]/usr/bin/git submodule foreach --recursive git config --local --show-origin --name-only --get-regexp remote.origin.url
2025-12-16T18:28:31.5719828Z Cleaning up orphan processes
2025-12-16T18:28:31.6021621Z Terminate orphan process: pid (2226) (java)
2025-12-16T18:28:31.6061082Z Terminate orphan process: pid (2365) (java)
