2025-12-16T18:42:12.5763476Z Current runner version: '2.329.0'
2025-12-16T18:42:12.5787836Z ##[group]Runner Image Provisioner
2025-12-16T18:42:12.5788585Z Hosted Compute Agent
2025-12-16T18:42:12.5789120Z Version: 20251202.455
2025-12-16T18:42:12.5789839Z Commit: 6c10caca4910e198df60de23adf20ad317c474e3
2025-12-16T18:42:12.5790512Z Build Date: 2025-12-02T15:56:59Z
2025-12-16T18:42:12.5791474Z Worker ID: {b703a464-b26d-49ba-86bb-ff653addb3eb}
2025-12-16T18:42:12.5792218Z ##[endgroup]
2025-12-16T18:42:12.5792751Z ##[group]Operating System
2025-12-16T18:42:12.5793287Z Ubuntu
2025-12-16T18:42:12.5793848Z 24.04.3
2025-12-16T18:42:12.5794265Z LTS
2025-12-16T18:42:12.5794754Z ##[endgroup]
2025-12-16T18:42:12.5795287Z ##[group]Runner Image
2025-12-16T18:42:12.5795799Z Image: ubuntu-24.04
2025-12-16T18:42:12.5796311Z Version: 20251208.163.1
2025-12-16T18:42:12.5797341Z Included Software: https://github.com/actions/runner-images/blob/ubuntu24/20251208.163/images/ubuntu/Ubuntu2404-Readme.md
2025-12-16T18:42:12.5798935Z Image Release: https://github.com/actions/runner-images/releases/tag/ubuntu24%2F20251208.163
2025-12-16T18:42:12.5800059Z ##[endgroup]
2025-12-16T18:42:12.5801370Z ##[group]GITHUB_TOKEN Permissions
2025-12-16T18:42:12.5803251Z Contents: read
2025-12-16T18:42:12.5803788Z Metadata: read
2025-12-16T18:42:12.5804322Z Packages: read
2025-12-16T18:42:12.5804792Z ##[endgroup]
2025-12-16T18:42:12.5807252Z Secret source: Actions
2025-12-16T18:42:12.5807932Z Prepare workflow directory
2025-12-16T18:42:12.6138865Z Prepare all required actions
2025-12-16T18:42:12.6176519Z Getting action download info
2025-12-16T18:42:12.9516345Z Download action repository 'actions/checkout@v4' (SHA:34e114876b0b11c390a56381ad16ebd13914f8d5)
2025-12-16T18:42:13.2101583Z Download action repository 'actions/setup-java@v4' (SHA:c1e323688fd81a25caa38c78aa6df2d33d3e20d9)
2025-12-16T18:42:13.6640932Z Download action repository 'actions/upload-artifact@v4' (SHA:ea165f8d65b6e75b540449e92b4886f43607fa02)
2025-12-16T18:42:13.8724212Z Complete job name: build
2025-12-16T18:42:13.9440322Z ##[group]Run actions/checkout@v4
2025-12-16T18:42:13.9441459Z with:
2025-12-16T18:42:13.9441933Z   repository: Vishalsnw/BP_Tracker
2025-12-16T18:42:13.9442726Z   token: ***
2025-12-16T18:42:13.9443180Z   ssh-strict: true
2025-12-16T18:42:13.9443654Z   ssh-user: git
2025-12-16T18:42:13.9444129Z   persist-credentials: true
2025-12-16T18:42:13.9444676Z   clean: true
2025-12-16T18:42:13.9445162Z   sparse-checkout-cone-mode: true
2025-12-16T18:42:13.9445754Z   fetch-depth: 1
2025-12-16T18:42:13.9446228Z   fetch-tags: false
2025-12-16T18:42:13.9446712Z   show-progress: true
2025-12-16T18:42:13.9447196Z   lfs: false
2025-12-16T18:42:13.9447646Z   submodules: false
2025-12-16T18:42:13.9448141Z   set-safe-directory: true
2025-12-16T18:42:13.9448898Z ##[endgroup]
2025-12-16T18:42:14.0507980Z Syncing repository: Vishalsnw/BP_Tracker
2025-12-16T18:42:14.0509958Z ##[group]Getting Git version info
2025-12-16T18:42:14.0511117Z Working directory is '/home/runner/work/BP_Tracker/BP_Tracker'
2025-12-16T18:42:14.0512347Z [command]/usr/bin/git version
2025-12-16T18:42:14.0578547Z git version 2.52.0
2025-12-16T18:42:14.0604346Z ##[endgroup]
2025-12-16T18:42:14.0625534Z Temporarily overriding HOME='/home/runner/work/_temp/f850243c-cb01-4dae-8fbf-ea1e7dc003c3' before making global git config changes
2025-12-16T18:42:14.0627282Z Adding repository directory to the temporary git global config as a safe directory
2025-12-16T18:42:14.0630173Z [command]/usr/bin/git config --global --add safe.directory /home/runner/work/BP_Tracker/BP_Tracker
2025-12-16T18:42:14.0668343Z Deleting the contents of '/home/runner/work/BP_Tracker/BP_Tracker'
2025-12-16T18:42:14.0671874Z ##[group]Initializing the repository
2025-12-16T18:42:14.0675598Z [command]/usr/bin/git init /home/runner/work/BP_Tracker/BP_Tracker
2025-12-16T18:42:14.0779000Z hint: Using 'master' as the name for the initial branch. This default branch name
2025-12-16T18:42:14.0781096Z hint: will change to "main" in Git 3.0. To configure the initial branch name
2025-12-16T18:42:14.0783078Z hint: to use in all of your new repositories, which will suppress this warning,
2025-12-16T18:42:14.0784483Z hint: call:
2025-12-16T18:42:14.0785107Z hint:
2025-12-16T18:42:14.0785941Z hint: 	git config --global init.defaultBranch <name>
2025-12-16T18:42:14.0786756Z hint:
2025-12-16T18:42:14.0787433Z hint: Names commonly chosen instead of 'master' are 'main', 'trunk' and
2025-12-16T18:42:14.0788922Z hint: 'development'. The just-created branch can be renamed via this command:
2025-12-16T18:42:14.0789851Z hint:
2025-12-16T18:42:14.0790275Z hint: 	git branch -m <name>
2025-12-16T18:42:14.0791243Z hint:
2025-12-16T18:42:14.0792138Z hint: Disable this message with "git config set advice.defaultBranchName false"
2025-12-16T18:42:14.0793809Z Initialized empty Git repository in /home/runner/work/BP_Tracker/BP_Tracker/.git/
2025-12-16T18:42:14.0796033Z [command]/usr/bin/git remote add origin https://github.com/Vishalsnw/BP_Tracker
2025-12-16T18:42:14.0826129Z ##[endgroup]
2025-12-16T18:42:14.0826903Z ##[group]Disabling automatic garbage collection
2025-12-16T18:42:14.0831483Z [command]/usr/bin/git config --local gc.auto 0
2025-12-16T18:42:14.0859721Z ##[endgroup]
2025-12-16T18:42:14.0861257Z ##[group]Setting up auth
2025-12-16T18:42:14.0867428Z [command]/usr/bin/git config --local --name-only --get-regexp core\.sshCommand
2025-12-16T18:42:14.0898399Z [command]/usr/bin/git submodule foreach --recursive sh -c "git config --local --name-only --get-regexp 'core\.sshCommand' && git config --local --unset-all 'core.sshCommand' || :"
2025-12-16T18:42:14.1227799Z [command]/usr/bin/git config --local --name-only --get-regexp http\.https\:\/\/github\.com\/\.extraheader
2025-12-16T18:42:14.1255650Z [command]/usr/bin/git submodule foreach --recursive sh -c "git config --local --name-only --get-regexp 'http\.https\:\/\/github\.com\/\.extraheader' && git config --local --unset-all 'http.https://github.com/.extraheader' || :"
2025-12-16T18:42:14.1473659Z [command]/usr/bin/git config --local --name-only --get-regexp ^includeIf\.gitdir:
2025-12-16T18:42:14.1504385Z [command]/usr/bin/git submodule foreach --recursive git config --local --show-origin --name-only --get-regexp remote.origin.url
2025-12-16T18:42:14.1727369Z [command]/usr/bin/git config --local http.https://github.com/.extraheader AUTHORIZATION: basic ***
2025-12-16T18:42:14.1760307Z ##[endgroup]
2025-12-16T18:42:14.1761863Z ##[group]Fetching the repository
2025-12-16T18:42:14.1770352Z [command]/usr/bin/git -c protocol.version=2 fetch --no-tags --prune --no-recurse-submodules --depth=1 origin +5f9df2b05fe040c38788647e5bebc1b6b624b89d:refs/remotes/origin/main
2025-12-16T18:42:14.4912839Z From https://github.com/Vishalsnw/BP_Tracker
2025-12-16T18:42:14.4914033Z  * [new ref]         5f9df2b05fe040c38788647e5bebc1b6b624b89d -> origin/main
2025-12-16T18:42:14.4943457Z ##[endgroup]
2025-12-16T18:42:14.4944378Z ##[group]Determining the checkout info
2025-12-16T18:42:14.4945807Z ##[endgroup]
2025-12-16T18:42:14.4951147Z [command]/usr/bin/git sparse-checkout disable
2025-12-16T18:42:14.4991526Z [command]/usr/bin/git config --local --unset-all extensions.worktreeConfig
2025-12-16T18:42:14.5017232Z ##[group]Checking out the ref
2025-12-16T18:42:14.5021629Z [command]/usr/bin/git checkout --progress --force -B main refs/remotes/origin/main
2025-12-16T18:42:14.5131418Z Switched to a new branch 'main'
2025-12-16T18:42:14.5134537Z branch 'main' set up to track 'origin/main'.
2025-12-16T18:42:14.5142111Z ##[endgroup]
2025-12-16T18:42:14.5174014Z [command]/usr/bin/git log -1 --format=%H
2025-12-16T18:42:14.5195554Z 5f9df2b05fe040c38788647e5bebc1b6b624b89d
2025-12-16T18:42:14.5516106Z ##[group]Run actions/setup-java@v4
2025-12-16T18:42:14.5517029Z with:
2025-12-16T18:42:14.5517644Z   java-version: 17
2025-12-16T18:42:14.5518357Z   distribution: temurin
2025-12-16T18:42:14.5519100Z   cache: gradle
2025-12-16T18:42:14.5519793Z   java-package: jdk
2025-12-16T18:42:14.5520522Z   check-latest: false
2025-12-16T18:42:14.5521547Z   server-id: github
2025-12-16T18:42:14.5522288Z   server-username: GITHUB_ACTOR
2025-12-16T18:42:14.5523418Z   server-password: GITHUB_TOKEN
2025-12-16T18:42:14.5524299Z   overwrite-settings: true
2025-12-16T18:42:14.5525100Z   job-status: success
2025-12-16T18:42:14.5526061Z   token: ***
2025-12-16T18:42:14.5526689Z ##[endgroup]
2025-12-16T18:42:14.7623845Z ##[group]Installed distributions
2025-12-16T18:42:14.7686270Z Resolved Java 17.0.17+10 from tool-cache
2025-12-16T18:42:14.7687949Z Setting Java 17.0.17+10 as the default
2025-12-16T18:42:14.7700981Z Creating toolchains.xml for JDK version 17 from temurin
2025-12-16T18:42:14.7776727Z Writing to /home/runner/.m2/toolchains.xml
2025-12-16T18:42:14.7778013Z 
2025-12-16T18:42:14.7778487Z Java configuration:
2025-12-16T18:42:14.7779697Z   Distribution: temurin
2025-12-16T18:42:14.7781190Z   Version: 17.0.17+10
2025-12-16T18:42:14.7783014Z   Path: /opt/hostedtoolcache/Java_Temurin-Hotspot_jdk/17.0.17-10/x64
2025-12-16T18:42:14.7784753Z 
2025-12-16T18:42:14.7785982Z ##[endgroup]
2025-12-16T18:42:14.7802095Z Creating settings.xml with server-id: github
2025-12-16T18:42:14.7803431Z Writing to /home/runner/.m2/settings.xml
2025-12-16T18:42:15.0264667Z Cache hit for: setup-java-Linux-x64-gradle-401f94cd71b6af81f298c4d86b4b628d092378215ab2a920a380974fbde8e3a2
2025-12-16T18:42:16.1502876Z Received 155189248 of 752189410 (20.6%), 147.7 MBs/sec
2025-12-16T18:42:17.1555950Z Received 343932928 of 752189410 (45.7%), 163.1 MBs/sec
2025-12-16T18:42:18.1556411Z Received 536870912 of 752189410 (71.4%), 170.0 MBs/sec
2025-12-16T18:42:19.1878721Z Received 752189410 of 752189410 (100.0%), 177.4 MBs/sec
2025-12-16T18:42:19.1880897Z Cache Size: ~717 MB (752189410 B)
2025-12-16T18:42:19.1925431Z [command]/usr/bin/tar -xf /home/runner/work/_temp/cb9cb944-a07e-4eda-8aed-9f99d290c467/cache.tzst -P -C /home/runner/work/BP_Tracker/BP_Tracker --use-compress-program unzstd
2025-12-16T18:42:23.2278431Z Cache restored successfully
2025-12-16T18:42:23.3649613Z Cache restored from key: setup-java-Linux-x64-gradle-401f94cd71b6af81f298c4d86b4b628d092378215ab2a920a380974fbde8e3a2
2025-12-16T18:42:23.3911896Z ##[group]Run chmod +x gradlew
2025-12-16T18:42:23.3912314Z [36;1mchmod +x gradlew[0m
2025-12-16T18:42:23.3952281Z shell: /usr/bin/bash -e {0}
2025-12-16T18:42:23.3952585Z env:
2025-12-16T18:42:23.3952937Z   JAVA_HOME: /opt/hostedtoolcache/Java_Temurin-Hotspot_jdk/17.0.17-10/x64
2025-12-16T18:42:23.3953481Z   JAVA_HOME_17_X64: /opt/hostedtoolcache/Java_Temurin-Hotspot_jdk/17.0.17-10/x64
2025-12-16T18:42:23.3953884Z ##[endgroup]
2025-12-16T18:42:23.4088015Z ##[group]Run echo "MIIKugIBAzCCCmQGCSqGSIb3DQEHAaCCClUEggpRMIIKTTCCBbQGCSqGSIb3DQEHAaCCBaUEggWhMIIFnTCCBZkGCyqGSIb3DQEMCgECoIIFQDCCBTwwZgYJKoZIhvcNAQUNMFkwOAYJKoZIhvcNAQUMMCsEFFkDvVyOy7KmtzbLZZqd0OguEWy+AgInEAIBIDAMBggqhkiG9w0CCQUAMB0GCWCGSAFlAwQBKgQQDzOVgSdu7y1sRUqymEmCuwSCBNBT1NGLZuJgLSKDkk+gtoU5iOUXyKDH3f1/4LgMrRh9eVM4gp5QS7+74tRu0VXQrOu6xIyoFIlw5x8GjtPpuYqYsvmg1GFT3/myUXTVGoIW05LXnn+eZvHVYPsbpp6VQ4mq+fJK5h39k9JtZIhwlfafnmue2DuSiAdlD9ywiRXQXeBrimHD5j6M0PPfIAw3k7Q6YfaOXupV/bx7Nji9a4jZHjDkiU1TaRmx2oVFojFeir69lTjvLYPtrVfFvhK90qZfLU5hGgm2zJozbqWlc++P47vbri5FJjIzwglTT/AIjgzqixHTQdg6x7oib1gBhrVzstDqpArpzAlheg4yA7g3CC2mijZkLBzyvyGqgRZMKxxSpNiV7tybtC3nEDDMAMjvTNke8c1TbqbXHUUS9pfznThjmL/qmXJou7y8Vjpfe7sjlpUAbuBIfOIPdg8/Yemzj2aXudrIYy4cCuZWRKYXSDmHYowKFFzJmFmRTI1uXX7btsFAQG9MsRXmpRln+tKhadnDo4uIbT2VonhaVYAmRlucx4I0NgCQWPwyAU8AP64KyaOocZpqVy6Lpbjdw2Wj/pd3BJyc1UexpFIs/gdtxD1tNE5gwd0fLzLtoNMkfho+y0S4/o4/j7/JcExCgMY85ax4HOjKRXJP/Xm6LGwuxveQRoNC30M+1HPL5q7uhTJhhTbPcDqyhYxmGLQ+nCKu8M3/UV5P5QLYDiXZ7JK63ujnQ5ZmxcDnTWBcJ0OtFrVbKbo77DL3aWJEjHSepqhcxJWg4ctP0NQ7Ufeqh4/PPVU/weVlN5Drza61GfMwZxg9ILdbRStUFkZ3TLOArhwkNBJVMiteqTnttx/5YXjKFkXAa7kjoOXnslg01li8XOAMJ0XTlJol+Tua6b4CdfOsZAeKU/NJUQx29RAE2JwjvNVT6whX3bFRuBr1lPHohT+cH56gAPT2tP5M8+JQE7hvXSdJKbJ9zNNjU1vNdQ3C9sD1HgFegTHWPlK8+23furyOlzqNhM/nh/NgFHPADZoZJVD7Xiil+OvBnhXWDMc9Hl5MfGXAyTqX85Ho/evMwnM5O0lt9o/uu8FH/U57whxVC23B3xMCzTRvFfqkYmv0qeKA5dtDo5wMFFffKT1aFLk4aqX4HQ+Rhwn3GLWdhr0JDvJDrkVTNeO9zrsO4VuQZVSUzF4bQwbpm/2z2q7K+2HS5EUhxdHYbS7CJFlMg+HKHens3v7ZIwXZGE6Oz2qZW5AIXrFw+M7fQxdTC2vWoPM3W7XFQjYYHG6MuIAujDRfhrHeB6TbSW9Ruz5Bz19yaQH6HaCjtxBesb+DMwAz9W6E5nD4acYJljKtVGd+AZK2/JXq6/e3N6JiUVsVh7h/3SjH6aOfb/rkHwmTjboIP3sfNs8N/mCl3GW8L5mnjWSgGcn2A4hrBo5ZcB5X3hZSvm2qzkze7t4acVGne81xTkrIFffpuj9ijmAzZPILGIhfMGAAl/Z2Q4CpXl+s0QLvQ/pJ5eJkjByusExBbh6hoKWxKZ7Kr0n2KsFANb3yOV5g1eZPO+xP+q89pRvu7jrPgCybvWJGnJglVI80+f5LoTdnLQu2oaTxav0ClAHbETcv6CPPcR10bU3MM3g/GsxH+Cin4F0fwDkdgtYcineljTFGMCEGCSqGSIb3DQEJFDEUHhIAYgBwAHQAcgBhAGMAawBlAHIwIQYJKoZIhvcNAQkVMRQEElRpbWUgMTc2NTkwNjExMDk0ODCCBJEGCSqGSIb3DQEHBqCCBIIwggR+AgEAMIIEdwYJKoZIhvcNAQcBMGYGCSqGSIb3DQEFDTBZMDgGCSqGSIb3DQEFDDArBBQ/M4g9elOi3WM8mi3Deg+B5Lr1lAICJxACASAwDAYIKoZIhvcNAgkFADAdBglghkgBZQMEASoEENklWtKBChyNY5cwTZd32k6AggQA96LcQDuXrt9hsgYiLVaVtkNaG+rg1hn52Fn0NnO/7O8hH0HEyr2WHkyo84haoVeLjbsJOAJBwzFOdR58lWVDUcpRigVNvIn9HstUJnPEK944khLANiopx+qc/zeyg30tvtJFUsF+w7dH4FSFKo7yDfDFp6ma+6Q+Av05nuDFUFVjau+di1OLV0ooO2rNSTtjDkm3camDUFIWiv2VMPliwFZZzHvQMrhsztJ/ES4B/y0yMA6NIVssJbTmlaag05LO1kzCGSFPLeRyOGi63MeY+EQkr6RhndoQNCy7C3WiPIUqgGk21GQi5130iuCkW+p0mIQ4rPzYzK+wiJbZP9e2iVp1fXVX6Ikn/CGfMOxyXjVhRbkUcMF4VHUhLFX0O6Myg9cpLxswKBCPj6/ZKOs84wZ1RtrOH7vquYIwM8Wb3BeU9WTzfNuF+APS4YDt2ZeCwM38CLSQivji6r9/jGW63ggKuoJ39GBlIUvrFEbmKJhYpgnX1g71KmjeifJoMCcVvcm8iCCuBennHm4Gn8je5Fyrny9mNz7fGG4sD37j7NQ/zjKqQreX4d+Vcg+QSsL35rSRqGguZmUqFak09YyvSI44MLj6euZF2MrTCYZmcjahcSuM7awZ+UmiCUT6IrDOviQJKsuLkQHYlQ4scb2U+JwvZJk8Fd2aqNgeNgw6of6cRwR4Rb88MAkQd0fHJKtYb2B5D8SxRgXfMDuJiKLdPQzXmeifY5KtaGrohJOqffizwGVVLwNpvgXZTh2WWNMu4L4KmenxB0ymDjsbT9IFSuwNHkX4dQE94p7l5eQGGKJD/UXgTx3gEgdeqvLSRAdqnZlVZDBVFpAvFk1FF/sZ4ZmMLJcwkUIonh9InC/qkRnPTgxtbWulcdGPQ3d6e52rYjcSlq66zF7xuvL2FqeL454BT7KdN+7CIQ+iEBeQ1eHR652tjatYvs/yxx5amB/+QuxrFo27TfcTp+tPejmM3qq7nYqXuFNkbfo1L5K3xFHMJS9H/8OOQKYvnL8EPA0QcuvlV8u4rIXMCYKbFtg7h3O98Z3F0RXL5o2+A1l04R+6HrbbiZF8x9GQ3W1IIwJgApOYBUlDqjADH5MNLPU6R2yL7G7RN7e1OOyKi97FEZjwxRYIlZ1TDN8OIdZ3GJFZfrwwpZvjeJv6qVLc6AbHPt7+wKwak/AfZQDp53FuWRdtxaSsY1HhEt2JhOqN9gI0OLQcSD6XxY7jp59irAO9XAFSFgUjqNBBHXpNCAhnmXDeMNfGOYqk30Kt3f+yhG+Eyc+PME+3YfGes+auRo+3yNSkEQeG78yPn1gHwaOWPBARiqlND1KsyXBBajEUpwTDIjOMEAoVlZxQTrGhKdiT2TBNMDEwDQYJYIZIAWUDBAIBBQAEIHJJx0a64e4OsPxy/HYrvXKYRYn1jtUCfz7kUzqUj3opBBSk6aL2431VuvKF9Qkl2Yugn+WGOwICJxA=" | base64 -d > app/release-keystore.jks
2025-12-16T18:42:23.4125263Z [36;1mecho "MIIKugIBAzCCCmQGCSqGSIb3DQEHAaCCClUEggpRMIIKTTCCBbQGCSqGSIb3DQEHAaCCBaUEggWhMIIFnTCCBZkGCyqGSIb3DQEMCgECoIIFQDCCBTwwZgYJKoZIhvcNAQUNMFkwOAYJKoZIhvcNAQUMMCsEFFkDvVyOy7KmtzbLZZqd0OguEWy+AgInEAIBIDAMBggqhkiG9w0CCQUAMB0GCWCGSAFlAwQBKgQQDzOVgSdu7y1sRUqymEmCuwSCBNBT1NGLZuJgLSKDkk+gtoU5iOUXyKDH3f1/4LgMrRh9eVM4gp5QS7+74tRu0VXQrOu6xIyoFIlw5x8GjtPpuYqYsvmg1GFT3/myUXTVGoIW05LXnn+eZvHVYPsbpp6VQ4mq+fJK5h39k9JtZIhwlfafnmue2DuSiAdlD9ywiRXQXeBrimHD5j6M0PPfIAw3k7Q6YfaOXupV/bx7Nji9a4jZHjDkiU1TaRmx2oVFojFeir69lTjvLYPtrVfFvhK90qZfLU5hGgm2zJozbqWlc++P47vbri5FJjIzwglTT/AIjgzqixHTQdg6x7oib1gBhrVzstDqpArpzAlheg4yA7g3CC2mijZkLBzyvyGqgRZMKxxSpNiV7tybtC3nEDDMAMjvTNke8c1TbqbXHUUS9pfznThjmL/qmXJou7y8Vjpfe7sjlpUAbuBIfOIPdg8/Yemzj2aXudrIYy4cCuZWRKYXSDmHYowKFFzJmFmRTI1uXX7btsFAQG9MsRXmpRln+tKhadnDo4uIbT2VonhaVYAmRlucx4I0NgCQWPwyAU8AP64KyaOocZpqVy6Lpbjdw2Wj/pd3BJyc1UexpFIs/gdtxD1tNE5gwd0fLzLtoNMkfho+y0S4/o4/j7/JcExCgMY85ax4HOjKRXJP/Xm6LGwuxveQRoNC30M+1HPL5q7uhTJhhTbPcDqyhYxmGLQ+nCKu8M3/UV5P5QLYDiXZ7JK63ujnQ5ZmxcDnTWBcJ0OtFrVbKbo77DL3aWJEjHSepqhcxJWg4ctP0NQ7Ufeqh4/PPVU/weVlN5Drza61GfMwZxg9ILdbRStUFkZ3TLOArhwkNBJVMiteqTnttx/5YXjKFkXAa7kjoOXnslg01li8XOAMJ0XTlJol+Tua6b4CdfOsZAeKU/NJUQx29RAE2JwjvNVT6whX3bFRuBr1lPHohT+cH56gAPT2tP5M8+JQE7hvXSdJKbJ9zNNjU1vNdQ3C9sD1HgFegTHWPlK8+23furyOlzqNhM/nh/NgFHPADZoZJVD7Xiil+OvBnhXWDMc9Hl5MfGXAyTqX85Ho/evMwnM5O0lt9o/uu8FH/U57whxVC23B3xMCzTRvFfqkYmv0qeKA5dtDo5wMFFffKT1aFLk4aqX4HQ+Rhwn3GLWdhr0JDvJDrkVTNeO9zrsO4VuQZVSUzF4bQwbpm/2z2q7K+2HS5EUhxdHYbS7CJFlMg+HKHens3v7ZIwXZGE6Oz2qZW5AIXrFw+M7fQxdTC2vWoPM3W7XFQjYYHG6MuIAujDRfhrHeB6TbSW9Ruz5Bz19yaQH6HaCjtxBesb+DMwAz9W6E5nD4acYJljKtVGd+AZK2/JXq6/e3N6JiUVsVh7h/3SjH6aOfb/rkHwmTjboIP3sfNs8N/mCl3GW8L5mnjWSgGcn2A4hrBo5ZcB5X3hZSvm2qzkze7t4acVGne81xTkrIFffpuj9ijmAzZPILGIhfMGAAl/Z2Q4CpXl+s0QLvQ/pJ5eJkjByusExBbh6hoKWxKZ7Kr0n2KsFANb3yOV5g1eZPO+xP+q89pRvu7jrPgCybvWJGnJglVI80+f5LoTdnLQu2oaTxav0ClAHbETcv6CPPcR10bU3MM3g/GsxH+Cin4F0fwDkdgtYcineljTFGMCEGCSqGSIb3DQEJFDEUHhIAYgBwAHQAcgBhAGMAawBlAHIwIQYJKoZIhvcNAQkVMRQEElRpbWUgMTc2NTkwNjExMDk0ODCCBJEGCSqGSIb3DQEHBqCCBIIwggR+AgEAMIIEdwYJKoZIhvcNAQcBMGYGCSqGSIb3DQEFDTBZMDgGCSqGSIb3DQEFDDArBBQ/M4g9elOi3WM8mi3Deg+B5Lr1lAICJxACASAwDAYIKoZIhvcNAgkFADAdBglghkgBZQMEASoEENklWtKBChyNY5cwTZd32k6AggQA96LcQDuXrt9hsgYiLVaVtkNaG+rg1hn52Fn0NnO/7O8hH0HEyr2WHkyo84haoVeLjbsJOAJBwzFOdR58lWVDUcpRigVNvIn9HstUJnPEK944khLANiopx+qc/zeyg30tvtJFUsF+w7dH4FSFKo7yDfDFp6ma+6Q+Av05nuDFUFVjau+di1OLV0ooO2rNSTtjDkm3camDUFIWiv2VMPliwFZZzHvQMrhsztJ/ES4B/y0yMA6NIVssJbTmlaag05LO1kzCGSFPLeRyOGi63MeY+EQkr6RhndoQNCy7C3WiPIUqgGk21GQi5130iuCkW+p0mIQ4rPzYzK+wiJbZP9e2iVp1fXVX6Ikn/CGfMOxyXjVhRbkUcMF4VHUhLFX0O6Myg9cpLxswKBCPj6/ZKOs84wZ1RtrOH7vquYIwM8Wb3BeU9WTzfNuF+APS4YDt2ZeCwM38CLSQivji6r9/jGW63ggKuoJ39GBlIUvrFEbmKJhYpgnX1g71KmjeifJoMCcVvcm8iCCuBennHm4Gn8je5Fyrny9mNz7fGG4sD37j7NQ/zjKqQreX4d+Vcg+QSsL35rSRqGguZmUqFak09YyvSI44MLj6euZF2MrTCYZmcjahcSuM7awZ+UmiCUT6IrDOviQJKsuLkQHYlQ4scb2U+JwvZJk8Fd2aqNgeNgw6of6cRwR4Rb88MAkQd0fHJKtYb2B5D8SxRgXfMDuJiKLdPQzXmeifY5KtaGrohJOqffizwGVVLwNpvgXZTh2WWNMu4L4KmenxB0ymDjsbT9IFSuwNHkX4dQE94p7l5eQGGKJD/UXgTx3gEgdeqvLSRAdqnZlVZDBVFpAvFk1FF/sZ4ZmMLJcwkUIonh9InC/qkRnPTgxtbWulcdGPQ3d6e52rYjcSlq66zF7xuvL2FqeL454BT7KdN+7CIQ+iEBeQ1eHR652tjatYvs/yxx5amB/+QuxrFo27TfcTp+tPejmM3qq7nYqXuFNkbfo1L5K3xFHMJS9H/8OOQKYvnL8EPA0QcuvlV8u4rIXMCYKbFtg7h3O98Z3F0RXL5o2+A1l04R+6HrbbiZF8x9GQ3W1IIwJgApOYBUlDqjADH5MNLPU6R2yL7G7RN7e1OOyKi97FEZjwxRYIlZ1TDN8OIdZ3GJFZfrwwpZvjeJv6qVLc6AbHPt7+wKwak/AfZQDp53FuWRdtxaSsY1HhEt2JhOqN9gI0OLQcSD6XxY7jp59irAO9XAFSFgUjqNBBHXpNCAhnmXDeMNfGOYqk30Kt3f+yhG+Eyc+PME+3YfGes+auRo+3yNSkEQeG78yPn1gHwaOWPBARiqlND1KsyXBBajEUpwTDIjOMEAoVlZxQTrGhKdiT2TBNMDEwDQYJYIZIAWUDBAIBBQAEIHJJx0a64e4OsPxy/HYrvXKYRYn1jtUCfz7kUzqUj3opBBSk6aL2431VuvKF9Qkl2Yugn+WGOwICJxA=" | base64 -d > app/release-keystore.jks[0m
2025-12-16T18:42:23.4174694Z shell: /usr/bin/bash -e {0}
2025-12-16T18:42:23.4174967Z env:
2025-12-16T18:42:23.4175297Z   JAVA_HOME: /opt/hostedtoolcache/Java_Temurin-Hotspot_jdk/17.0.17-10/x64
2025-12-16T18:42:23.4175809Z   JAVA_HOME_17_X64: /opt/hostedtoolcache/Java_Temurin-Hotspot_jdk/17.0.17-10/x64
2025-12-16T18:42:23.4176182Z ##[endgroup]
2025-12-16T18:42:23.4539077Z ##[group]Run ./gradlew assembleRelease
2025-12-16T18:42:23.4539441Z [36;1m./gradlew assembleRelease[0m
2025-12-16T18:42:23.4570581Z shell: /usr/bin/bash -e {0}
2025-12-16T18:42:23.4571071Z env:
2025-12-16T18:42:23.4571409Z   JAVA_HOME: /opt/hostedtoolcache/Java_Temurin-Hotspot_jdk/17.0.17-10/x64
2025-12-16T18:42:23.4571926Z   JAVA_HOME_17_X64: /opt/hostedtoolcache/Java_Temurin-Hotspot_jdk/17.0.17-10/x64
2025-12-16T18:42:23.4572322Z ##[endgroup]
2025-12-16T18:42:24.0759140Z 
2025-12-16T18:42:24.0760401Z Welcome to Gradle 8.2!
2025-12-16T18:42:24.0761189Z 
2025-12-16T18:42:24.0762539Z Here are the highlights of this release:
2025-12-16T18:42:24.0766070Z  - Kotlin DSL: new reference documentation, assignment syntax by default
2025-12-16T18:42:24.0767096Z  - Kotlin DSL is now the default with Gradle init
2025-12-16T18:42:24.0768605Z  - Improved suggestions to resolve errors in console output
2025-12-16T18:42:24.0769219Z 
2025-12-16T18:42:24.0771016Z For more details see https://docs.gradle.org/8.2/release-notes.html
2025-12-16T18:42:24.0771787Z 
2025-12-16T18:42:24.3751687Z Starting a Gradle Daemon (subsequent builds will be faster)
2025-12-16T18:42:34.2776289Z > Task :app:buildKotlinToolingMetadata
2025-12-16T18:42:34.2777626Z > Task :app:checkKotlinGradlePluginConfigurationErrors
2025-12-16T18:42:34.2781462Z > Task :app:preBuild UP-TO-DATE
2025-12-16T18:42:34.2782270Z > Task :app:preReleaseBuild UP-TO-DATE
2025-12-16T18:42:34.7765836Z > Task :app:generateReleaseResValues
2025-12-16T18:42:34.8746891Z > Task :app:checkReleaseAarMetadata
2025-12-16T18:42:34.8747794Z > Task :app:mapReleaseSourceSetPaths
2025-12-16T18:42:34.8750407Z > Task :app:generateReleaseResources
2025-12-16T18:42:36.2772296Z > Task :app:packageReleaseResources
2025-12-16T18:42:37.4746991Z > Task :app:mergeReleaseResources
2025-12-16T18:42:37.7752733Z > Task :app:createReleaseCompatibleScreenManifests
2025-12-16T18:42:37.7754004Z > Task :app:extractDeepLinksRelease
2025-12-16T18:42:37.8747538Z > Task :app:parseReleaseLocalResources
2025-12-16T18:42:38.0759663Z > Task :app:processReleaseMainManifest
2025-12-16T18:42:38.1748382Z > Task :app:processReleaseManifest
2025-12-16T18:42:38.2767434Z > Task :app:extractProguardFiles
2025-12-16T18:42:38.2768465Z > Task :app:javaPreCompileRelease
2025-12-16T18:42:38.2769077Z > Task :app:mergeReleaseJniLibFolders
2025-12-16T18:42:38.3757234Z > Task :app:mergeReleaseNativeLibs NO-SOURCE
2025-12-16T18:42:38.3758312Z > Task :app:stripReleaseDebugSymbols NO-SOURCE
2025-12-16T18:42:38.3764960Z > Task :app:extractReleaseNativeSymbolTables NO-SOURCE
2025-12-16T18:42:38.3773271Z > Task :app:mergeReleaseNativeDebugMetadata NO-SOURCE
2025-12-16T18:42:38.5747696Z > Task :app:checkReleaseDuplicateClasses
2025-12-16T18:42:38.5752296Z > Task :app:mergeReleaseArtProfile
2025-12-16T18:42:38.5752769Z > Task :app:mergeReleaseShaders
2025-12-16T18:42:38.5753223Z > Task :app:compileReleaseShaders NO-SOURCE
2025-12-16T18:42:38.5753718Z > Task :app:generateReleaseAssets UP-TO-DATE
2025-12-16T18:42:38.6757479Z > Task :app:mergeReleaseAssets
2025-12-16T18:42:38.6758035Z > Task :app:compressReleaseAssets
2025-12-16T18:42:38.8752851Z > Task :app:collectReleaseDependencies
2025-12-16T18:42:38.9748667Z > Task :app:sdkReleaseDependencyData
2025-12-16T18:42:38.9755501Z > Task :app:validateSigningRelease
2025-12-16T18:42:38.9758964Z > Task :app:writeReleaseAppMetadata
2025-12-16T18:42:38.9762827Z > Task :app:writeReleaseSigningConfigVersions
2025-12-16T18:42:38.9765204Z > Task :app:processReleaseManifestForPackage
2025-12-16T18:42:39.5751967Z > Task :app:processReleaseResources
2025-12-16T18:42:40.9752187Z > Task :app:optimizeReleaseResources
2025-12-16T18:42:48.3776920Z 
2025-12-16T18:42:48.3801493Z > Task :app:kspReleaseKotlin
2025-12-16T18:42:48.3804834Z w: [ksp] /home/runner/work/BP_Tracker/BP_Tracker/app/src/main/java/com/bptracker/data/database/BloodPressureDatabase.kt:15: Schema export directory was not provided to the annotation processor so Room cannot export the schema. You can either provide `room.schemaLocation` annotation processor argument by applying the Room Gradle plugin (id 'androidx.room') OR set exportSchema to false.
2025-12-16T18:42:58.1746014Z 
2025-12-16T18:42:58.1752263Z > Task :app:compileReleaseKotlin FAILED
2025-12-16T18:42:58.1755452Z e: file:///home/runner/work/BP_Tracker/BP_Tracker/app/src/main/java/com/bptracker/ui/screens/articles/ArticleDetailScreen.kt:77:17 Unresolved reference: HorizontalDivider
2025-12-16T18:42:58.2771081Z 30 actionable tasks: 30 executed
2025-12-16T18:42:58.2825371Z 
2025-12-16T18:42:58.2825648Z FAILURE: Build failed with an exception.
2025-12-16T18:42:58.2825987Z 
2025-12-16T18:42:58.2826108Z * What went wrong:
2025-12-16T18:42:58.2826549Z Execution failed for task ':app:compileReleaseKotlin'.
2025-12-16T18:42:58.2827761Z > A failure occurred while executing org.jetbrains.kotlin.compilerRunner.GradleCompilerRunnerWithWorkers$GradleKotlinCompilerWorkAction
2025-12-16T18:42:58.2828927Z    > Compilation error. See log for more details
2025-12-16T18:42:58.2829254Z 
2025-12-16T18:42:58.2829375Z * Try:
2025-12-16T18:42:58.2829743Z > Run with --stacktrace option to get the stack trace.
2025-12-16T18:42:58.2830321Z > Run with --info or --debug option to get more log output.
2025-12-16T18:42:58.2831053Z > Run with --scan to get full insights.
2025-12-16T18:42:58.2831599Z > Get more help at https://help.gradle.org.
2025-12-16T18:42:58.2831920Z 
2025-12-16T18:42:58.2832053Z BUILD FAILED in 34s
2025-12-16T18:42:58.6362581Z ##[error]Process completed with exit code 1.
2025-12-16T18:42:58.6414575Z ##[group]Run rm -f app/release-keystore.jks
2025-12-16T18:42:58.6414917Z [36;1mrm -f app/release-keystore.jks[0m
2025-12-16T18:42:58.6446756Z shell: /usr/bin/bash -e {0}
2025-12-16T18:42:58.6446972Z env:
2025-12-16T18:42:58.6447245Z   JAVA_HOME: /opt/hostedtoolcache/Java_Temurin-Hotspot_jdk/17.0.17-10/x64
2025-12-16T18:42:58.6447700Z   JAVA_HOME_17_X64: /opt/hostedtoolcache/Java_Temurin-Hotspot_jdk/17.0.17-10/x64
2025-12-16T18:42:58.6448213Z ##[endgroup]
2025-12-16T18:42:58.6582855Z Post job cleanup.
2025-12-16T18:42:58.8322205Z Post job cleanup.
2025-12-16T18:42:58.9239047Z [command]/usr/bin/git version
2025-12-16T18:42:58.9273929Z git version 2.52.0
2025-12-16T18:42:58.9316726Z Temporarily overriding HOME='/home/runner/work/_temp/53bffe59-3262-4c54-a269-2f41ae5087fa' before making global git config changes
2025-12-16T18:42:58.9317956Z Adding repository directory to the temporary git global config as a safe directory
2025-12-16T18:42:58.9329647Z [command]/usr/bin/git config --global --add safe.directory /home/runner/work/BP_Tracker/BP_Tracker
2025-12-16T18:42:58.9362693Z [command]/usr/bin/git config --local --name-only --get-regexp core\.sshCommand
2025-12-16T18:42:58.9394482Z [command]/usr/bin/git submodule foreach --recursive sh -c "git config --local --name-only --get-regexp 'core\.sshCommand' && git config --local --unset-all 'core.sshCommand' || :"
2025-12-16T18:42:58.9617809Z [command]/usr/bin/git config --local --name-only --get-regexp http\.https\:\/\/github\.com\/\.extraheader
2025-12-16T18:42:58.9637788Z http.https://github.com/.extraheader
2025-12-16T18:42:58.9649494Z [command]/usr/bin/git config --local --unset-all http.https://github.com/.extraheader
2025-12-16T18:42:58.9678629Z [command]/usr/bin/git submodule foreach --recursive sh -c "git config --local --name-only --get-regexp 'http\.https\:\/\/github\.com\/\.extraheader' && git config --local --unset-all 'http.https://github.com/.extraheader' || :"
2025-12-16T18:42:58.9892663Z [command]/usr/bin/git config --local --name-only --get-regexp ^includeIf\.gitdir:
2025-12-16T18:42:58.9922255Z [command]/usr/bin/git submodule foreach --recursive git config --local --show-origin --name-only --get-regexp remote.origin.url
2025-12-16T18:42:59.0243394Z Cleaning up orphan processes
2025-12-16T18:42:59.0538985Z Terminate orphan process: pid (2168) (java)
2025-12-16T18:42:59.0561284Z Terminate orphan process: pid (2302) (java)
