2025-12-20T17:23:38.9823788Z Current runner version: '2.330.0'
2025-12-20T17:23:38.9847434Z ##[group]Runner Image Provisioner
2025-12-20T17:23:38.9848309Z Hosted Compute Agent
2025-12-20T17:23:38.9848856Z Version: 20251211.462
2025-12-20T17:23:38.9849403Z Commit: 6cbad8c2bb55d58165063d031ccabf57e2d2db61
2025-12-20T17:23:38.9850158Z Build Date: 2025-12-11T16:28:49Z
2025-12-20T17:23:38.9850769Z Worker ID: {af420d82-55b3-4fb5-8c72-aeb254a86f84}
2025-12-20T17:23:38.9851445Z ##[endgroup]
2025-12-20T17:23:38.9852000Z ##[group]Operating System
2025-12-20T17:23:38.9852742Z Ubuntu
2025-12-20T17:23:38.9853324Z 24.04.3
2025-12-20T17:23:38.9853858Z LTS
2025-12-20T17:23:38.9854285Z ##[endgroup]
2025-12-20T17:23:38.9854818Z ##[group]Runner Image
2025-12-20T17:23:38.9855413Z Image: ubuntu-24.04
2025-12-20T17:23:38.9855889Z Version: 20251215.174.1
2025-12-20T17:23:38.9856906Z Included Software: https://github.com/actions/runner-images/blob/ubuntu24/20251215.174/images/ubuntu/Ubuntu2404-Readme.md
2025-12-20T17:23:38.9858485Z Image Release: https://github.com/actions/runner-images/releases/tag/ubuntu24%2F20251215.174
2025-12-20T17:23:38.9859589Z ##[endgroup]
2025-12-20T17:23:38.9860712Z ##[group]GITHUB_TOKEN Permissions
2025-12-20T17:23:38.9863124Z Contents: read
2025-12-20T17:23:38.9863742Z Metadata: read
2025-12-20T17:23:38.9864232Z Packages: read
2025-12-20T17:23:38.9864760Z ##[endgroup]
2025-12-20T17:23:38.9867062Z Secret source: Actions
2025-12-20T17:23:38.9868260Z Prepare workflow directory
2025-12-20T17:23:39.0202376Z Prepare all required actions
2025-12-20T17:23:39.0240220Z Getting action download info
2025-12-20T17:23:39.3385311Z Download action repository 'actions/checkout@v4' (SHA:34e114876b0b11c390a56381ad16ebd13914f8d5)
2025-12-20T17:23:39.4326101Z Download action repository 'actions/setup-java@v4' (SHA:c1e323688fd81a25caa38c78aa6df2d33d3e20d9)
2025-12-20T17:23:39.7723584Z Download action repository 'actions/upload-artifact@v4' (SHA:ea165f8d65b6e75b540449e92b4886f43607fa02)
2025-12-20T17:23:40.0065165Z Complete job name: build
2025-12-20T17:23:40.0793875Z ##[group]Run actions/checkout@v4
2025-12-20T17:23:40.0794742Z with:
2025-12-20T17:23:40.0795145Z   repository: Vishalsnw/BP_Tracker
2025-12-20T17:23:40.0795816Z   token: ***
2025-12-20T17:23:40.0796202Z   ssh-strict: true
2025-12-20T17:23:40.0796593Z   ssh-user: git
2025-12-20T17:23:40.0797011Z   persist-credentials: true
2025-12-20T17:23:40.0797455Z   clean: true
2025-12-20T17:23:40.0797861Z   sparse-checkout-cone-mode: true
2025-12-20T17:23:40.0798343Z   fetch-depth: 1
2025-12-20T17:23:40.0798736Z   fetch-tags: false
2025-12-20T17:23:40.0799128Z   show-progress: true
2025-12-20T17:23:40.0799531Z   lfs: false
2025-12-20T17:23:40.0799915Z   submodules: false
2025-12-20T17:23:40.0800326Z   set-safe-directory: true
2025-12-20T17:23:40.0801082Z ##[endgroup]
2025-12-20T17:23:40.1871380Z Syncing repository: Vishalsnw/BP_Tracker
2025-12-20T17:23:40.1873734Z ##[group]Getting Git version info
2025-12-20T17:23:40.1874469Z Working directory is '/home/runner/work/BP_Tracker/BP_Tracker'
2025-12-20T17:23:40.1875605Z [command]/usr/bin/git version
2025-12-20T17:23:40.1956572Z git version 2.52.0
2025-12-20T17:23:40.1986779Z ##[endgroup]
2025-12-20T17:23:40.2003642Z Temporarily overriding HOME='/home/runner/work/_temp/657339d2-3994-4eff-9a03-52a9109ddbad' before making global git config changes
2025-12-20T17:23:40.2006041Z Adding repository directory to the temporary git global config as a safe directory
2025-12-20T17:23:40.2019172Z [command]/usr/bin/git config --global --add safe.directory /home/runner/work/BP_Tracker/BP_Tracker
2025-12-20T17:23:40.2062437Z Deleting the contents of '/home/runner/work/BP_Tracker/BP_Tracker'
2025-12-20T17:23:40.2066924Z ##[group]Initializing the repository
2025-12-20T17:23:40.2072085Z [command]/usr/bin/git init /home/runner/work/BP_Tracker/BP_Tracker
2025-12-20T17:23:40.2193216Z hint: Using 'master' as the name for the initial branch. This default branch name
2025-12-20T17:23:40.2194638Z hint: will change to "main" in Git 3.0. To configure the initial branch name
2025-12-20T17:23:40.2196263Z hint: to use in all of your new repositories, which will suppress this warning,
2025-12-20T17:23:40.2197278Z hint: call:
2025-12-20T17:23:40.2197647Z hint:
2025-12-20T17:23:40.2198508Z hint: 	git config --global init.defaultBranch <name>
2025-12-20T17:23:40.2199555Z hint:
2025-12-20T17:23:40.2200590Z hint: Names commonly chosen instead of 'master' are 'main', 'trunk' and
2025-12-20T17:23:40.2202263Z hint: 'development'. The just-created branch can be renamed via this command:
2025-12-20T17:23:40.2203870Z hint:
2025-12-20T17:23:40.2204604Z hint: 	git branch -m <name>
2025-12-20T17:23:40.2205402Z hint:
2025-12-20T17:23:40.2206382Z hint: Disable this message with "git config set advice.defaultBranchName false"
2025-12-20T17:23:40.2208062Z Initialized empty Git repository in /home/runner/work/BP_Tracker/BP_Tracker/.git/
2025-12-20T17:23:40.2211927Z [command]/usr/bin/git remote add origin https://github.com/Vishalsnw/BP_Tracker
2025-12-20T17:23:40.2248549Z ##[endgroup]
2025-12-20T17:23:40.2249763Z ##[group]Disabling automatic garbage collection
2025-12-20T17:23:40.2253646Z [command]/usr/bin/git config --local gc.auto 0
2025-12-20T17:23:40.2283934Z ##[endgroup]
2025-12-20T17:23:40.2285193Z ##[group]Setting up auth
2025-12-20T17:23:40.2291772Z [command]/usr/bin/git config --local --name-only --get-regexp core\.sshCommand
2025-12-20T17:23:40.2324130Z [command]/usr/bin/git submodule foreach --recursive sh -c "git config --local --name-only --get-regexp 'core\.sshCommand' && git config --local --unset-all 'core.sshCommand' || :"
2025-12-20T17:23:40.2675691Z [command]/usr/bin/git config --local --name-only --get-regexp http\.https\:\/\/github\.com\/\.extraheader
2025-12-20T17:23:40.2707138Z [command]/usr/bin/git submodule foreach --recursive sh -c "git config --local --name-only --get-regexp 'http\.https\:\/\/github\.com\/\.extraheader' && git config --local --unset-all 'http.https://github.com/.extraheader' || :"
2025-12-20T17:23:40.2926661Z [command]/usr/bin/git config --local --name-only --get-regexp ^includeIf\.gitdir:
2025-12-20T17:23:40.2956747Z [command]/usr/bin/git submodule foreach --recursive git config --local --show-origin --name-only --get-regexp remote.origin.url
2025-12-20T17:23:40.3185749Z [command]/usr/bin/git config --local http.https://github.com/.extraheader AUTHORIZATION: basic ***
2025-12-20T17:23:40.3219023Z ##[endgroup]
2025-12-20T17:23:40.3219785Z ##[group]Fetching the repository
2025-12-20T17:23:40.3227745Z [command]/usr/bin/git -c protocol.version=2 fetch --no-tags --prune --no-recurse-submodules --depth=1 origin +fb589e0e1a07bef564ab2ec66f8e2a28dc9145aa:refs/remotes/origin/main
2025-12-20T17:23:40.6789419Z From https://github.com/Vishalsnw/BP_Tracker
2025-12-20T17:23:40.6791224Z  * [new ref]         fb589e0e1a07bef564ab2ec66f8e2a28dc9145aa -> origin/main
2025-12-20T17:23:40.6828340Z ##[endgroup]
2025-12-20T17:23:40.6829629Z ##[group]Determining the checkout info
2025-12-20T17:23:40.6831198Z ##[endgroup]
2025-12-20T17:23:40.6835707Z [command]/usr/bin/git sparse-checkout disable
2025-12-20T17:23:40.6878543Z [command]/usr/bin/git config --local --unset-all extensions.worktreeConfig
2025-12-20T17:23:40.6905637Z ##[group]Checking out the ref
2025-12-20T17:23:40.6909138Z [command]/usr/bin/git checkout --progress --force -B main refs/remotes/origin/main
2025-12-20T17:23:40.7150257Z Switched to a new branch 'main'
2025-12-20T17:23:40.7152035Z branch 'main' set up to track 'origin/main'.
2025-12-20T17:23:40.7161798Z ##[endgroup]
2025-12-20T17:23:40.7198685Z [command]/usr/bin/git log -1 --format=%H
2025-12-20T17:23:40.7221680Z fb589e0e1a07bef564ab2ec66f8e2a28dc9145aa
2025-12-20T17:23:40.7561701Z ##[group]Run actions/setup-java@v4
2025-12-20T17:23:40.7562874Z with:
2025-12-20T17:23:40.7563559Z   java-version: 17
2025-12-20T17:23:40.7564342Z   distribution: temurin
2025-12-20T17:23:40.7565164Z   cache: gradle
2025-12-20T17:23:40.7565907Z   java-package: jdk
2025-12-20T17:23:40.7566687Z   check-latest: false
2025-12-20T17:23:40.7567470Z   server-id: github
2025-12-20T17:23:40.7568250Z   server-username: GITHUB_ACTOR
2025-12-20T17:23:40.7569410Z   server-password: GITHUB_TOKEN
2025-12-20T17:23:40.7570361Z   overwrite-settings: true
2025-12-20T17:23:40.7571234Z   job-status: success
2025-12-20T17:23:40.7572289Z   token: ***
2025-12-20T17:23:40.7573076Z ##[endgroup]
2025-12-20T17:23:40.9554875Z ##[group]Installed distributions
2025-12-20T17:23:40.9626823Z Resolved Java 17.0.17+10 from tool-cache
2025-12-20T17:23:40.9628728Z Setting Java 17.0.17+10 as the default
2025-12-20T17:23:40.9641433Z Creating toolchains.xml for JDK version 17 from temurin
2025-12-20T17:23:40.9718772Z Writing to /home/runner/.m2/toolchains.xml
2025-12-20T17:23:40.9720010Z 
2025-12-20T17:23:40.9720503Z Java configuration:
2025-12-20T17:23:40.9721769Z   Distribution: temurin
2025-12-20T17:23:40.9723208Z   Version: 17.0.17+10
2025-12-20T17:23:40.9725083Z   Path: /opt/hostedtoolcache/Java_Temurin-Hotspot_jdk/17.0.17-10/x64
2025-12-20T17:23:40.9726765Z 
2025-12-20T17:23:40.9728056Z ##[endgroup]
2025-12-20T17:23:40.9740308Z Creating settings.xml with server-id: github
2025-12-20T17:23:40.9744317Z Writing to /home/runner/.m2/settings.xml
2025-12-20T17:23:41.2224098Z Cache hit for: setup-java-Linux-x64-gradle-e68fceb21bd46d676e0b438435ee6d6b998314bb6844f62d31bdffeb36baec09
2025-12-20T17:23:42.2876478Z Received 209715200 of 761321471 (27.5%), 197.4 MBs/sec
2025-12-20T17:23:43.2927690Z Received 440401920 of 761321471 (57.8%), 208.1 MBs/sec
2025-12-20T17:23:44.3002055Z Received 679477248 of 761321471 (89.2%), 214.2 MBs/sec
2025-12-20T17:23:44.5970309Z Received 761321471 of 761321471 (100.0%), 218.6 MBs/sec
2025-12-20T17:23:44.5972002Z Cache Size: ~726 MB (761321471 B)
2025-12-20T17:23:44.6013847Z [command]/usr/bin/tar -xf /home/runner/work/_temp/4e20c8bb-c400-4859-be49-49181423b761/cache.tzst -P -C /home/runner/work/BP_Tracker/BP_Tracker --use-compress-program unzstd
2025-12-20T17:23:48.1666923Z Cache restored successfully
2025-12-20T17:23:48.3015322Z Cache restored from key: setup-java-Linux-x64-gradle-e68fceb21bd46d676e0b438435ee6d6b998314bb6844f62d31bdffeb36baec09
2025-12-20T17:23:48.3206843Z ##[group]Run chmod +x gradlew
2025-12-20T17:23:48.3207256Z [36;1mchmod +x gradlew[0m
2025-12-20T17:23:48.3247534Z shell: /usr/bin/bash -e {0}
2025-12-20T17:23:48.3247837Z env:
2025-12-20T17:23:48.3248184Z   JAVA_HOME: /opt/hostedtoolcache/Java_Temurin-Hotspot_jdk/17.0.17-10/x64
2025-12-20T17:23:48.3248721Z   JAVA_HOME_17_X64: /opt/hostedtoolcache/Java_Temurin-Hotspot_jdk/17.0.17-10/x64
2025-12-20T17:23:48.3249117Z ##[endgroup]
2025-12-20T17:23:48.3388481Z ##[group]Run echo "MIIKugIBAzCCCmQGCSqGSIb3DQEHAaCCClUEggpRMIIKTTCCBbQGCSqGSIb3DQEHAaCCBaUEggWhMIIFnTCCBZkGCyqGSIb3DQEMCgECoIIFQDCCBTwwZgYJKoZIhvcNAQUNMFkwOAYJKoZIhvcNAQUMMCsEFFkDvVyOy7KmtzbLZZqd0OguEWy+AgInEAIBIDAMBggqhkiG9w0CCQUAMB0GCWCGSAFlAwQBKgQQDzOVgSdu7y1sRUqymEmCuwSCBNBT1NGLZuJgLSKDkk+gtoU5iOUXyKDH3f1/4LgMrRh9eVM4gp5QS7+74tRu0VXQrOu6xIyoFIlw5x8GjtPpuYqYsvmg1GFT3/myUXTVGoIW05LXnn+eZvHVYPsbpp6VQ4mq+fJK5h39k9JtZIhwlfafnmue2DuSiAdlD9ywiRXQXeBrimHD5j6M0PPfIAw3k7Q6YfaOXupV/bx7Nji9a4jZHjDkiU1TaRmx2oVFojFeir69lTjvLYPtrVfFvhK90qZfLU5hGgm2zJozbqWlc++P47vbri5FJjIzwglTT/AIjgzqixHTQdg6x7oib1gBhrVzstDqpArpzAlheg4yA7g3CC2mijZkLBzyvyGqgRZMKxxSpNiV7tybtC3nEDDMAMjvTNke8c1TbqbXHUUS9pfznThjmL/qmXJou7y8Vjpfe7sjlpUAbuBIfOIPdg8/Yemzj2aXudrIYy4cCuZWRKYXSDmHYowKFFzJmFmRTI1uXX7btsFAQG9MsRXmpRln+tKhadnDo4uIbT2VonhaVYAmRlucx4I0NgCQWPwyAU8AP64KyaOocZpqVy6Lpbjdw2Wj/pd3BJyc1UexpFIs/gdtxD1tNE5gwd0fLzLtoNMkfho+y0S4/o4/j7/JcExCgMY85ax4HOjKRXJP/Xm6LGwuxveQRoNC30M+1HPL5q7uhTJhhTbPcDqyhYxmGLQ+nCKu8M3/UV5P5QLYDiXZ7JK63ujnQ5ZmxcDnTWBcJ0OtFrVbKbo77DL3aWJEjHSepqhcxJWg4ctP0NQ7Ufeqh4/PPVU/weVlN5Drza61GfMwZxg9ILdbRStUFkZ3TLOArhwkNBJVMiteqTnttx/5YXjKFkXAa7kjoOXnslg01li8XOAMJ0XTlJol+Tua6b4CdfOsZAeKU/NJUQx29RAE2JwjvNVT6whX3bFRuBr1lPHohT+cH56gAPT2tP5M8+JQE7hvXSdJKbJ9zNNjU1vNdQ3C9sD1HgFegTHWPlK8+23furyOlzqNhM/nh/NgFHPADZoZJVD7Xiil+OvBnhXWDMc9Hl5MfGXAyTqX85Ho/evMwnM5O0lt9o/uu8FH/U57whxVC23B3xMCzTRvFfqkYmv0qeKA5dtDo5wMFFffKT1aFLk4aqX4HQ+Rhwn3GLWdhr0JDvJDrkVTNeO9zrsO4VuQZVSUzF4bQwbpm/2z2q7K+2HS5EUhxdHYbS7CJFlMg+HKHens3v7ZIwXZGE6Oz2qZW5AIXrFw+M7fQxdTC2vWoPM3W7XFQjYYHG6MuIAujDRfhrHeB6TbSW9Ruz5Bz19yaQH6HaCjtxBesb+DMwAz9W6E5nD4acYJljKtVGd+AZK2/JXq6/e3N6JiUVsVh7h/3SjH6aOfb/rkHwmTjboIP3sfNs8N/mCl3GW8L5mnjWSgGcn2A4hrBo5ZcB5X3hZSvm2qzkze7t4acVGne81xTkrIFffpuj9ijmAzZPILGIhfMGAAl/Z2Q4CpXl+s0QLvQ/pJ5eJkjByusExBbh6hoKWxKZ7Kr0n2KsFANb3yOV5g1eZPO+xP+q89pRvu7jrPgCybvWJGnJglVI80+f5LoTdnLQu2oaTxav0ClAHbETcv6CPPcR10bU3MM3g/GsxH+Cin4F0fwDkdgtYcineljTFGMCEGCSqGSIb3DQEJFDEUHhIAYgBwAHQAcgBhAGMAawBlAHIwIQYJKoZIhvcNAQkVMRQEElRpbWUgMTc2NTkwNjExMDk0ODCCBJEGCSqGSIb3DQEHBqCCBIIwggR+AgEAMIIEdwYJKoZIhvcNAQcBMGYGCSqGSIb3DQEFDTBZMDgGCSqGSIb3DQEFDDArBBQ/M4g9elOi3WM8mi3Deg+B5Lr1lAICJxACASAwDAYIKoZIhvcNAgkFADAdBglghkgBZQMEASoEENklWtKBChyNY5cwTZd32k6AggQA96LcQDuXrt9hsgYiLVaVtkNaG+rg1hn52Fn0NnO/7O8hH0HEyr2WHkyo84haoVeLjbsJOAJBwzFOdR58lWVDUcpRigVNvIn9HstUJnPEK944khLANiopx+qc/zeyg30tvtJFUsF+w7dH4FSFKo7yDfDFp6ma+6Q+Av05nuDFUFVjau+di1OLV0ooO2rNSTtjDkm3camDUFIWiv2VMPliwFZZzHvQMrhsztJ/ES4B/y0yMA6NIVssJbTmlaag05LO1kzCGSFPLeRyOGi63MeY+EQkr6RhndoQNCy7C3WiPIUqgGk21GQi5130iuCkW+p0mIQ4rPzYzK+wiJbZP9e2iVp1fXVX6Ikn/CGfMOxyXjVhRbkUcMF4VHUhLFX0O6Myg9cpLxswKBCPj6/ZKOs84wZ1RtrOH7vquYIwM8Wb3BeU9WTzfNuF+APS4YDt2ZeCwM38CLSQivji6r9/jGW63ggKuoJ39GBlIUvrFEbmKJhYpgnX1g71KmjeifJoMCcVvcm8iCCuBennHm4Gn8je5Fyrny9mNz7fGG4sD37j7NQ/zjKqQreX4d+Vcg+QSsL35rSRqGguZmUqFak09YyvSI44MLj6euZF2MrTCYZmcjahcSuM7awZ+UmiCUT6IrDOviQJKsuLkQHYlQ4scb2U+JwvZJk8Fd2aqNgeNgw6of6cRwR4Rb88MAkQd0fHJKtYb2B5D8SxRgXfMDuJiKLdPQzXmeifY5KtaGrohJOqffizwGVVLwNpvgXZTh2WWNMu4L4KmenxB0ymDjsbT9IFSuwNHkX4dQE94p7l5eQGGKJD/UXgTx3gEgdeqvLSRAdqnZlVZDBVFpAvFk1FF/sZ4ZmMLJcwkUIonh9InC/qkRnPTgxtbWulcdGPQ3d6e52rYjcSlq66zF7xuvL2FqeL454BT7KdN+7CIQ+iEBeQ1eHR652tjatYvs/yxx5amB/+QuxrFo27TfcTp+tPejmM3qq7nYqXuFNkbfo1L5K3xFHMJS9H/8OOQKYvnL8EPA0QcuvlV8u4rIXMCYKbFtg7h3O98Z3F0RXL5o2+A1l04R+6HrbbiZF8x9GQ3W1IIwJgApOYBUlDqjADH5MNLPU6R2yL7G7RN7e1OOyKi97FEZjwxRYIlZ1TDN8OIdZ3GJFZfrwwpZvjeJv6qVLc6AbHPt7+wKwak/AfZQDp53FuWRdtxaSsY1HhEt2JhOqN9gI0OLQcSD6XxY7jp59irAO9XAFSFgUjqNBBHXpNCAhnmXDeMNfGOYqk30Kt3f+yhG+Eyc+PME+3YfGes+auRo+3yNSkEQeG78yPn1gHwaOWPBARiqlND1KsyXBBajEUpwTDIjOMEAoVlZxQTrGhKdiT2TBNMDEwDQYJYIZIAWUDBAIBBQAEIHJJx0a64e4OsPxy/HYrvXKYRYn1jtUCfz7kUzqUj3opBBSk6aL2431VuvKF9Qkl2Yugn+WGOwICJxA=" | base64 -d > app/release-keystore.jks
2025-12-20T17:23:48.3426152Z [36;1mecho "MIIKugIBAzCCCmQGCSqGSIb3DQEHAaCCClUEggpRMIIKTTCCBbQGCSqGSIb3DQEHAaCCBaUEggWhMIIFnTCCBZkGCyqGSIb3DQEMCgECoIIFQDCCBTwwZgYJKoZIhvcNAQUNMFkwOAYJKoZIhvcNAQUMMCsEFFkDvVyOy7KmtzbLZZqd0OguEWy+AgInEAIBIDAMBggqhkiG9w0CCQUAMB0GCWCGSAFlAwQBKgQQDzOVgSdu7y1sRUqymEmCuwSCBNBT1NGLZuJgLSKDkk+gtoU5iOUXyKDH3f1/4LgMrRh9eVM4gp5QS7+74tRu0VXQrOu6xIyoFIlw5x8GjtPpuYqYsvmg1GFT3/myUXTVGoIW05LXnn+eZvHVYPsbpp6VQ4mq+fJK5h39k9JtZIhwlfafnmue2DuSiAdlD9ywiRXQXeBrimHD5j6M0PPfIAw3k7Q6YfaOXupV/bx7Nji9a4jZHjDkiU1TaRmx2oVFojFeir69lTjvLYPtrVfFvhK90qZfLU5hGgm2zJozbqWlc++P47vbri5FJjIzwglTT/AIjgzqixHTQdg6x7oib1gBhrVzstDqpArpzAlheg4yA7g3CC2mijZkLBzyvyGqgRZMKxxSpNiV7tybtC3nEDDMAMjvTNke8c1TbqbXHUUS9pfznThjmL/qmXJou7y8Vjpfe7sjlpUAbuBIfOIPdg8/Yemzj2aXudrIYy4cCuZWRKYXSDmHYowKFFzJmFmRTI1uXX7btsFAQG9MsRXmpRln+tKhadnDo4uIbT2VonhaVYAmRlucx4I0NgCQWPwyAU8AP64KyaOocZpqVy6Lpbjdw2Wj/pd3BJyc1UexpFIs/gdtxD1tNE5gwd0fLzLtoNMkfho+y0S4/o4/j7/JcExCgMY85ax4HOjKRXJP/Xm6LGwuxveQRoNC30M+1HPL5q7uhTJhhTbPcDqyhYxmGLQ+nCKu8M3/UV5P5QLYDiXZ7JK63ujnQ5ZmxcDnTWBcJ0OtFrVbKbo77DL3aWJEjHSepqhcxJWg4ctP0NQ7Ufeqh4/PPVU/weVlN5Drza61GfMwZxg9ILdbRStUFkZ3TLOArhwkNBJVMiteqTnttx/5YXjKFkXAa7kjoOXnslg01li8XOAMJ0XTlJol+Tua6b4CdfOsZAeKU/NJUQx29RAE2JwjvNVT6whX3bFRuBr1lPHohT+cH56gAPT2tP5M8+JQE7hvXSdJKbJ9zNNjU1vNdQ3C9sD1HgFegTHWPlK8+23furyOlzqNhM/nh/NgFHPADZoZJVD7Xiil+OvBnhXWDMc9Hl5MfGXAyTqX85Ho/evMwnM5O0lt9o/uu8FH/U57whxVC23B3xMCzTRvFfqkYmv0qeKA5dtDo5wMFFffKT1aFLk4aqX4HQ+Rhwn3GLWdhr0JDvJDrkVTNeO9zrsO4VuQZVSUzF4bQwbpm/2z2q7K+2HS5EUhxdHYbS7CJFlMg+HKHens3v7ZIwXZGE6Oz2qZW5AIXrFw+M7fQxdTC2vWoPM3W7XFQjYYHG6MuIAujDRfhrHeB6TbSW9Ruz5Bz19yaQH6HaCjtxBesb+DMwAz9W6E5nD4acYJljKtVGd+AZK2/JXq6/e3N6JiUVsVh7h/3SjH6aOfb/rkHwmTjboIP3sfNs8N/mCl3GW8L5mnjWSgGcn2A4hrBo5ZcB5X3hZSvm2qzkze7t4acVGne81xTkrIFffpuj9ijmAzZPILGIhfMGAAl/Z2Q4CpXl+s0QLvQ/pJ5eJkjByusExBbh6hoKWxKZ7Kr0n2KsFANb3yOV5g1eZPO+xP+q89pRvu7jrPgCybvWJGnJglVI80+f5LoTdnLQu2oaTxav0ClAHbETcv6CPPcR10bU3MM3g/GsxH+Cin4F0fwDkdgtYcineljTFGMCEGCSqGSIb3DQEJFDEUHhIAYgBwAHQAcgBhAGMAawBlAHIwIQYJKoZIhvcNAQkVMRQEElRpbWUgMTc2NTkwNjExMDk0ODCCBJEGCSqGSIb3DQEHBqCCBIIwggR+AgEAMIIEdwYJKoZIhvcNAQcBMGYGCSqGSIb3DQEFDTBZMDgGCSqGSIb3DQEFDDArBBQ/M4g9elOi3WM8mi3Deg+B5Lr1lAICJxACASAwDAYIKoZIhvcNAgkFADAdBglghkgBZQMEASoEENklWtKBChyNY5cwTZd32k6AggQA96LcQDuXrt9hsgYiLVaVtkNaG+rg1hn52Fn0NnO/7O8hH0HEyr2WHkyo84haoVeLjbsJOAJBwzFOdR58lWVDUcpRigVNvIn9HstUJnPEK944khLANiopx+qc/zeyg30tvtJFUsF+w7dH4FSFKo7yDfDFp6ma+6Q+Av05nuDFUFVjau+di1OLV0ooO2rNSTtjDkm3camDUFIWiv2VMPliwFZZzHvQMrhsztJ/ES4B/y0yMA6NIVssJbTmlaag05LO1kzCGSFPLeRyOGi63MeY+EQkr6RhndoQNCy7C3WiPIUqgGk21GQi5130iuCkW+p0mIQ4rPzYzK+wiJbZP9e2iVp1fXVX6Ikn/CGfMOxyXjVhRbkUcMF4VHUhLFX0O6Myg9cpLxswKBCPj6/ZKOs84wZ1RtrOH7vquYIwM8Wb3BeU9WTzfNuF+APS4YDt2ZeCwM38CLSQivji6r9/jGW63ggKuoJ39GBlIUvrFEbmKJhYpgnX1g71KmjeifJoMCcVvcm8iCCuBennHm4Gn8je5Fyrny9mNz7fGG4sD37j7NQ/zjKqQreX4d+Vcg+QSsL35rSRqGguZmUqFak09YyvSI44MLj6euZF2MrTCYZmcjahcSuM7awZ+UmiCUT6IrDOviQJKsuLkQHYlQ4scb2U+JwvZJk8Fd2aqNgeNgw6of6cRwR4Rb88MAkQd0fHJKtYb2B5D8SxRgXfMDuJiKLdPQzXmeifY5KtaGrohJOqffizwGVVLwNpvgXZTh2WWNMu4L4KmenxB0ymDjsbT9IFSuwNHkX4dQE94p7l5eQGGKJD/UXgTx3gEgdeqvLSRAdqnZlVZDBVFpAvFk1FF/sZ4ZmMLJcwkUIonh9InC/qkRnPTgxtbWulcdGPQ3d6e52rYjcSlq66zF7xuvL2FqeL454BT7KdN+7CIQ+iEBeQ1eHR652tjatYvs/yxx5amB/+QuxrFo27TfcTp+tPejmM3qq7nYqXuFNkbfo1L5K3xFHMJS9H/8OOQKYvnL8EPA0QcuvlV8u4rIXMCYKbFtg7h3O98Z3F0RXL5o2+A1l04R+6HrbbiZF8x9GQ3W1IIwJgApOYBUlDqjADH5MNLPU6R2yL7G7RN7e1OOyKi97FEZjwxRYIlZ1TDN8OIdZ3GJFZfrwwpZvjeJv6qVLc6AbHPt7+wKwak/AfZQDp53FuWRdtxaSsY1HhEt2JhOqN9gI0OLQcSD6XxY7jp59irAO9XAFSFgUjqNBBHXpNCAhnmXDeMNfGOYqk30Kt3f+yhG+Eyc+PME+3YfGes+auRo+3yNSkEQeG78yPn1gHwaOWPBARiqlND1KsyXBBajEUpwTDIjOMEAoVlZxQTrGhKdiT2TBNMDEwDQYJYIZIAWUDBAIBBQAEIHJJx0a64e4OsPxy/HYrvXKYRYn1jtUCfz7kUzqUj3opBBSk6aL2431VuvKF9Qkl2Yugn+WGOwICJxA=" | base64 -d > app/release-keystore.jks[0m
2025-12-20T17:23:48.3478343Z shell: /usr/bin/bash -e {0}
2025-12-20T17:23:48.3478628Z env:
2025-12-20T17:23:48.3478978Z   JAVA_HOME: /opt/hostedtoolcache/Java_Temurin-Hotspot_jdk/17.0.17-10/x64
2025-12-20T17:23:48.3479496Z   JAVA_HOME_17_X64: /opt/hostedtoolcache/Java_Temurin-Hotspot_jdk/17.0.17-10/x64
2025-12-20T17:23:48.3479901Z ##[endgroup]
2025-12-20T17:23:48.3597821Z ##[group]Run ./gradlew assembleRelease
2025-12-20T17:23:48.3598206Z [36;1m./gradlew assembleRelease[0m
2025-12-20T17:23:48.3630514Z shell: /usr/bin/bash -e {0}
2025-12-20T17:23:48.3630806Z env:
2025-12-20T17:23:48.3631142Z   JAVA_HOME: /opt/hostedtoolcache/Java_Temurin-Hotspot_jdk/17.0.17-10/x64
2025-12-20T17:23:48.3631653Z   JAVA_HOME_17_X64: /opt/hostedtoolcache/Java_Temurin-Hotspot_jdk/17.0.17-10/x64
2025-12-20T17:23:48.3632033Z ##[endgroup]
2025-12-20T17:23:49.3624175Z 
2025-12-20T17:23:49.3625781Z Welcome to Gradle 8.2!
2025-12-20T17:23:49.3627843Z 
2025-12-20T17:23:49.3628119Z Here are the highlights of this release:
2025-12-20T17:23:49.3631152Z  - Kotlin DSL: new reference documentation, assignment syntax by default
2025-12-20T17:23:49.3633164Z  - Kotlin DSL is now the default with Gradle init
2025-12-20T17:23:49.3634867Z  - Improved suggestions to resolve errors in console output
2025-12-20T17:23:49.3635494Z 
2025-12-20T17:23:49.3637350Z For more details see https://docs.gradle.org/8.2/release-notes.html
2025-12-20T17:23:49.3637849Z 
2025-12-20T17:23:49.6577299Z Starting a Gradle Daemon (subsequent builds will be faster)
2025-12-20T17:24:00.2651957Z > Task :app:buildKotlinToolingMetadata
2025-12-20T17:24:00.2654919Z > Task :app:checkKotlinGradlePluginConfigurationErrors
2025-12-20T17:24:00.2656905Z > Task :app:preBuild UP-TO-DATE
2025-12-20T17:24:00.2658606Z > Task :app:preReleaseBuild UP-TO-DATE
2025-12-20T17:24:00.8579482Z > Task :app:generateReleaseResValues
2025-12-20T17:24:00.9577608Z > Task :app:checkReleaseAarMetadata
2025-12-20T17:24:00.9579079Z > Task :app:mapReleaseSourceSetPaths
2025-12-20T17:24:00.9580015Z > Task :app:generateReleaseResources
2025-12-20T17:24:03.1597478Z > Task :app:packageReleaseResources
2025-12-20T17:24:03.5577729Z > Task :app:mergeReleaseResources
2025-12-20T17:24:03.9583827Z > Task :app:createReleaseCompatibleScreenManifests
2025-12-20T17:24:04.0595517Z > Task :app:extractDeepLinksRelease
2025-12-20T17:24:04.1586188Z > Task :app:parseReleaseLocalResources
2025-12-20T17:24:04.3576916Z > Task :app:processReleaseMainManifest
2025-12-20T17:24:04.4587674Z > Task :app:processReleaseManifest
2025-12-20T17:24:04.4589196Z > Task :app:extractProguardFiles
2025-12-20T17:24:04.4589769Z > Task :app:javaPreCompileRelease
2025-12-20T17:24:04.5603578Z > Task :app:mergeReleaseJniLibFolders
2025-12-20T17:24:04.6593256Z > Task :app:mergeReleaseNativeLibs NO-SOURCE
2025-12-20T17:24:04.6594189Z > Task :app:stripReleaseDebugSymbols NO-SOURCE
2025-12-20T17:24:04.6595081Z > Task :app:extractReleaseNativeSymbolTables NO-SOURCE
2025-12-20T17:24:04.6601129Z > Task :app:mergeReleaseNativeDebugMetadata NO-SOURCE
2025-12-20T17:24:04.8586491Z > Task :app:mergeReleaseArtProfile
2025-12-20T17:24:04.9594856Z > Task :app:checkReleaseDuplicateClasses
2025-12-20T17:24:04.9596472Z > Task :app:mergeReleaseShaders
2025-12-20T17:24:04.9600526Z > Task :app:compileReleaseShaders NO-SOURCE
2025-12-20T17:24:04.9605133Z > Task :app:generateReleaseAssets UP-TO-DATE
2025-12-20T17:24:04.9607795Z > Task :app:mergeReleaseAssets
2025-12-20T17:24:04.9608952Z > Task :app:compressReleaseAssets
2025-12-20T17:24:05.1579277Z > Task :app:collectReleaseDependencies
2025-12-20T17:24:05.2581843Z > Task :app:sdkReleaseDependencyData
2025-12-20T17:24:05.2582925Z > Task :app:validateSigningRelease
2025-12-20T17:24:05.2584772Z > Task :app:writeReleaseAppMetadata
2025-12-20T17:24:05.2585261Z > Task :app:writeReleaseSigningConfigVersions
2025-12-20T17:24:05.2585819Z > Task :app:processReleaseManifestForPackage
2025-12-20T17:24:05.8577216Z > Task :app:processReleaseResources
2025-12-20T17:24:07.3576730Z > Task :app:optimizeReleaseResources
2025-12-20T17:24:17.6622927Z > Task :app:kspReleaseKotlin
2025-12-20T17:24:41.7579109Z 
2025-12-20T17:24:41.7582985Z e: file:///home/runner/work/BP_Tracker/BP_Tracker/app/src/main/java/com/bptracker/ui/screens/quickentry/QuickEntryScreen.kt:177:43 'when' expression must be exhaustive, add necessary 'CRISIS' branch or 'else' branch instead
2025-12-20T17:24:41.7585091Z > Task :app:compileReleaseKotlin FAILED
2025-12-20T17:24:41.7586740Z e: file:///home/runner/work/BP_Tracker/BP_Tracker/app/src/main/java/com/bptracker/utils/PdfExporter.kt:320:33 'when' expression must be exhaustive, add necessary 'CRISIS' branch or 'else' branch instead
2025-12-20T17:24:41.7614989Z e: file:///home/runner/work/BP_Tracker/BP_Tracker/app/src/main/java/com/bptracker/utils/PdfExporter.kt:455:33 'when' expression must be exhaustive, add necessary 'CRISIS' branch or 'else' branch instead
2025-12-20T17:24:41.8589884Z 
2025-12-20T17:24:41.8591791Z FAILURE: Build failed with an exception.
2025-12-20T17:24:41.8592239Z 
2025-12-20T17:24:41.8593519Z * What went wrong:
2025-12-20T17:24:41.8594564Z Execution failed for task ':app:compileReleaseKotlin'.
2025-12-20T17:24:41.8596109Z > A failure occurred while executing org.jetbrains.kotlin.compilerRunner.GradleCompilerRunnerWithWorkers$GradleKotlinCompilerWorkAction
2025-12-20T17:24:41.8597295Z    > Compilation error. See log for more details
2025-12-20T17:24:41.8597812Z 30 actionable tasks: 30 executed
2025-12-20T17:24:41.8600702Z 
2025-12-20T17:24:41.8601232Z * Try:
2025-12-20T17:24:41.8601833Z > Run with --stacktrace option to get the stack trace.
2025-12-20T17:24:41.8602745Z > Run with --info or --debug option to get more log output.
2025-12-20T17:24:41.8603556Z > Run with --scan to get full insights.
2025-12-20T17:24:41.8604204Z > Get more help at https://help.gradle.org.
2025-12-20T17:24:41.8604673Z 
2025-12-20T17:24:41.8604948Z BUILD FAILED in 53s
2025-12-20T17:24:42.2254906Z ##[error]Process completed with exit code 1.
2025-12-20T17:24:42.2308513Z ##[group]Run rm -f app/release-keystore.jks
2025-12-20T17:24:42.2308868Z [36;1mrm -f app/release-keystore.jks[0m
2025-12-20T17:24:42.2340567Z shell: /usr/bin/bash -e {0}
2025-12-20T17:24:42.2340810Z env:
2025-12-20T17:24:42.2341101Z   JAVA_HOME: /opt/hostedtoolcache/Java_Temurin-Hotspot_jdk/17.0.17-10/x64
2025-12-20T17:24:42.2341771Z   JAVA_HOME_17_X64: /opt/hostedtoolcache/Java_Temurin-Hotspot_jdk/17.0.17-10/x64
2025-12-20T17:24:42.2342126Z ##[endgroup]
2025-12-20T17:24:42.2482683Z Post job cleanup.
2025-12-20T17:24:42.4258852Z Post job cleanup.
2025-12-20T17:24:42.5224867Z [command]/usr/bin/git version
2025-12-20T17:24:42.5261881Z git version 2.52.0
2025-12-20T17:24:42.5308273Z Temporarily overriding HOME='/home/runner/work/_temp/e87a708e-e456-4a24-82da-ce480be3f776' before making global git config changes
2025-12-20T17:24:42.5309529Z Adding repository directory to the temporary git global config as a safe directory
2025-12-20T17:24:42.5314919Z [command]/usr/bin/git config --global --add safe.directory /home/runner/work/BP_Tracker/BP_Tracker
2025-12-20T17:24:42.5351298Z [command]/usr/bin/git config --local --name-only --get-regexp core\.sshCommand
2025-12-20T17:24:42.5383565Z [command]/usr/bin/git submodule foreach --recursive sh -c "git config --local --name-only --get-regexp 'core\.sshCommand' && git config --local --unset-all 'core.sshCommand' || :"
2025-12-20T17:24:42.5608479Z [command]/usr/bin/git config --local --name-only --get-regexp http\.https\:\/\/github\.com\/\.extraheader
2025-12-20T17:24:42.5628209Z http.https://github.com/.extraheader
2025-12-20T17:24:42.5640360Z [command]/usr/bin/git config --local --unset-all http.https://github.com/.extraheader
2025-12-20T17:24:42.5670111Z [command]/usr/bin/git submodule foreach --recursive sh -c "git config --local --name-only --get-regexp 'http\.https\:\/\/github\.com\/\.extraheader' && git config --local --unset-all 'http.https://github.com/.extraheader' || :"
2025-12-20T17:24:42.5884664Z [command]/usr/bin/git config --local --name-only --get-regexp ^includeIf\.gitdir:
2025-12-20T17:24:42.5914929Z [command]/usr/bin/git submodule foreach --recursive git config --local --show-origin --name-only --get-regexp remote.origin.url
2025-12-20T17:24:42.6252268Z Cleaning up orphan processes
2025-12-20T17:24:42.6545728Z Terminate orphan process: pid (2164) (java)
2025-12-20T17:24:42.6575863Z Terminate orphan process: pid (2297) (java)
