2025-12-17T17:41:35.3870195Z Current runner version: '2.330.0'
2025-12-17T17:41:35.3894873Z ##[group]Runner Image Provisioner
2025-12-17T17:41:35.3895631Z Hosted Compute Agent
2025-12-17T17:41:35.3896222Z Version: 20251202.455
2025-12-17T17:41:35.3896808Z Commit: 6c10caca4910e198df60de23adf20ad317c474e3
2025-12-17T17:41:35.3897437Z Build Date: 2025-12-02T15:56:59Z
2025-12-17T17:41:35.3898516Z Worker ID: {8c9069fb-8c24-496a-b527-355123d723fd}
2025-12-17T17:41:35.3899242Z ##[endgroup]
2025-12-17T17:41:35.3899719Z ##[group]Operating System
2025-12-17T17:41:35.3900341Z Ubuntu
2025-12-17T17:41:35.3900774Z 24.04.3
2025-12-17T17:41:35.3901209Z LTS
2025-12-17T17:41:35.3901835Z ##[endgroup]
2025-12-17T17:41:35.3902548Z ##[group]Runner Image
2025-12-17T17:41:35.3903060Z Image: ubuntu-24.04
2025-12-17T17:41:35.3903605Z Version: 20251208.163.1
2025-12-17T17:41:35.3904634Z Included Software: https://github.com/actions/runner-images/blob/ubuntu24/20251208.163/images/ubuntu/Ubuntu2404-Readme.md
2025-12-17T17:41:35.3906133Z Image Release: https://github.com/actions/runner-images/releases/tag/ubuntu24%2F20251208.163
2025-12-17T17:41:35.3907179Z ##[endgroup]
2025-12-17T17:41:35.3908509Z ##[group]GITHUB_TOKEN Permissions
2025-12-17T17:41:35.3910694Z Contents: read
2025-12-17T17:41:35.3911266Z Metadata: read
2025-12-17T17:41:35.3911714Z Packages: read
2025-12-17T17:41:35.3912301Z ##[endgroup]
2025-12-17T17:41:35.3914501Z Secret source: Actions
2025-12-17T17:41:35.3915529Z Prepare workflow directory
2025-12-17T17:41:35.4243167Z Prepare all required actions
2025-12-17T17:41:35.4281591Z Getting action download info
2025-12-17T17:41:35.8260267Z Download action repository 'actions/checkout@v4' (SHA:34e114876b0b11c390a56381ad16ebd13914f8d5)
2025-12-17T17:41:35.9261402Z Download action repository 'actions/setup-java@v4' (SHA:c1e323688fd81a25caa38c78aa6df2d33d3e20d9)
2025-12-17T17:41:36.5840383Z Download action repository 'actions/upload-artifact@v4' (SHA:ea165f8d65b6e75b540449e92b4886f43607fa02)
2025-12-17T17:41:36.8086021Z Complete job name: build
2025-12-17T17:41:36.8823197Z ##[group]Run actions/checkout@v4
2025-12-17T17:41:36.8824058Z with:
2025-12-17T17:41:36.8824487Z   repository: Vishalsnw/BP_Tracker
2025-12-17T17:41:36.8825185Z   token: ***
2025-12-17T17:41:36.8825685Z   ssh-strict: true
2025-12-17T17:41:36.8826097Z   ssh-user: git
2025-12-17T17:41:36.8826507Z   persist-credentials: true
2025-12-17T17:41:36.8826976Z   clean: true
2025-12-17T17:41:36.8827398Z   sparse-checkout-cone-mode: true
2025-12-17T17:41:36.8828083Z   fetch-depth: 1
2025-12-17T17:41:36.8828520Z   fetch-tags: false
2025-12-17T17:41:36.8828950Z   show-progress: true
2025-12-17T17:41:36.8829372Z   lfs: false
2025-12-17T17:41:36.8829756Z   submodules: false
2025-12-17T17:41:36.8830183Z   set-safe-directory: true
2025-12-17T17:41:36.8830901Z ##[endgroup]
2025-12-17T17:41:36.9964622Z Syncing repository: Vishalsnw/BP_Tracker
2025-12-17T17:41:36.9967554Z ##[group]Getting Git version info
2025-12-17T17:41:36.9969141Z Working directory is '/home/runner/work/BP_Tracker/BP_Tracker'
2025-12-17T17:41:36.9971126Z [command]/usr/bin/git version
2025-12-17T17:41:37.0019663Z git version 2.52.0
2025-12-17T17:41:37.0046673Z ##[endgroup]
2025-12-17T17:41:37.0067346Z Temporarily overriding HOME='/home/runner/work/_temp/d6b8495e-7103-4353-bdf0-9c08f0c4b932' before making global git config changes
2025-12-17T17:41:37.0072423Z Adding repository directory to the temporary git global config as a safe directory
2025-12-17T17:41:37.0074663Z [command]/usr/bin/git config --global --add safe.directory /home/runner/work/BP_Tracker/BP_Tracker
2025-12-17T17:41:37.0112239Z Deleting the contents of '/home/runner/work/BP_Tracker/BP_Tracker'
2025-12-17T17:41:37.0115886Z ##[group]Initializing the repository
2025-12-17T17:41:37.0119895Z [command]/usr/bin/git init /home/runner/work/BP_Tracker/BP_Tracker
2025-12-17T17:41:37.0232409Z hint: Using 'master' as the name for the initial branch. This default branch name
2025-12-17T17:41:37.0234326Z hint: will change to "main" in Git 3.0. To configure the initial branch name
2025-12-17T17:41:37.0236587Z hint: to use in all of your new repositories, which will suppress this warning,
2025-12-17T17:41:37.0238405Z hint: call:
2025-12-17T17:41:37.0239243Z hint:
2025-12-17T17:41:37.0240442Z hint: 	git config --global init.defaultBranch <name>
2025-12-17T17:41:37.0241337Z hint:
2025-12-17T17:41:37.0241948Z hint: Names commonly chosen instead of 'master' are 'main', 'trunk' and
2025-12-17T17:41:37.0242960Z hint: 'development'. The just-created branch can be renamed via this command:
2025-12-17T17:41:37.0243737Z hint:
2025-12-17T17:41:37.0244147Z hint: 	git branch -m <name>
2025-12-17T17:41:37.0244638Z hint:
2025-12-17T17:41:37.0245708Z hint: Disable this message with "git config set advice.defaultBranchName false"
2025-12-17T17:41:37.0247031Z Initialized empty Git repository in /home/runner/work/BP_Tracker/BP_Tracker/.git/
2025-12-17T17:41:37.0251140Z [command]/usr/bin/git remote add origin https://github.com/Vishalsnw/BP_Tracker
2025-12-17T17:41:37.0285567Z ##[endgroup]
2025-12-17T17:41:37.0286344Z ##[group]Disabling automatic garbage collection
2025-12-17T17:41:37.0289337Z [command]/usr/bin/git config --local gc.auto 0
2025-12-17T17:41:37.0317544Z ##[endgroup]
2025-12-17T17:41:37.0318448Z ##[group]Setting up auth
2025-12-17T17:41:37.0324349Z [command]/usr/bin/git config --local --name-only --get-regexp core\.sshCommand
2025-12-17T17:41:37.0354083Z [command]/usr/bin/git submodule foreach --recursive sh -c "git config --local --name-only --get-regexp 'core\.sshCommand' && git config --local --unset-all 'core.sshCommand' || :"
2025-12-17T17:41:37.0676680Z [command]/usr/bin/git config --local --name-only --get-regexp http\.https\:\/\/github\.com\/\.extraheader
2025-12-17T17:41:37.0704818Z [command]/usr/bin/git submodule foreach --recursive sh -c "git config --local --name-only --get-regexp 'http\.https\:\/\/github\.com\/\.extraheader' && git config --local --unset-all 'http.https://github.com/.extraheader' || :"
2025-12-17T17:41:37.0928502Z [command]/usr/bin/git config --local --name-only --get-regexp ^includeIf\.gitdir:
2025-12-17T17:41:37.0960841Z [command]/usr/bin/git submodule foreach --recursive git config --local --show-origin --name-only --get-regexp remote.origin.url
2025-12-17T17:41:37.1195323Z [command]/usr/bin/git config --local http.https://github.com/.extraheader AUTHORIZATION: basic ***
2025-12-17T17:41:37.1233066Z ##[endgroup]
2025-12-17T17:41:37.1234015Z ##[group]Fetching the repository
2025-12-17T17:41:37.1243272Z [command]/usr/bin/git -c protocol.version=2 fetch --no-tags --prune --no-recurse-submodules --depth=1 origin +a5c3df283cbb3a98a7d9428639123e33db2160d1:refs/remotes/origin/main
2025-12-17T17:41:37.4666974Z From https://github.com/Vishalsnw/BP_Tracker
2025-12-17T17:41:37.4669426Z  * [new ref]         a5c3df283cbb3a98a7d9428639123e33db2160d1 -> origin/main
2025-12-17T17:41:37.4701926Z ##[endgroup]
2025-12-17T17:41:37.4703260Z ##[group]Determining the checkout info
2025-12-17T17:41:37.4704811Z ##[endgroup]
2025-12-17T17:41:37.4708833Z [command]/usr/bin/git sparse-checkout disable
2025-12-17T17:41:37.4749531Z [command]/usr/bin/git config --local --unset-all extensions.worktreeConfig
2025-12-17T17:41:37.4775822Z ##[group]Checking out the ref
2025-12-17T17:41:37.4779577Z [command]/usr/bin/git checkout --progress --force -B main refs/remotes/origin/main
2025-12-17T17:41:37.4910783Z Switched to a new branch 'main'
2025-12-17T17:41:37.4913752Z branch 'main' set up to track 'origin/main'.
2025-12-17T17:41:37.4921189Z ##[endgroup]
2025-12-17T17:41:37.4953535Z [command]/usr/bin/git log -1 --format=%H
2025-12-17T17:41:37.4975712Z a5c3df283cbb3a98a7d9428639123e33db2160d1
2025-12-17T17:41:37.5352964Z ##[group]Run actions/setup-java@v4
2025-12-17T17:41:37.5354797Z with:
2025-12-17T17:41:37.5356015Z   java-version: 17
2025-12-17T17:41:37.5356928Z   distribution: temurin
2025-12-17T17:41:37.5357857Z   cache: gradle
2025-12-17T17:41:37.5359205Z   java-package: jdk
2025-12-17T17:41:37.5360095Z   check-latest: false
2025-12-17T17:41:37.5360975Z   server-id: github
2025-12-17T17:41:37.5361864Z   server-username: GITHUB_ACTOR
2025-12-17T17:41:37.5363136Z   server-password: GITHUB_TOKEN
2025-12-17T17:41:37.5364159Z   overwrite-settings: true
2025-12-17T17:41:37.5365096Z   job-status: success
2025-12-17T17:41:37.5366255Z   token: ***
2025-12-17T17:41:37.5367026Z ##[endgroup]
2025-12-17T17:41:37.7383232Z ##[group]Installed distributions
2025-12-17T17:41:37.7441136Z Resolved Java 17.0.17+10 from tool-cache
2025-12-17T17:41:37.7442527Z Setting Java 17.0.17+10 as the default
2025-12-17T17:41:37.7454658Z Creating toolchains.xml for JDK version 17 from temurin
2025-12-17T17:41:37.7531057Z Writing to /home/runner/.m2/toolchains.xml
2025-12-17T17:41:37.7532117Z 
2025-12-17T17:41:37.7532743Z Java configuration:
2025-12-17T17:41:37.7534256Z   Distribution: temurin
2025-12-17T17:41:37.7535478Z   Version: 17.0.17+10
2025-12-17T17:41:37.7537072Z   Path: /opt/hostedtoolcache/Java_Temurin-Hotspot_jdk/17.0.17-10/x64
2025-12-17T17:41:37.7539117Z 
2025-12-17T17:41:37.7540523Z ##[endgroup]
2025-12-17T17:41:37.7557856Z Creating settings.xml with server-id: github
2025-12-17T17:41:37.7559427Z Writing to /home/runner/.m2/settings.xml
2025-12-17T17:41:37.9904471Z Cache hit for: setup-java-Linux-x64-gradle-401f94cd71b6af81f298c4d86b4b628d092378215ab2a920a380974fbde8e3a2
2025-12-17T17:41:39.0845935Z Received 117440512 of 752189410 (15.6%), 112.0 MBs/sec
2025-12-17T17:41:40.0850740Z Received 234881024 of 752189410 (31.2%), 112.0 MBs/sec
2025-12-17T17:41:41.0859556Z Received 390070272 of 752189410 (51.9%), 124.0 MBs/sec
2025-12-17T17:41:42.0854615Z Received 528482304 of 752189410 (70.3%), 126.0 MBs/sec
2025-12-17T17:41:43.1402443Z Received 671088640 of 752189410 (89.2%), 126.7 MBs/sec
2025-12-17T17:41:43.6928742Z Received 752189410 of 752189410 (100.0%), 127.9 MBs/sec
2025-12-17T17:41:43.6933963Z Cache Size: ~717 MB (752189410 B)
2025-12-17T17:41:43.6975774Z [command]/usr/bin/tar -xf /home/runner/work/_temp/e769b077-27c6-42f7-bce4-743661c74c39/cache.tzst -P -C /home/runner/work/BP_Tracker/BP_Tracker --use-compress-program unzstd
2025-12-17T17:41:47.6101568Z Cache restored successfully
2025-12-17T17:41:47.7457379Z Cache restored from key: setup-java-Linux-x64-gradle-401f94cd71b6af81f298c4d86b4b628d092378215ab2a920a380974fbde8e3a2
2025-12-17T17:41:47.7640748Z ##[group]Run chmod +x gradlew
2025-12-17T17:41:47.7641090Z [36;1mchmod +x gradlew[0m
2025-12-17T17:41:47.7681139Z shell: /usr/bin/bash -e {0}
2025-12-17T17:41:47.7681415Z env:
2025-12-17T17:41:47.7681749Z   JAVA_HOME: /opt/hostedtoolcache/Java_Temurin-Hotspot_jdk/17.0.17-10/x64
2025-12-17T17:41:47.7682269Z   JAVA_HOME_17_X64: /opt/hostedtoolcache/Java_Temurin-Hotspot_jdk/17.0.17-10/x64
2025-12-17T17:41:47.7682641Z ##[endgroup]
2025-12-17T17:41:47.7820712Z ##[group]Run echo "MIIKugIBAzCCCmQGCSqGSIb3DQEHAaCCClUEggpRMIIKTTCCBbQGCSqGSIb3DQEHAaCCBaUEggWhMIIFnTCCBZkGCyqGSIb3DQEMCgECoIIFQDCCBTwwZgYJKoZIhvcNAQUNMFkwOAYJKoZIhvcNAQUMMCsEFFkDvVyOy7KmtzbLZZqd0OguEWy+AgInEAIBIDAMBggqhkiG9w0CCQUAMB0GCWCGSAFlAwQBKgQQDzOVgSdu7y1sRUqymEmCuwSCBNBT1NGLZuJgLSKDkk+gtoU5iOUXyKDH3f1/4LgMrRh9eVM4gp5QS7+74tRu0VXQrOu6xIyoFIlw5x8GjtPpuYqYsvmg1GFT3/myUXTVGoIW05LXnn+eZvHVYPsbpp6VQ4mq+fJK5h39k9JtZIhwlfafnmue2DuSiAdlD9ywiRXQXeBrimHD5j6M0PPfIAw3k7Q6YfaOXupV/bx7Nji9a4jZHjDkiU1TaRmx2oVFojFeir69lTjvLYPtrVfFvhK90qZfLU5hGgm2zJozbqWlc++P47vbri5FJjIzwglTT/AIjgzqixHTQdg6x7oib1gBhrVzstDqpArpzAlheg4yA7g3CC2mijZkLBzyvyGqgRZMKxxSpNiV7tybtC3nEDDMAMjvTNke8c1TbqbXHUUS9pfznThjmL/qmXJou7y8Vjpfe7sjlpUAbuBIfOIPdg8/Yemzj2aXudrIYy4cCuZWRKYXSDmHYowKFFzJmFmRTI1uXX7btsFAQG9MsRXmpRln+tKhadnDo4uIbT2VonhaVYAmRlucx4I0NgCQWPwyAU8AP64KyaOocZpqVy6Lpbjdw2Wj/pd3BJyc1UexpFIs/gdtxD1tNE5gwd0fLzLtoNMkfho+y0S4/o4/j7/JcExCgMY85ax4HOjKRXJP/Xm6LGwuxveQRoNC30M+1HPL5q7uhTJhhTbPcDqyhYxmGLQ+nCKu8M3/UV5P5QLYDiXZ7JK63ujnQ5ZmxcDnTWBcJ0OtFrVbKbo77DL3aWJEjHSepqhcxJWg4ctP0NQ7Ufeqh4/PPVU/weVlN5Drza61GfMwZxg9ILdbRStUFkZ3TLOArhwkNBJVMiteqTnttx/5YXjKFkXAa7kjoOXnslg01li8XOAMJ0XTlJol+Tua6b4CdfOsZAeKU/NJUQx29RAE2JwjvNVT6whX3bFRuBr1lPHohT+cH56gAPT2tP5M8+JQE7hvXSdJKbJ9zNNjU1vNdQ3C9sD1HgFegTHWPlK8+23furyOlzqNhM/nh/NgFHPADZoZJVD7Xiil+OvBnhXWDMc9Hl5MfGXAyTqX85Ho/evMwnM5O0lt9o/uu8FH/U57whxVC23B3xMCzTRvFfqkYmv0qeKA5dtDo5wMFFffKT1aFLk4aqX4HQ+Rhwn3GLWdhr0JDvJDrkVTNeO9zrsO4VuQZVSUzF4bQwbpm/2z2q7K+2HS5EUhxdHYbS7CJFlMg+HKHens3v7ZIwXZGE6Oz2qZW5AIXrFw+M7fQxdTC2vWoPM3W7XFQjYYHG6MuIAujDRfhrHeB6TbSW9Ruz5Bz19yaQH6HaCjtxBesb+DMwAz9W6E5nD4acYJljKtVGd+AZK2/JXq6/e3N6JiUVsVh7h/3SjH6aOfb/rkHwmTjboIP3sfNs8N/mCl3GW8L5mnjWSgGcn2A4hrBo5ZcB5X3hZSvm2qzkze7t4acVGne81xTkrIFffpuj9ijmAzZPILGIhfMGAAl/Z2Q4CpXl+s0QLvQ/pJ5eJkjByusExBbh6hoKWxKZ7Kr0n2KsFANb3yOV5g1eZPO+xP+q89pRvu7jrPgCybvWJGnJglVI80+f5LoTdnLQu2oaTxav0ClAHbETcv6CPPcR10bU3MM3g/GsxH+Cin4F0fwDkdgtYcineljTFGMCEGCSqGSIb3DQEJFDEUHhIAYgBwAHQAcgBhAGMAawBlAHIwIQYJKoZIhvcNAQkVMRQEElRpbWUgMTc2NTkwNjExMDk0ODCCBJEGCSqGSIb3DQEHBqCCBIIwggR+AgEAMIIEdwYJKoZIhvcNAQcBMGYGCSqGSIb3DQEFDTBZMDgGCSqGSIb3DQEFDDArBBQ/M4g9elOi3WM8mi3Deg+B5Lr1lAICJxACASAwDAYIKoZIhvcNAgkFADAdBglghkgBZQMEASoEENklWtKBChyNY5cwTZd32k6AggQA96LcQDuXrt9hsgYiLVaVtkNaG+rg1hn52Fn0NnO/7O8hH0HEyr2WHkyo84haoVeLjbsJOAJBwzFOdR58lWVDUcpRigVNvIn9HstUJnPEK944khLANiopx+qc/zeyg30tvtJFUsF+w7dH4FSFKo7yDfDFp6ma+6Q+Av05nuDFUFVjau+di1OLV0ooO2rNSTtjDkm3camDUFIWiv2VMPliwFZZzHvQMrhsztJ/ES4B/y0yMA6NIVssJbTmlaag05LO1kzCGSFPLeRyOGi63MeY+EQkr6RhndoQNCy7C3WiPIUqgGk21GQi5130iuCkW+p0mIQ4rPzYzK+wiJbZP9e2iVp1fXVX6Ikn/CGfMOxyXjVhRbkUcMF4VHUhLFX0O6Myg9cpLxswKBCPj6/ZKOs84wZ1RtrOH7vquYIwM8Wb3BeU9WTzfNuF+APS4YDt2ZeCwM38CLSQivji6r9/jGW63ggKuoJ39GBlIUvrFEbmKJhYpgnX1g71KmjeifJoMCcVvcm8iCCuBennHm4Gn8je5Fyrny9mNz7fGG4sD37j7NQ/zjKqQreX4d+Vcg+QSsL35rSRqGguZmUqFak09YyvSI44MLj6euZF2MrTCYZmcjahcSuM7awZ+UmiCUT6IrDOviQJKsuLkQHYlQ4scb2U+JwvZJk8Fd2aqNgeNgw6of6cRwR4Rb88MAkQd0fHJKtYb2B5D8SxRgXfMDuJiKLdPQzXmeifY5KtaGrohJOqffizwGVVLwNpvgXZTh2WWNMu4L4KmenxB0ymDjsbT9IFSuwNHkX4dQE94p7l5eQGGKJD/UXgTx3gEgdeqvLSRAdqnZlVZDBVFpAvFk1FF/sZ4ZmMLJcwkUIonh9InC/qkRnPTgxtbWulcdGPQ3d6e52rYjcSlq66zF7xuvL2FqeL454BT7KdN+7CIQ+iEBeQ1eHR652tjatYvs/yxx5amB/+QuxrFo27TfcTp+tPejmM3qq7nYqXuFNkbfo1L5K3xFHMJS9H/8OOQKYvnL8EPA0QcuvlV8u4rIXMCYKbFtg7h3O98Z3F0RXL5o2+A1l04R+6HrbbiZF8x9GQ3W1IIwJgApOYBUlDqjADH5MNLPU6R2yL7G7RN7e1OOyKi97FEZjwxRYIlZ1TDN8OIdZ3GJFZfrwwpZvjeJv6qVLc6AbHPt7+wKwak/AfZQDp53FuWRdtxaSsY1HhEt2JhOqN9gI0OLQcSD6XxY7jp59irAO9XAFSFgUjqNBBHXpNCAhnmXDeMNfGOYqk30Kt3f+yhG+Eyc+PME+3YfGes+auRo+3yNSkEQeG78yPn1gHwaOWPBARiqlND1KsyXBBajEUpwTDIjOMEAoVlZxQTrGhKdiT2TBNMDEwDQYJYIZIAWUDBAIBBQAEIHJJx0a64e4OsPxy/HYrvXKYRYn1jtUCfz7kUzqUj3opBBSk6aL2431VuvKF9Qkl2Yugn+WGOwICJxA=" | base64 -d > app/release-keystore.jks
2025-12-17T17:41:47.7857484Z [36;1mecho "MIIKugIBAzCCCmQGCSqGSIb3DQEHAaCCClUEggpRMIIKTTCCBbQGCSqGSIb3DQEHAaCCBaUEggWhMIIFnTCCBZkGCyqGSIb3DQEMCgECoIIFQDCCBTwwZgYJKoZIhvcNAQUNMFkwOAYJKoZIhvcNAQUMMCsEFFkDvVyOy7KmtzbLZZqd0OguEWy+AgInEAIBIDAMBggqhkiG9w0CCQUAMB0GCWCGSAFlAwQBKgQQDzOVgSdu7y1sRUqymEmCuwSCBNBT1NGLZuJgLSKDkk+gtoU5iOUXyKDH3f1/4LgMrRh9eVM4gp5QS7+74tRu0VXQrOu6xIyoFIlw5x8GjtPpuYqYsvmg1GFT3/myUXTVGoIW05LXnn+eZvHVYPsbpp6VQ4mq+fJK5h39k9JtZIhwlfafnmue2DuSiAdlD9ywiRXQXeBrimHD5j6M0PPfIAw3k7Q6YfaOXupV/bx7Nji9a4jZHjDkiU1TaRmx2oVFojFeir69lTjvLYPtrVfFvhK90qZfLU5hGgm2zJozbqWlc++P47vbri5FJjIzwglTT/AIjgzqixHTQdg6x7oib1gBhrVzstDqpArpzAlheg4yA7g3CC2mijZkLBzyvyGqgRZMKxxSpNiV7tybtC3nEDDMAMjvTNke8c1TbqbXHUUS9pfznThjmL/qmXJou7y8Vjpfe7sjlpUAbuBIfOIPdg8/Yemzj2aXudrIYy4cCuZWRKYXSDmHYowKFFzJmFmRTI1uXX7btsFAQG9MsRXmpRln+tKhadnDo4uIbT2VonhaVYAmRlucx4I0NgCQWPwyAU8AP64KyaOocZpqVy6Lpbjdw2Wj/pd3BJyc1UexpFIs/gdtxD1tNE5gwd0fLzLtoNMkfho+y0S4/o4/j7/JcExCgMY85ax4HOjKRXJP/Xm6LGwuxveQRoNC30M+1HPL5q7uhTJhhTbPcDqyhYxmGLQ+nCKu8M3/UV5P5QLYDiXZ7JK63ujnQ5ZmxcDnTWBcJ0OtFrVbKbo77DL3aWJEjHSepqhcxJWg4ctP0NQ7Ufeqh4/PPVU/weVlN5Drza61GfMwZxg9ILdbRStUFkZ3TLOArhwkNBJVMiteqTnttx/5YXjKFkXAa7kjoOXnslg01li8XOAMJ0XTlJol+Tua6b4CdfOsZAeKU/NJUQx29RAE2JwjvNVT6whX3bFRuBr1lPHohT+cH56gAPT2tP5M8+JQE7hvXSdJKbJ9zNNjU1vNdQ3C9sD1HgFegTHWPlK8+23furyOlzqNhM/nh/NgFHPADZoZJVD7Xiil+OvBnhXWDMc9Hl5MfGXAyTqX85Ho/evMwnM5O0lt9o/uu8FH/U57whxVC23B3xMCzTRvFfqkYmv0qeKA5dtDo5wMFFffKT1aFLk4aqX4HQ+Rhwn3GLWdhr0JDvJDrkVTNeO9zrsO4VuQZVSUzF4bQwbpm/2z2q7K+2HS5EUhxdHYbS7CJFlMg+HKHens3v7ZIwXZGE6Oz2qZW5AIXrFw+M7fQxdTC2vWoPM3W7XFQjYYHG6MuIAujDRfhrHeB6TbSW9Ruz5Bz19yaQH6HaCjtxBesb+DMwAz9W6E5nD4acYJljKtVGd+AZK2/JXq6/e3N6JiUVsVh7h/3SjH6aOfb/rkHwmTjboIP3sfNs8N/mCl3GW8L5mnjWSgGcn2A4hrBo5ZcB5X3hZSvm2qzkze7t4acVGne81xTkrIFffpuj9ijmAzZPILGIhfMGAAl/Z2Q4CpXl+s0QLvQ/pJ5eJkjByusExBbh6hoKWxKZ7Kr0n2KsFANb3yOV5g1eZPO+xP+q89pRvu7jrPgCybvWJGnJglVI80+f5LoTdnLQu2oaTxav0ClAHbETcv6CPPcR10bU3MM3g/GsxH+Cin4F0fwDkdgtYcineljTFGMCEGCSqGSIb3DQEJFDEUHhIAYgBwAHQAcgBhAGMAawBlAHIwIQYJKoZIhvcNAQkVMRQEElRpbWUgMTc2NTkwNjExMDk0ODCCBJEGCSqGSIb3DQEHBqCCBIIwggR+AgEAMIIEdwYJKoZIhvcNAQcBMGYGCSqGSIb3DQEFDTBZMDgGCSqGSIb3DQEFDDArBBQ/M4g9elOi3WM8mi3Deg+B5Lr1lAICJxACASAwDAYIKoZIhvcNAgkFADAdBglghkgBZQMEASoEENklWtKBChyNY5cwTZd32k6AggQA96LcQDuXrt9hsgYiLVaVtkNaG+rg1hn52Fn0NnO/7O8hH0HEyr2WHkyo84haoVeLjbsJOAJBwzFOdR58lWVDUcpRigVNvIn9HstUJnPEK944khLANiopx+qc/zeyg30tvtJFUsF+w7dH4FSFKo7yDfDFp6ma+6Q+Av05nuDFUFVjau+di1OLV0ooO2rNSTtjDkm3camDUFIWiv2VMPliwFZZzHvQMrhsztJ/ES4B/y0yMA6NIVssJbTmlaag05LO1kzCGSFPLeRyOGi63MeY+EQkr6RhndoQNCy7C3WiPIUqgGk21GQi5130iuCkW+p0mIQ4rPzYzK+wiJbZP9e2iVp1fXVX6Ikn/CGfMOxyXjVhRbkUcMF4VHUhLFX0O6Myg9cpLxswKBCPj6/ZKOs84wZ1RtrOH7vquYIwM8Wb3BeU9WTzfNuF+APS4YDt2ZeCwM38CLSQivji6r9/jGW63ggKuoJ39GBlIUvrFEbmKJhYpgnX1g71KmjeifJoMCcVvcm8iCCuBennHm4Gn8je5Fyrny9mNz7fGG4sD37j7NQ/zjKqQreX4d+Vcg+QSsL35rSRqGguZmUqFak09YyvSI44MLj6euZF2MrTCYZmcjahcSuM7awZ+UmiCUT6IrDOviQJKsuLkQHYlQ4scb2U+JwvZJk8Fd2aqNgeNgw6of6cRwR4Rb88MAkQd0fHJKtYb2B5D8SxRgXfMDuJiKLdPQzXmeifY5KtaGrohJOqffizwGVVLwNpvgXZTh2WWNMu4L4KmenxB0ymDjsbT9IFSuwNHkX4dQE94p7l5eQGGKJD/UXgTx3gEgdeqvLSRAdqnZlVZDBVFpAvFk1FF/sZ4ZmMLJcwkUIonh9InC/qkRnPTgxtbWulcdGPQ3d6e52rYjcSlq66zF7xuvL2FqeL454BT7KdN+7CIQ+iEBeQ1eHR652tjatYvs/yxx5amB/+QuxrFo27TfcTp+tPejmM3qq7nYqXuFNkbfo1L5K3xFHMJS9H/8OOQKYvnL8EPA0QcuvlV8u4rIXMCYKbFtg7h3O98Z3F0RXL5o2+A1l04R+6HrbbiZF8x9GQ3W1IIwJgApOYBUlDqjADH5MNLPU6R2yL7G7RN7e1OOyKi97FEZjwxRYIlZ1TDN8OIdZ3GJFZfrwwpZvjeJv6qVLc6AbHPt7+wKwak/AfZQDp53FuWRdtxaSsY1HhEt2JhOqN9gI0OLQcSD6XxY7jp59irAO9XAFSFgUjqNBBHXpNCAhnmXDeMNfGOYqk30Kt3f+yhG+Eyc+PME+3YfGes+auRo+3yNSkEQeG78yPn1gHwaOWPBARiqlND1KsyXBBajEUpwTDIjOMEAoVlZxQTrGhKdiT2TBNMDEwDQYJYIZIAWUDBAIBBQAEIHJJx0a64e4OsPxy/HYrvXKYRYn1jtUCfz7kUzqUj3opBBSk6aL2431VuvKF9Qkl2Yugn+WGOwICJxA=" | base64 -d > app/release-keystore.jks[0m
2025-12-17T17:41:47.7908371Z shell: /usr/bin/bash -e {0}
2025-12-17T17:41:47.7908628Z env:
2025-12-17T17:41:47.7908927Z   JAVA_HOME: /opt/hostedtoolcache/Java_Temurin-Hotspot_jdk/17.0.17-10/x64
2025-12-17T17:41:47.7909417Z   JAVA_HOME_17_X64: /opt/hostedtoolcache/Java_Temurin-Hotspot_jdk/17.0.17-10/x64
2025-12-17T17:41:47.7909777Z ##[endgroup]
2025-12-17T17:41:47.8007230Z ##[group]Run ./gradlew assembleRelease
2025-12-17T17:41:47.8007562Z [36;1m./gradlew assembleRelease[0m
2025-12-17T17:41:47.8039303Z shell: /usr/bin/bash -e {0}
2025-12-17T17:41:47.8039543Z env:
2025-12-17T17:41:47.8039845Z   JAVA_HOME: /opt/hostedtoolcache/Java_Temurin-Hotspot_jdk/17.0.17-10/x64
2025-12-17T17:41:47.8040335Z   JAVA_HOME_17_X64: /opt/hostedtoolcache/Java_Temurin-Hotspot_jdk/17.0.17-10/x64
2025-12-17T17:41:47.8040715Z ##[endgroup]
2025-12-17T17:41:48.4871912Z 
2025-12-17T17:41:48.4872655Z Welcome to Gradle 8.2!
2025-12-17T17:41:48.4872944Z 
2025-12-17T17:41:48.4875471Z Here are the highlights of this release:
2025-12-17T17:41:48.4883013Z  - Kotlin DSL: new reference documentation, assignment syntax by default
2025-12-17T17:41:48.4883984Z  - Kotlin DSL is now the default with Gradle init
2025-12-17T17:41:48.4884676Z  - Improved suggestions to resolve errors in console output
2025-12-17T17:41:48.4885174Z 
2025-12-17T17:41:48.4887877Z For more details see https://docs.gradle.org/8.2/release-notes.html
2025-12-17T17:41:48.4888569Z 
2025-12-17T17:41:48.5857028Z Starting a Gradle Daemon (subsequent builds will be faster)
2025-12-17T17:41:58.1904091Z > Task :app:buildKotlinToolingMetadata
2025-12-17T17:41:58.1919261Z > Task :app:checkKotlinGradlePluginConfigurationErrors
2025-12-17T17:41:58.1920003Z > Task :app:preBuild UP-TO-DATE
2025-12-17T17:41:58.1920528Z > Task :app:preReleaseBuild UP-TO-DATE
2025-12-17T17:41:58.7856919Z > Task :app:generateReleaseResValues
2025-12-17T17:41:58.8856282Z > Task :app:checkReleaseAarMetadata
2025-12-17T17:41:58.8862620Z > Task :app:mapReleaseSourceSetPaths
2025-12-17T17:41:58.8868292Z > Task :app:generateReleaseResources
2025-12-17T17:42:00.1879716Z > Task :app:packageReleaseResources
2025-12-17T17:42:00.9862280Z > Task :app:createReleaseCompatibleScreenManifests
2025-12-17T17:42:00.9863425Z > Task :app:extractDeepLinksRelease
2025-12-17T17:42:01.2869532Z > Task :app:parseReleaseLocalResources
2025-12-17T17:42:01.4858277Z > Task :app:mergeReleaseResources
2025-12-17T17:42:01.5899006Z > Task :app:processReleaseMainManifest
2025-12-17T17:42:01.6868836Z > Task :app:processReleaseManifest
2025-12-17T17:42:01.7866958Z > Task :app:extractProguardFiles
2025-12-17T17:42:01.7873039Z > Task :app:javaPreCompileRelease
2025-12-17T17:42:01.7881431Z > Task :app:mergeReleaseJniLibFolders
2025-12-17T17:42:01.8866562Z > Task :app:mergeReleaseNativeLibs NO-SOURCE
2025-12-17T17:42:01.8871269Z > Task :app:stripReleaseDebugSymbols NO-SOURCE
2025-12-17T17:42:01.8875930Z > Task :app:extractReleaseNativeSymbolTables NO-SOURCE
2025-12-17T17:42:01.8876569Z > Task :app:mergeReleaseNativeDebugMetadata NO-SOURCE
2025-12-17T17:42:01.9880073Z > Task :app:processReleaseManifestForPackage
2025-12-17T17:42:02.0856697Z > Task :app:checkReleaseDuplicateClasses
2025-12-17T17:42:02.2857476Z > Task :app:mergeReleaseArtProfile
2025-12-17T17:42:02.2858319Z > Task :app:mergeReleaseShaders
2025-12-17T17:42:02.3885083Z > Task :app:compileReleaseShaders NO-SOURCE
2025-12-17T17:42:02.3885894Z > Task :app:generateReleaseAssets UP-TO-DATE
2025-12-17T17:42:02.3886827Z > Task :app:mergeReleaseAssets
2025-12-17T17:42:02.3902831Z > Task :app:compressReleaseAssets
2025-12-17T17:42:02.5858896Z > Task :app:collectReleaseDependencies
2025-12-17T17:42:02.7859775Z > Task :app:processReleaseResources
2025-12-17T17:42:04.1870925Z > Task :app:sdkReleaseDependencyData
2025-12-17T17:42:04.1871512Z > Task :app:validateSigningRelease
2025-12-17T17:42:04.1872909Z > Task :app:writeReleaseAppMetadata
2025-12-17T17:42:04.1879427Z > Task :app:writeReleaseSigningConfigVersions
2025-12-17T17:42:04.3859700Z > Task :app:optimizeReleaseResources
2025-12-17T17:42:11.0866613Z 
2025-12-17T17:42:11.0867098Z > Task :app:kspReleaseKotlin FAILED
2025-12-17T17:42:11.0870472Z w: [ksp] /home/runner/work/BP_Tracker/BP_Tracker/app/src/main/java/com/bptracker/data/database/BloodPressureDatabase.kt:26: Schema export directory was not provided to the annotation processor so Room cannot export the schema. You can either provide `room.schemaLocation` annotation processor argument by applying the Room Gradle plugin (id 'androidx.room') OR set exportSchema to false.
2025-12-17T17:42:11.0903389Z e: [ksp] /home/runner/work/BP_Tracker/BP_Tracker/app/src/main/java/com/bptracker/data/model/Medication.kt:15: Cannot figure out how to save this field into database. You can consider adding a type converter for it.
2025-12-17T17:42:11.0905788Z e: [ksp] /home/runner/work/BP_Tracker/BP_Tracker/app/src/main/java/com/bptracker/data/model/Medication.kt:15: Cannot figure out how to read this field from a cursor.
2025-12-17T17:42:11.0907177Z e: Error occurred in KSP, check log for detail
2025-12-17T17:42:11.1890200Z 
2025-12-17T17:42:11.1895766Z FAILURE: Build failed with an exception.
2025-12-17T17:42:11.1896520Z 
2025-12-17T17:42:11.1896936Z * What went wrong:
2025-12-17T17:42:11.1897717Z Execution failed for task ':app:kspReleaseKotlin'.
2025-12-17T17:42:11.1899364Z > A failure occurred while executing org.jetbrains.kotlin.compilerRunner.GradleCompilerRunnerWithWorkers$GradleKotlinCompilerWorkAction
2025-12-17T17:42:11.1911695Z    > Compilation error. See log for more details
2025-12-17T17:42:11.1912232Z 
2025-12-17T17:42:11.1912590Z * Try:
2025-12-17T17:42:11.1913190Z > Run with --stacktrace option to get the stack trace.
2025-12-17T17:42:11.1914115Z > Run with --info or --debug option to get more log output.
2025-12-17T17:42:11.1914865Z > Run with --scan to get full insights.
2025-12-17T17:42:11.1922252Z > Get more help at https://help.gradle.org.
2025-12-17T17:42:11.1922795Z 29 actionable tasks: 29 executed
2025-12-17T17:42:11.1923597Z 
2025-12-17T17:42:11.1924088Z BUILD FAILED in 23s
2025-12-17T17:42:11.6778795Z ##[error]Process completed with exit code 1.
2025-12-17T17:42:11.6835252Z ##[group]Run rm -f app/release-keystore.jks
2025-12-17T17:42:11.6835608Z [36;1mrm -f app/release-keystore.jks[0m
2025-12-17T17:42:11.6867589Z shell: /usr/bin/bash -e {0}
2025-12-17T17:42:11.6867818Z env:
2025-12-17T17:42:11.6868299Z   JAVA_HOME: /opt/hostedtoolcache/Java_Temurin-Hotspot_jdk/17.0.17-10/x64
2025-12-17T17:42:11.6868794Z   JAVA_HOME_17_X64: /opt/hostedtoolcache/Java_Temurin-Hotspot_jdk/17.0.17-10/x64
2025-12-17T17:42:11.6869160Z ##[endgroup]
2025-12-17T17:42:11.7010000Z Post job cleanup.
2025-12-17T17:42:11.8766858Z Post job cleanup.
2025-12-17T17:42:11.9744267Z [command]/usr/bin/git version
2025-12-17T17:42:11.9785538Z git version 2.52.0
2025-12-17T17:42:11.9832339Z Temporarily overriding HOME='/home/runner/work/_temp/24a253b1-f54a-48b0-b71f-e825f1c2e312' before making global git config changes
2025-12-17T17:42:11.9833614Z Adding repository directory to the temporary git global config as a safe directory
2025-12-17T17:42:11.9845860Z [command]/usr/bin/git config --global --add safe.directory /home/runner/work/BP_Tracker/BP_Tracker
2025-12-17T17:42:11.9881730Z [command]/usr/bin/git config --local --name-only --get-regexp core\.sshCommand
2025-12-17T17:42:11.9914724Z [command]/usr/bin/git submodule foreach --recursive sh -c "git config --local --name-only --get-regexp 'core\.sshCommand' && git config --local --unset-all 'core.sshCommand' || :"
2025-12-17T17:42:12.0142125Z [command]/usr/bin/git config --local --name-only --get-regexp http\.https\:\/\/github\.com\/\.extraheader
2025-12-17T17:42:12.0162507Z http.https://github.com/.extraheader
2025-12-17T17:42:12.0175733Z [command]/usr/bin/git config --local --unset-all http.https://github.com/.extraheader
2025-12-17T17:42:12.0207680Z [command]/usr/bin/git submodule foreach --recursive sh -c "git config --local --name-only --get-regexp 'http\.https\:\/\/github\.com\/\.extraheader' && git config --local --unset-all 'http.https://github.com/.extraheader' || :"
2025-12-17T17:42:12.0428904Z [command]/usr/bin/git config --local --name-only --get-regexp ^includeIf\.gitdir:
2025-12-17T17:42:12.0460084Z [command]/usr/bin/git submodule foreach --recursive git config --local --show-origin --name-only --get-regexp remote.origin.url
2025-12-17T17:42:12.0782668Z Cleaning up orphan processes
2025-12-17T17:42:12.1089135Z Terminate orphan process: pid (2171) (java)
2025-12-17T17:42:12.1110139Z Terminate orphan process: pid (2303) (java)
