2025-12-18T18:43:55.5530956Z Current runner version: '2.330.0'
2025-12-18T18:43:55.5553840Z ##[group]Runner Image Provisioner
2025-12-18T18:43:55.5554619Z Hosted Compute Agent
2025-12-18T18:43:55.5555181Z Version: 20251211.462
2025-12-18T18:43:55.5555858Z Commit: 6cbad8c2bb55d58165063d031ccabf57e2d2db61
2025-12-18T18:43:55.5556528Z Build Date: 2025-12-11T16:28:49Z
2025-12-18T18:43:55.5557165Z Worker ID: {146f3587-d214-4d72-992a-07b4ac0a2ed5}
2025-12-18T18:43:55.5557863Z ##[endgroup]
2025-12-18T18:43:55.5558816Z ##[group]Operating System
2025-12-18T18:43:55.5559359Z Ubuntu
2025-12-18T18:43:55.5559879Z 24.04.3
2025-12-18T18:43:55.5560315Z LTS
2025-12-18T18:43:55.5560774Z ##[endgroup]
2025-12-18T18:43:55.5561339Z ##[group]Runner Image
2025-12-18T18:43:55.5561858Z Image: ubuntu-24.04
2025-12-18T18:43:55.5562362Z Version: 20251215.174.1
2025-12-18T18:43:55.5563349Z Included Software: https://github.com/actions/runner-images/blob/ubuntu24/20251215.174/images/ubuntu/Ubuntu2404-Readme.md
2025-12-18T18:43:55.5564987Z Image Release: https://github.com/actions/runner-images/releases/tag/ubuntu24%2F20251215.174
2025-12-18T18:43:55.5566004Z ##[endgroup]
2025-12-18T18:43:55.5567071Z ##[group]GITHUB_TOKEN Permissions
2025-12-18T18:43:55.5568993Z Contents: read
2025-12-18T18:43:55.5569610Z Metadata: read
2025-12-18T18:43:55.5570111Z Packages: read
2025-12-18T18:43:55.5570605Z ##[endgroup]
2025-12-18T18:43:55.5572596Z Secret source: Actions
2025-12-18T18:43:55.5573247Z Prepare workflow directory
2025-12-18T18:43:55.5887695Z Prepare all required actions
2025-12-18T18:43:55.5930457Z Getting action download info
2025-12-18T18:43:56.1245202Z Download action repository 'actions/checkout@v4' (SHA:34e114876b0b11c390a56381ad16ebd13914f8d5)
2025-12-18T18:43:56.2138446Z Download action repository 'actions/setup-java@v4' (SHA:c1e323688fd81a25caa38c78aa6df2d33d3e20d9)
2025-12-18T18:43:57.4091706Z Download action repository 'actions/upload-artifact@v4' (SHA:ea165f8d65b6e75b540449e92b4886f43607fa02)
2025-12-18T18:43:57.6324899Z Complete job name: build
2025-12-18T18:43:57.7080942Z ##[group]Run actions/checkout@v4
2025-12-18T18:43:57.7081931Z with:
2025-12-18T18:43:57.7082407Z   repository: Vishalsnw/BP_Tracker
2025-12-18T18:43:57.7083201Z   token: ***
2025-12-18T18:43:57.7083640Z   ssh-strict: true
2025-12-18T18:43:57.7084089Z   ssh-user: git
2025-12-18T18:43:57.7084543Z   persist-credentials: true
2025-12-18T18:43:57.7085059Z   clean: true
2025-12-18T18:43:57.7085538Z   sparse-checkout-cone-mode: true
2025-12-18T18:43:57.7086092Z   fetch-depth: 1
2025-12-18T18:43:57.7086556Z   fetch-tags: false
2025-12-18T18:43:57.7087055Z   show-progress: true
2025-12-18T18:43:57.7087569Z   lfs: false
2025-12-18T18:43:57.7088168Z   submodules: false
2025-12-18T18:43:57.7088658Z   set-safe-directory: true
2025-12-18T18:43:57.7089423Z ##[endgroup]
2025-12-18T18:43:57.8205286Z Syncing repository: Vishalsnw/BP_Tracker
2025-12-18T18:43:57.8207302Z ##[group]Getting Git version info
2025-12-18T18:43:57.8208356Z Working directory is '/home/runner/work/BP_Tracker/BP_Tracker'
2025-12-18T18:43:57.8209563Z [command]/usr/bin/git version
2025-12-18T18:43:57.8296706Z git version 2.52.0
2025-12-18T18:43:57.8324362Z ##[endgroup]
2025-12-18T18:43:57.8340195Z Temporarily overriding HOME='/home/runner/work/_temp/78e96aed-2f5c-45cc-8254-e7046b9c6e63' before making global git config changes
2025-12-18T18:43:57.8341948Z Adding repository directory to the temporary git global config as a safe directory
2025-12-18T18:43:57.8354444Z [command]/usr/bin/git config --global --add safe.directory /home/runner/work/BP_Tracker/BP_Tracker
2025-12-18T18:43:57.8395463Z Deleting the contents of '/home/runner/work/BP_Tracker/BP_Tracker'
2025-12-18T18:43:57.8399364Z ##[group]Initializing the repository
2025-12-18T18:43:57.8403719Z [command]/usr/bin/git init /home/runner/work/BP_Tracker/BP_Tracker
2025-12-18T18:43:57.8508654Z hint: Using 'master' as the name for the initial branch. This default branch name
2025-12-18T18:43:57.8510811Z hint: will change to "main" in Git 3.0. To configure the initial branch name
2025-12-18T18:43:57.8513288Z hint: to use in all of your new repositories, which will suppress this warning,
2025-12-18T18:43:57.8514531Z hint: call:
2025-12-18T18:43:57.8515012Z hint:
2025-12-18T18:43:57.8516023Z hint: 	git config --global init.defaultBranch <name>
2025-12-18T18:43:57.8516785Z hint:
2025-12-18T18:43:57.8517490Z hint: Names commonly chosen instead of 'master' are 'main', 'trunk' and
2025-12-18T18:43:57.8519213Z hint: 'development'. The just-created branch can be renamed via this command:
2025-12-18T18:43:57.8520136Z hint:
2025-12-18T18:43:57.8520561Z hint: 	git branch -m <name>
2025-12-18T18:43:57.8521058Z hint:
2025-12-18T18:43:57.8521691Z hint: Disable this message with "git config set advice.defaultBranchName false"
2025-12-18T18:43:57.8522718Z Initialized empty Git repository in /home/runner/work/BP_Tracker/BP_Tracker/.git/
2025-12-18T18:43:57.8525523Z [command]/usr/bin/git remote add origin https://github.com/Vishalsnw/BP_Tracker
2025-12-18T18:43:57.8560799Z ##[endgroup]
2025-12-18T18:43:57.8561644Z ##[group]Disabling automatic garbage collection
2025-12-18T18:43:57.8565025Z [command]/usr/bin/git config --local gc.auto 0
2025-12-18T18:43:57.8594251Z ##[endgroup]
2025-12-18T18:43:57.8595001Z ##[group]Setting up auth
2025-12-18T18:43:57.8601511Z [command]/usr/bin/git config --local --name-only --get-regexp core\.sshCommand
2025-12-18T18:43:57.8633600Z [command]/usr/bin/git submodule foreach --recursive sh -c "git config --local --name-only --get-regexp 'core\.sshCommand' && git config --local --unset-all 'core.sshCommand' || :"
2025-12-18T18:43:57.8973302Z [command]/usr/bin/git config --local --name-only --get-regexp http\.https\:\/\/github\.com\/\.extraheader
2025-12-18T18:43:57.9005625Z [command]/usr/bin/git submodule foreach --recursive sh -c "git config --local --name-only --get-regexp 'http\.https\:\/\/github\.com\/\.extraheader' && git config --local --unset-all 'http.https://github.com/.extraheader' || :"
2025-12-18T18:43:57.9235325Z [command]/usr/bin/git config --local --name-only --get-regexp ^includeIf\.gitdir:
2025-12-18T18:43:57.9267517Z [command]/usr/bin/git submodule foreach --recursive git config --local --show-origin --name-only --get-regexp remote.origin.url
2025-12-18T18:43:57.9502381Z [command]/usr/bin/git config --local http.https://github.com/.extraheader AUTHORIZATION: basic ***
2025-12-18T18:43:57.9537710Z ##[endgroup]
2025-12-18T18:43:57.9539029Z ##[group]Fetching the repository
2025-12-18T18:43:57.9546577Z [command]/usr/bin/git -c protocol.version=2 fetch --no-tags --prune --no-recurse-submodules --depth=1 origin +c1f3337640c22d2bb5eedd2cfeac6fb43c0c1b20:refs/remotes/origin/main
2025-12-18T18:43:59.0890185Z From https://github.com/Vishalsnw/BP_Tracker
2025-12-18T18:43:59.0892680Z  * [new ref]         c1f3337640c22d2bb5eedd2cfeac6fb43c0c1b20 -> origin/main
2025-12-18T18:43:59.1344505Z ##[endgroup]
2025-12-18T18:43:59.1346303Z ##[group]Determining the checkout info
2025-12-18T18:43:59.1348466Z ##[endgroup]
2025-12-18T18:43:59.1350558Z [command]/usr/bin/git sparse-checkout disable
2025-12-18T18:43:59.1411827Z [command]/usr/bin/git config --local --unset-all extensions.worktreeConfig
2025-12-18T18:43:59.1446330Z ##[group]Checking out the ref
2025-12-18T18:43:59.1449091Z [command]/usr/bin/git checkout --progress --force -B main refs/remotes/origin/main
2025-12-18T18:43:59.3436679Z Switched to a new branch 'main'
2025-12-18T18:43:59.3439217Z branch 'main' set up to track 'origin/main'.
2025-12-18T18:43:59.3445479Z ##[endgroup]
2025-12-18T18:43:59.3508221Z [command]/usr/bin/git log -1 --format=%H
2025-12-18T18:43:59.3540962Z c1f3337640c22d2bb5eedd2cfeac6fb43c0c1b20
2025-12-18T18:43:59.3896870Z ##[group]Run actions/setup-java@v4
2025-12-18T18:43:59.3898542Z with:
2025-12-18T18:43:59.3899575Z   java-version: 17
2025-12-18T18:43:59.3900671Z   distribution: temurin
2025-12-18T18:43:59.3901861Z   cache: gradle
2025-12-18T18:43:59.3902933Z   java-package: jdk
2025-12-18T18:43:59.3904087Z   check-latest: false
2025-12-18T18:43:59.3905277Z   server-id: github
2025-12-18T18:43:59.3906452Z   server-username: GITHUB_ACTOR
2025-12-18T18:43:59.3908319Z   server-password: GITHUB_TOKEN
2025-12-18T18:43:59.3909740Z   overwrite-settings: true
2025-12-18T18:43:59.3911036Z   job-status: success
2025-12-18T18:43:59.3912602Z   token: ***
2025-12-18T18:43:59.3913630Z ##[endgroup]
2025-12-18T18:43:59.6054084Z ##[group]Installed distributions
2025-12-18T18:43:59.9037643Z Resolved Java 17.0.17+10 from tool-cache
2025-12-18T18:43:59.9039260Z Setting Java 17.0.17+10 as the default
2025-12-18T18:43:59.9057827Z Creating toolchains.xml for JDK version 17 from temurin
2025-12-18T18:43:59.9138440Z Writing to /home/runner/.m2/toolchains.xml
2025-12-18T18:43:59.9138847Z 
2025-12-18T18:43:59.9139164Z Java configuration:
2025-12-18T18:43:59.9140962Z   Distribution: temurin
2025-12-18T18:43:59.9141310Z   Version: 17.0.17+10
2025-12-18T18:43:59.9141930Z   Path: /opt/hostedtoolcache/Java_Temurin-Hotspot_jdk/17.0.17-10/x64
2025-12-18T18:43:59.9142376Z 
2025-12-18T18:43:59.9143148Z ##[endgroup]
2025-12-18T18:43:59.9230140Z Creating settings.xml with server-id: github
2025-12-18T18:43:59.9230725Z Writing to /home/runner/.m2/settings.xml
2025-12-18T18:44:00.2914175Z gradle cache is not found
2025-12-18T18:44:00.3040659Z ##[group]Run chmod +x gradlew
2025-12-18T18:44:00.3041005Z [36;1mchmod +x gradlew[0m
2025-12-18T18:44:00.3082341Z shell: /usr/bin/bash -e {0}
2025-12-18T18:44:00.3082583Z env:
2025-12-18T18:44:00.3082868Z   JAVA_HOME: /opt/hostedtoolcache/Java_Temurin-Hotspot_jdk/17.0.17-10/x64
2025-12-18T18:44:00.3083331Z   JAVA_HOME_17_X64: /opt/hostedtoolcache/Java_Temurin-Hotspot_jdk/17.0.17-10/x64
2025-12-18T18:44:00.3083666Z ##[endgroup]
2025-12-18T18:44:00.3210720Z ##[group]Run echo "MIIKugIBAzCCCmQGCSqGSIb3DQEHAaCCClUEggpRMIIKTTCCBbQGCSqGSIb3DQEHAaCCBaUEggWhMIIFnTCCBZkGCyqGSIb3DQEMCgECoIIFQDCCBTwwZgYJKoZIhvcNAQUNMFkwOAYJKoZIhvcNAQUMMCsEFFkDvVyOy7KmtzbLZZqd0OguEWy+AgInEAIBIDAMBggqhkiG9w0CCQUAMB0GCWCGSAFlAwQBKgQQDzOVgSdu7y1sRUqymEmCuwSCBNBT1NGLZuJgLSKDkk+gtoU5iOUXyKDH3f1/4LgMrRh9eVM4gp5QS7+74tRu0VXQrOu6xIyoFIlw5x8GjtPpuYqYsvmg1GFT3/myUXTVGoIW05LXnn+eZvHVYPsbpp6VQ4mq+fJK5h39k9JtZIhwlfafnmue2DuSiAdlD9ywiRXQXeBrimHD5j6M0PPfIAw3k7Q6YfaOXupV/bx7Nji9a4jZHjDkiU1TaRmx2oVFojFeir69lTjvLYPtrVfFvhK90qZfLU5hGgm2zJozbqWlc++P47vbri5FJjIzwglTT/AIjgzqixHTQdg6x7oib1gBhrVzstDqpArpzAlheg4yA7g3CC2mijZkLBzyvyGqgRZMKxxSpNiV7tybtC3nEDDMAMjvTNke8c1TbqbXHUUS9pfznThjmL/qmXJou7y8Vjpfe7sjlpUAbuBIfOIPdg8/Yemzj2aXudrIYy4cCuZWRKYXSDmHYowKFFzJmFmRTI1uXX7btsFAQG9MsRXmpRln+tKhadnDo4uIbT2VonhaVYAmRlucx4I0NgCQWPwyAU8AP64KyaOocZpqVy6Lpbjdw2Wj/pd3BJyc1UexpFIs/gdtxD1tNE5gwd0fLzLtoNMkfho+y0S4/o4/j7/JcExCgMY85ax4HOjKRXJP/Xm6LGwuxveQRoNC30M+1HPL5q7uhTJhhTbPcDqyhYxmGLQ+nCKu8M3/UV5P5QLYDiXZ7JK63ujnQ5ZmxcDnTWBcJ0OtFrVbKbo77DL3aWJEjHSepqhcxJWg4ctP0NQ7Ufeqh4/PPVU/weVlN5Drza61GfMwZxg9ILdbRStUFkZ3TLOArhwkNBJVMiteqTnttx/5YXjKFkXAa7kjoOXnslg01li8XOAMJ0XTlJol+Tua6b4CdfOsZAeKU/NJUQx29RAE2JwjvNVT6whX3bFRuBr1lPHohT+cH56gAPT2tP5M8+JQE7hvXSdJKbJ9zNNjU1vNdQ3C9sD1HgFegTHWPlK8+23furyOlzqNhM/nh/NgFHPADZoZJVD7Xiil+OvBnhXWDMc9Hl5MfGXAyTqX85Ho/evMwnM5O0lt9o/uu8FH/U57whxVC23B3xMCzTRvFfqkYmv0qeKA5dtDo5wMFFffKT1aFLk4aqX4HQ+Rhwn3GLWdhr0JDvJDrkVTNeO9zrsO4VuQZVSUzF4bQwbpm/2z2q7K+2HS5EUhxdHYbS7CJFlMg+HKHens3v7ZIwXZGE6Oz2qZW5AIXrFw+M7fQxdTC2vWoPM3W7XFQjYYHG6MuIAujDRfhrHeB6TbSW9Ruz5Bz19yaQH6HaCjtxBesb+DMwAz9W6E5nD4acYJljKtVGd+AZK2/JXq6/e3N6JiUVsVh7h/3SjH6aOfb/rkHwmTjboIP3sfNs8N/mCl3GW8L5mnjWSgGcn2A4hrBo5ZcB5X3hZSvm2qzkze7t4acVGne81xTkrIFffpuj9ijmAzZPILGIhfMGAAl/Z2Q4CpXl+s0QLvQ/pJ5eJkjByusExBbh6hoKWxKZ7Kr0n2KsFANb3yOV5g1eZPO+xP+q89pRvu7jrPgCybvWJGnJglVI80+f5LoTdnLQu2oaTxav0ClAHbETcv6CPPcR10bU3MM3g/GsxH+Cin4F0fwDkdgtYcineljTFGMCEGCSqGSIb3DQEJFDEUHhIAYgBwAHQAcgBhAGMAawBlAHIwIQYJKoZIhvcNAQkVMRQEElRpbWUgMTc2NTkwNjExMDk0ODCCBJEGCSqGSIb3DQEHBqCCBIIwggR+AgEAMIIEdwYJKoZIhvcNAQcBMGYGCSqGSIb3DQEFDTBZMDgGCSqGSIb3DQEFDDArBBQ/M4g9elOi3WM8mi3Deg+B5Lr1lAICJxACASAwDAYIKoZIhvcNAgkFADAdBglghkgBZQMEASoEENklWtKBChyNY5cwTZd32k6AggQA96LcQDuXrt9hsgYiLVaVtkNaG+rg1hn52Fn0NnO/7O8hH0HEyr2WHkyo84haoVeLjbsJOAJBwzFOdR58lWVDUcpRigVNvIn9HstUJnPEK944khLANiopx+qc/zeyg30tvtJFUsF+w7dH4FSFKo7yDfDFp6ma+6Q+Av05nuDFUFVjau+di1OLV0ooO2rNSTtjDkm3camDUFIWiv2VMPliwFZZzHvQMrhsztJ/ES4B/y0yMA6NIVssJbTmlaag05LO1kzCGSFPLeRyOGi63MeY+EQkr6RhndoQNCy7C3WiPIUqgGk21GQi5130iuCkW+p0mIQ4rPzYzK+wiJbZP9e2iVp1fXVX6Ikn/CGfMOxyXjVhRbkUcMF4VHUhLFX0O6Myg9cpLxswKBCPj6/ZKOs84wZ1RtrOH7vquYIwM8Wb3BeU9WTzfNuF+APS4YDt2ZeCwM38CLSQivji6r9/jGW63ggKuoJ39GBlIUvrFEbmKJhYpgnX1g71KmjeifJoMCcVvcm8iCCuBennHm4Gn8je5Fyrny9mNz7fGG4sD37j7NQ/zjKqQreX4d+Vcg+QSsL35rSRqGguZmUqFak09YyvSI44MLj6euZF2MrTCYZmcjahcSuM7awZ+UmiCUT6IrDOviQJKsuLkQHYlQ4scb2U+JwvZJk8Fd2aqNgeNgw6of6cRwR4Rb88MAkQd0fHJKtYb2B5D8SxRgXfMDuJiKLdPQzXmeifY5KtaGrohJOqffizwGVVLwNpvgXZTh2WWNMu4L4KmenxB0ymDjsbT9IFSuwNHkX4dQE94p7l5eQGGKJD/UXgTx3gEgdeqvLSRAdqnZlVZDBVFpAvFk1FF/sZ4ZmMLJcwkUIonh9InC/qkRnPTgxtbWulcdGPQ3d6e52rYjcSlq66zF7xuvL2FqeL454BT7KdN+7CIQ+iEBeQ1eHR652tjatYvs/yxx5amB/+QuxrFo27TfcTp+tPejmM3qq7nYqXuFNkbfo1L5K3xFHMJS9H/8OOQKYvnL8EPA0QcuvlV8u4rIXMCYKbFtg7h3O98Z3F0RXL5o2+A1l04R+6HrbbiZF8x9GQ3W1IIwJgApOYBUlDqjADH5MNLPU6R2yL7G7RN7e1OOyKi97FEZjwxRYIlZ1TDN8OIdZ3GJFZfrwwpZvjeJv6qVLc6AbHPt7+wKwak/AfZQDp53FuWRdtxaSsY1HhEt2JhOqN9gI0OLQcSD6XxY7jp59irAO9XAFSFgUjqNBBHXpNCAhnmXDeMNfGOYqk30Kt3f+yhG+Eyc+PME+3YfGes+auRo+3yNSkEQeG78yPn1gHwaOWPBARiqlND1KsyXBBajEUpwTDIjOMEAoVlZxQTrGhKdiT2TBNMDEwDQYJYIZIAWUDBAIBBQAEIHJJx0a64e4OsPxy/HYrvXKYRYn1jtUCfz7kUzqUj3opBBSk6aL2431VuvKF9Qkl2Yugn+WGOwICJxA=" | base64 -d > app/release-keystore.jks
2025-12-18T18:44:00.3247797Z [36;1mecho "MIIKugIBAzCCCmQGCSqGSIb3DQEHAaCCClUEggpRMIIKTTCCBbQGCSqGSIb3DQEHAaCCBaUEggWhMIIFnTCCBZkGCyqGSIb3DQEMCgECoIIFQDCCBTwwZgYJKoZIhvcNAQUNMFkwOAYJKoZIhvcNAQUMMCsEFFkDvVyOy7KmtzbLZZqd0OguEWy+AgInEAIBIDAMBggqhkiG9w0CCQUAMB0GCWCGSAFlAwQBKgQQDzOVgSdu7y1sRUqymEmCuwSCBNBT1NGLZuJgLSKDkk+gtoU5iOUXyKDH3f1/4LgMrRh9eVM4gp5QS7+74tRu0VXQrOu6xIyoFIlw5x8GjtPpuYqYsvmg1GFT3/myUXTVGoIW05LXnn+eZvHVYPsbpp6VQ4mq+fJK5h39k9JtZIhwlfafnmue2DuSiAdlD9ywiRXQXeBrimHD5j6M0PPfIAw3k7Q6YfaOXupV/bx7Nji9a4jZHjDkiU1TaRmx2oVFojFeir69lTjvLYPtrVfFvhK90qZfLU5hGgm2zJozbqWlc++P47vbri5FJjIzwglTT/AIjgzqixHTQdg6x7oib1gBhrVzstDqpArpzAlheg4yA7g3CC2mijZkLBzyvyGqgRZMKxxSpNiV7tybtC3nEDDMAMjvTNke8c1TbqbXHUUS9pfznThjmL/qmXJou7y8Vjpfe7sjlpUAbuBIfOIPdg8/Yemzj2aXudrIYy4cCuZWRKYXSDmHYowKFFzJmFmRTI1uXX7btsFAQG9MsRXmpRln+tKhadnDo4uIbT2VonhaVYAmRlucx4I0NgCQWPwyAU8AP64KyaOocZpqVy6Lpbjdw2Wj/pd3BJyc1UexpFIs/gdtxD1tNE5gwd0fLzLtoNMkfho+y0S4/o4/j7/JcExCgMY85ax4HOjKRXJP/Xm6LGwuxveQRoNC30M+1HPL5q7uhTJhhTbPcDqyhYxmGLQ+nCKu8M3/UV5P5QLYDiXZ7JK63ujnQ5ZmxcDnTWBcJ0OtFrVbKbo77DL3aWJEjHSepqhcxJWg4ctP0NQ7Ufeqh4/PPVU/weVlN5Drza61GfMwZxg9ILdbRStUFkZ3TLOArhwkNBJVMiteqTnttx/5YXjKFkXAa7kjoOXnslg01li8XOAMJ0XTlJol+Tua6b4CdfOsZAeKU/NJUQx29RAE2JwjvNVT6whX3bFRuBr1lPHohT+cH56gAPT2tP5M8+JQE7hvXSdJKbJ9zNNjU1vNdQ3C9sD1HgFegTHWPlK8+23furyOlzqNhM/nh/NgFHPADZoZJVD7Xiil+OvBnhXWDMc9Hl5MfGXAyTqX85Ho/evMwnM5O0lt9o/uu8FH/U57whxVC23B3xMCzTRvFfqkYmv0qeKA5dtDo5wMFFffKT1aFLk4aqX4HQ+Rhwn3GLWdhr0JDvJDrkVTNeO9zrsO4VuQZVSUzF4bQwbpm/2z2q7K+2HS5EUhxdHYbS7CJFlMg+HKHens3v7ZIwXZGE6Oz2qZW5AIXrFw+M7fQxdTC2vWoPM3W7XFQjYYHG6MuIAujDRfhrHeB6TbSW9Ruz5Bz19yaQH6HaCjtxBesb+DMwAz9W6E5nD4acYJljKtVGd+AZK2/JXq6/e3N6JiUVsVh7h/3SjH6aOfb/rkHwmTjboIP3sfNs8N/mCl3GW8L5mnjWSgGcn2A4hrBo5ZcB5X3hZSvm2qzkze7t4acVGne81xTkrIFffpuj9ijmAzZPILGIhfMGAAl/Z2Q4CpXl+s0QLvQ/pJ5eJkjByusExBbh6hoKWxKZ7Kr0n2KsFANb3yOV5g1eZPO+xP+q89pRvu7jrPgCybvWJGnJglVI80+f5LoTdnLQu2oaTxav0ClAHbETcv6CPPcR10bU3MM3g/GsxH+Cin4F0fwDkdgtYcineljTFGMCEGCSqGSIb3DQEJFDEUHhIAYgBwAHQAcgBhAGMAawBlAHIwIQYJKoZIhvcNAQkVMRQEElRpbWUgMTc2NTkwNjExMDk0ODCCBJEGCSqGSIb3DQEHBqCCBIIwggR+AgEAMIIEdwYJKoZIhvcNAQcBMGYGCSqGSIb3DQEFDTBZMDgGCSqGSIb3DQEFDDArBBQ/M4g9elOi3WM8mi3Deg+B5Lr1lAICJxACASAwDAYIKoZIhvcNAgkFADAdBglghkgBZQMEASoEENklWtKBChyNY5cwTZd32k6AggQA96LcQDuXrt9hsgYiLVaVtkNaG+rg1hn52Fn0NnO/7O8hH0HEyr2WHkyo84haoVeLjbsJOAJBwzFOdR58lWVDUcpRigVNvIn9HstUJnPEK944khLANiopx+qc/zeyg30tvtJFUsF+w7dH4FSFKo7yDfDFp6ma+6Q+Av05nuDFUFVjau+di1OLV0ooO2rNSTtjDkm3camDUFIWiv2VMPliwFZZzHvQMrhsztJ/ES4B/y0yMA6NIVssJbTmlaag05LO1kzCGSFPLeRyOGi63MeY+EQkr6RhndoQNCy7C3WiPIUqgGk21GQi5130iuCkW+p0mIQ4rPzYzK+wiJbZP9e2iVp1fXVX6Ikn/CGfMOxyXjVhRbkUcMF4VHUhLFX0O6Myg9cpLxswKBCPj6/ZKOs84wZ1RtrOH7vquYIwM8Wb3BeU9WTzfNuF+APS4YDt2ZeCwM38CLSQivji6r9/jGW63ggKuoJ39GBlIUvrFEbmKJhYpgnX1g71KmjeifJoMCcVvcm8iCCuBennHm4Gn8je5Fyrny9mNz7fGG4sD37j7NQ/zjKqQreX4d+Vcg+QSsL35rSRqGguZmUqFak09YyvSI44MLj6euZF2MrTCYZmcjahcSuM7awZ+UmiCUT6IrDOviQJKsuLkQHYlQ4scb2U+JwvZJk8Fd2aqNgeNgw6of6cRwR4Rb88MAkQd0fHJKtYb2B5D8SxRgXfMDuJiKLdPQzXmeifY5KtaGrohJOqffizwGVVLwNpvgXZTh2WWNMu4L4KmenxB0ymDjsbT9IFSuwNHkX4dQE94p7l5eQGGKJD/UXgTx3gEgdeqvLSRAdqnZlVZDBVFpAvFk1FF/sZ4ZmMLJcwkUIonh9InC/qkRnPTgxtbWulcdGPQ3d6e52rYjcSlq66zF7xuvL2FqeL454BT7KdN+7CIQ+iEBeQ1eHR652tjatYvs/yxx5amB/+QuxrFo27TfcTp+tPejmM3qq7nYqXuFNkbfo1L5K3xFHMJS9H/8OOQKYvnL8EPA0QcuvlV8u4rIXMCYKbFtg7h3O98Z3F0RXL5o2+A1l04R+6HrbbiZF8x9GQ3W1IIwJgApOYBUlDqjADH5MNLPU6R2yL7G7RN7e1OOyKi97FEZjwxRYIlZ1TDN8OIdZ3GJFZfrwwpZvjeJv6qVLc6AbHPt7+wKwak/AfZQDp53FuWRdtxaSsY1HhEt2JhOqN9gI0OLQcSD6XxY7jp59irAO9XAFSFgUjqNBBHXpNCAhnmXDeMNfGOYqk30Kt3f+yhG+Eyc+PME+3YfGes+auRo+3yNSkEQeG78yPn1gHwaOWPBARiqlND1KsyXBBajEUpwTDIjOMEAoVlZxQTrGhKdiT2TBNMDEwDQYJYIZIAWUDBAIBBQAEIHJJx0a64e4OsPxy/HYrvXKYRYn1jtUCfz7kUzqUj3opBBSk6aL2431VuvKF9Qkl2Yugn+WGOwICJxA=" | base64 -d > app/release-keystore.jks[0m
2025-12-18T18:44:00.3296762Z shell: /usr/bin/bash -e {0}
2025-12-18T18:44:00.3297018Z env:
2025-12-18T18:44:00.3297301Z   JAVA_HOME: /opt/hostedtoolcache/Java_Temurin-Hotspot_jdk/17.0.17-10/x64
2025-12-18T18:44:00.3297762Z   JAVA_HOME_17_X64: /opt/hostedtoolcache/Java_Temurin-Hotspot_jdk/17.0.17-10/x64
2025-12-18T18:44:00.3298416Z ##[endgroup]
2025-12-18T18:44:00.3390371Z ##[group]Run ./gradlew assembleRelease
2025-12-18T18:44:00.3390703Z [36;1m./gradlew assembleRelease[0m
2025-12-18T18:44:00.3421097Z shell: /usr/bin/bash -e {0}
2025-12-18T18:44:00.3421313Z env:
2025-12-18T18:44:00.3421622Z   JAVA_HOME: /opt/hostedtoolcache/Java_Temurin-Hotspot_jdk/17.0.17-10/x64
2025-12-18T18:44:00.3422095Z   JAVA_HOME_17_X64: /opt/hostedtoolcache/Java_Temurin-Hotspot_jdk/17.0.17-10/x64
2025-12-18T18:44:00.3422439Z ##[endgroup]
2025-12-18T18:44:02.3570100Z Downloading https://services.gradle.org/distributions/gradle-8.2-bin.zip
2025-12-18T18:44:05.5757498Z ............10%............20%............30%.............40%............50%............60%............70%.............80%............90%............100%
2025-12-18T18:44:06.7918447Z 
2025-12-18T18:44:06.7920064Z Welcome to Gradle 8.2!
2025-12-18T18:44:06.7920441Z 
2025-12-18T18:44:06.7923123Z Here are the highlights of this release:
2025-12-18T18:44:06.7929413Z  - Kotlin DSL: new reference documentation, assignment syntax by default
2025-12-18T18:44:06.7930223Z  - Kotlin DSL is now the default with Gradle init
2025-12-18T18:44:06.7931438Z  - Improved suggestions to resolve errors in console output
2025-12-18T18:44:06.7931828Z 
2025-12-18T18:44:06.7932136Z For more details see https://docs.gradle.org/8.2/release-notes.html
2025-12-18T18:44:06.7932539Z 
2025-12-18T18:44:06.9884681Z Starting a Gradle Daemon (subsequent builds will be faster)
2025-12-18T18:46:04.6919074Z 
2025-12-18T18:46:04.6948930Z > Configure project :app
2025-12-18T18:46:04.6951825Z w: file:///home/runner/work/BP_Tracker/BP_Tracker/app/build.gradle.kts:67:9: Variable 'composeVersion' is never used
2025-12-18T18:46:07.4879765Z 
2025-12-18T18:46:07.4880797Z > Task :app:buildKotlinToolingMetadata
2025-12-18T18:46:07.4881654Z > Task :app:checkKotlinGradlePluginConfigurationErrors
2025-12-18T18:46:07.4883032Z > Task :app:preBuild UP-TO-DATE
2025-12-18T18:46:07.4886763Z > Task :app:preReleaseBuild UP-TO-DATE
2025-12-18T18:46:37.4880434Z > Task :app:checkReleaseAarMetadata
2025-12-18T18:47:26.1892112Z > Task :app:generateReleaseResValues
2025-12-18T18:47:26.2903704Z > Task :app:mapReleaseSourceSetPaths
2025-12-18T18:47:26.2918801Z > Task :app:generateReleaseResources
2025-12-18T18:47:29.7879296Z > Task :app:packageReleaseResources
2025-12-18T18:47:30.1879391Z > Task :app:mergeReleaseResources
2025-12-18T18:47:30.8897300Z > Task :app:createReleaseCompatibleScreenManifests
2025-12-18T18:47:30.8898145Z > Task :app:extractDeepLinksRelease
2025-12-18T18:47:31.0881242Z > Task :app:parseReleaseLocalResources
2025-12-18T18:47:31.3880965Z > Task :app:processReleaseMainManifest
2025-12-18T18:47:31.4879380Z > Task :app:processReleaseManifest
2025-12-18T18:47:42.7895107Z > Task :app:javaPreCompileRelease
2025-12-18T18:47:42.7901094Z > Task :app:extractProguardFiles
2025-12-18T18:47:42.7901546Z > Task :app:mergeReleaseJniLibFolders
2025-12-18T18:47:44.0924435Z > Task :app:mergeReleaseNativeLibs NO-SOURCE
2025-12-18T18:47:44.0925094Z > Task :app:stripReleaseDebugSymbols NO-SOURCE
2025-12-18T18:47:44.0940220Z > Task :app:extractReleaseNativeSymbolTables NO-SOURCE
2025-12-18T18:47:44.0940945Z > Task :app:mergeReleaseNativeDebugMetadata NO-SOURCE
2025-12-18T18:47:45.6880424Z > Task :app:checkReleaseDuplicateClasses
2025-12-18T18:47:45.6887854Z > Task :app:mergeReleaseArtProfile
2025-12-18T18:47:45.6907886Z > Task :app:mergeReleaseShaders
2025-12-18T18:47:45.6908562Z > Task :app:compileReleaseShaders NO-SOURCE
2025-12-18T18:47:45.6909082Z > Task :app:generateReleaseAssets UP-TO-DATE
2025-12-18T18:47:45.6909545Z > Task :app:mergeReleaseAssets
2025-12-18T18:47:45.7879901Z > Task :app:compressReleaseAssets
2025-12-18T18:47:45.8913674Z > Task :app:collectReleaseDependencies
2025-12-18T18:47:45.9914732Z > Task :app:sdkReleaseDependencyData
2025-12-18T18:47:46.0883423Z > Task :app:validateSigningRelease
2025-12-18T18:47:46.0916515Z > Task :app:writeReleaseAppMetadata
2025-12-18T18:47:46.0919128Z > Task :app:writeReleaseSigningConfigVersions
2025-12-18T18:47:46.0921966Z > Task :app:processReleaseManifestForPackage
2025-12-18T18:47:46.8879721Z > Task :app:processReleaseResources FAILED
2025-12-18T18:47:46.8888849Z 
2025-12-18T18:47:46.8891848Z FAILURE: Build failed with an exception.
2025-12-18T18:47:46.8892498Z 
2025-12-18T18:47:46.8893065Z * What went wrong:
2025-12-18T18:47:46.8893562Z Execution failed for task ':app:processReleaseResources'.
2025-12-18T18:47:46.8894708Z > A failure occurred while executing com.android.build.gradle.internal.res.LinkApplicationAndroidResourcesTask$TaskAction
2025-12-18T18:47:46.8895633Z    > Android resource linking failed
2025-12-18T18:47:46.8896800Z      ERROR: /home/runner/work/BP_Tracker/BP_Tracker/app/src/main/AndroidManifest.xml:32:5-87:19: AAPT: error: resource xml/backup_rules (aka com.bptracker:xml/backup_rules) not found.
2025-12-18T18:47:46.8898232Z          
2025-12-18T18:47:46.8898405Z 
2025-12-18T18:47:46.8898862Z * Try:
2025-12-18T18:47:46.8901365Z > Run with --stacktrace option to get the stack trace.
2025-12-18T18:47:46.8904369Z 27 actionable tasks: 27 executed
2025-12-18T18:47:46.8905127Z > Run with --info or --debug option to get more log output.
2025-12-18T18:47:46.8905668Z > Run with --scan to get full insights.
2025-12-18T18:47:46.8906136Z > Get more help at https://help.gradle.org.
2025-12-18T18:47:46.8906439Z 
2025-12-18T18:47:46.8906561Z BUILD FAILED in 3m 45s
2025-12-18T18:47:47.3131430Z ##[error]Process completed with exit code 1.
2025-12-18T18:47:47.3185690Z ##[group]Run rm -f app/release-keystore.jks
2025-12-18T18:47:47.3186022Z [36;1mrm -f app/release-keystore.jks[0m
2025-12-18T18:47:47.3217735Z shell: /usr/bin/bash -e {0}
2025-12-18T18:47:47.3218208Z env:
2025-12-18T18:47:47.3218507Z   JAVA_HOME: /opt/hostedtoolcache/Java_Temurin-Hotspot_jdk/17.0.17-10/x64
2025-12-18T18:47:47.3218985Z   JAVA_HOME_17_X64: /opt/hostedtoolcache/Java_Temurin-Hotspot_jdk/17.0.17-10/x64
2025-12-18T18:47:47.3219332Z ##[endgroup]
2025-12-18T18:47:47.3355100Z Post job cleanup.
2025-12-18T18:47:47.5089431Z Post job cleanup.
2025-12-18T18:47:47.6031461Z [command]/usr/bin/git version
2025-12-18T18:47:47.6076584Z git version 2.52.0
2025-12-18T18:47:47.6126841Z Temporarily overriding HOME='/home/runner/work/_temp/f668fccf-9de8-400a-b952-a9fc476c9519' before making global git config changes
2025-12-18T18:47:47.6128218Z Adding repository directory to the temporary git global config as a safe directory
2025-12-18T18:47:47.6140676Z [command]/usr/bin/git config --global --add safe.directory /home/runner/work/BP_Tracker/BP_Tracker
2025-12-18T18:47:47.6180465Z [command]/usr/bin/git config --local --name-only --get-regexp core\.sshCommand
2025-12-18T18:47:47.6216021Z [command]/usr/bin/git submodule foreach --recursive sh -c "git config --local --name-only --get-regexp 'core\.sshCommand' && git config --local --unset-all 'core.sshCommand' || :"
2025-12-18T18:47:47.6465776Z [command]/usr/bin/git config --local --name-only --get-regexp http\.https\:\/\/github\.com\/\.extraheader
2025-12-18T18:47:47.6489633Z http.https://github.com/.extraheader
2025-12-18T18:47:47.6503241Z [command]/usr/bin/git config --local --unset-all http.https://github.com/.extraheader
2025-12-18T18:47:47.6534807Z [command]/usr/bin/git submodule foreach --recursive sh -c "git config --local --name-only --get-regexp 'http\.https\:\/\/github\.com\/\.extraheader' && git config --local --unset-all 'http.https://github.com/.extraheader' || :"
2025-12-18T18:47:47.6763407Z [command]/usr/bin/git config --local --name-only --get-regexp ^includeIf\.gitdir:
2025-12-18T18:47:47.6793709Z [command]/usr/bin/git submodule foreach --recursive git config --local --show-origin --name-only --get-regexp remote.origin.url
2025-12-18T18:47:47.7119605Z Cleaning up orphan processes
2025-12-18T18:47:47.7389872Z Terminate orphan process: pid (2178) (java)
